Archive member included to satisfy reference by file (symbol)

C:/Users/kr84T/.pico-sdk/toolchain/14_2_Rel1/bin/../lib/gcc/arm-none-eabi/14.2.1/thumb/v8-m.main+fp/softfp\libm.a(libm_a-wf_sqrt.o)
                              CMakeFiles/rp2350_dev.dir/C_/Users/kr84T/.pico-sdk/sdk/2.1.1/src/rp2_common/pico_float/float_math.c.obj (sqrtf)
C:/Users/kr84T/.pico-sdk/toolchain/14_2_Rel1/bin/../lib/gcc/arm-none-eabi/14.2.1/thumb/v8-m.main+fp/softfp\libm.a(libm_a-ef_sqrt.o)
                              C:/Users/kr84T/.pico-sdk/toolchain/14_2_Rel1/bin/../lib/gcc/arm-none-eabi/14.2.1/thumb/v8-m.main+fp/softfp\libm.a(libm_a-wf_sqrt.o) (__ieee754_sqrtf)
C:/Users/kr84T/.pico-sdk/toolchain/14_2_Rel1/bin/../lib/gcc/arm-none-eabi/14.2.1/thumb/v8-m.main+fp/softfp\libgcc.a(_arm_addsubdf3.o)
                              CMakeFiles/rp2350_dev.dir/C_/Users/kr84T/.pico-sdk/sdk/2.1.1/src/rp2_common/pico_float/float_math.c.obj (__aeabi_f2d)
C:/Users/kr84T/.pico-sdk/toolchain/14_2_Rel1/bin/../lib/gcc/arm-none-eabi/14.2.1/thumb/v8-m.main+fp/softfp\libgcc.a(_aeabi_ldivmod.o)
                              CMakeFiles/rp2350_dev.dir/C_/Users/kr84T/.pico-sdk/sdk/2.1.1/src/common/pico_time/time.c.obj (__aeabi_ldivmod)
C:/Users/kr84T/.pico-sdk/toolchain/14_2_Rel1/bin/../lib/gcc/arm-none-eabi/14.2.1/thumb/v8-m.main+fp/softfp\libgcc.a(_aeabi_uldivmod.o)
                              CMakeFiles/rp2350_dev.dir/C_/Users/kr84T/.pico-sdk/sdk/2.1.1/src/rp2_common/hardware_clocks/clocks.c.obj (__aeabi_uldivmod)
C:/Users/kr84T/.pico-sdk/toolchain/14_2_Rel1/bin/../lib/gcc/arm-none-eabi/14.2.1/thumb/v8-m.main+fp/softfp\libgcc.a(_udivmoddi4.o)
                              C:/Users/kr84T/.pico-sdk/toolchain/14_2_Rel1/bin/../lib/gcc/arm-none-eabi/14.2.1/thumb/v8-m.main+fp/softfp\libgcc.a(_aeabi_ldivmod.o) (__udivmoddi4)
C:/Users/kr84T/.pico-sdk/toolchain/14_2_Rel1/bin/../lib/gcc/arm-none-eabi/14.2.1/thumb/v8-m.main+fp/softfp\libgcc.a(_dvmd_tls.o)
                              C:/Users/kr84T/.pico-sdk/toolchain/14_2_Rel1/bin/../lib/gcc/arm-none-eabi/14.2.1/thumb/v8-m.main+fp/softfp\libgcc.a(_aeabi_ldivmod.o) (__aeabi_ldiv0)
C:/Users/kr84T/.pico-sdk/toolchain/14_2_Rel1/bin/../lib/gcc/arm-none-eabi/14.2.1/thumb/v8-m.main+fp/softfp\libg.a(libc_a-atoi.o)
                              CMakeFiles/rp2350_dev.dir/dbg_com.c.obj (atoi)
C:/Users/kr84T/.pico-sdk/toolchain/14_2_Rel1/bin/../lib/gcc/arm-none-eabi/14.2.1/thumb/v8-m.main+fp/softfp\libg.a(libc_a-calloc.o)
                              CMakeFiles/rp2350_dev.dir/C_/Users/kr84T/.pico-sdk/sdk/2.1.1/src/rp2_common/pico_malloc/malloc.c.obj (calloc)
C:/Users/kr84T/.pico-sdk/toolchain/14_2_Rel1/bin/../lib/gcc/arm-none-eabi/14.2.1/thumb/v8-m.main+fp/softfp\libg.a(libc_a-callocr.o)
                              C:/Users/kr84T/.pico-sdk/toolchain/14_2_Rel1/bin/../lib/gcc/arm-none-eabi/14.2.1/thumb/v8-m.main+fp/softfp\libg.a(libc_a-calloc.o) (_calloc_r)
C:/Users/kr84T/.pico-sdk/toolchain/14_2_Rel1/bin/../lib/gcc/arm-none-eabi/14.2.1/thumb/v8-m.main+fp/softfp\libg.a(libc_a-malloc.o)
                              CMakeFiles/rp2350_dev.dir/C_/Users/kr84T/.pico-sdk/sdk/2.1.1/src/rp2_common/pico_malloc/malloc.c.obj (malloc)
C:/Users/kr84T/.pico-sdk/toolchain/14_2_Rel1/bin/../lib/gcc/arm-none-eabi/14.2.1/thumb/v8-m.main+fp/softfp\libg.a(libc_a-mallocr.o)
                              C:/Users/kr84T/.pico-sdk/toolchain/14_2_Rel1/bin/../lib/gcc/arm-none-eabi/14.2.1/thumb/v8-m.main+fp/softfp\libg.a(libc_a-callocr.o) (_malloc_r)
C:/Users/kr84T/.pico-sdk/toolchain/14_2_Rel1/bin/../lib/gcc/arm-none-eabi/14.2.1/thumb/v8-m.main+fp/softfp\libg.a(libc_a-mlock.o)
                              C:/Users/kr84T/.pico-sdk/toolchain/14_2_Rel1/bin/../lib/gcc/arm-none-eabi/14.2.1/thumb/v8-m.main+fp/softfp\libg.a(libc_a-mallocr.o) (__malloc_lock)
C:/Users/kr84T/.pico-sdk/toolchain/14_2_Rel1/bin/../lib/gcc/arm-none-eabi/14.2.1/thumb/v8-m.main+fp/softfp\libg.a(libc_a-realloc.o)
                              CMakeFiles/rp2350_dev.dir/C_/Users/kr84T/.pico-sdk/sdk/2.1.1/src/rp2_common/pico_malloc/malloc.c.obj (realloc)
C:/Users/kr84T/.pico-sdk/toolchain/14_2_Rel1/bin/../lib/gcc/arm-none-eabi/14.2.1/thumb/v8-m.main+fp/softfp\libg.a(libc_a-reallocr.o)
                              C:/Users/kr84T/.pico-sdk/toolchain/14_2_Rel1/bin/../lib/gcc/arm-none-eabi/14.2.1/thumb/v8-m.main+fp/softfp\libg.a(libc_a-realloc.o) (_realloc_r)
C:/Users/kr84T/.pico-sdk/toolchain/14_2_Rel1/bin/../lib/gcc/arm-none-eabi/14.2.1/thumb/v8-m.main+fp/softfp\libg.a(libc_a-strtol.o)
                              C:/Users/kr84T/.pico-sdk/toolchain/14_2_Rel1/bin/../lib/gcc/arm-none-eabi/14.2.1/thumb/v8-m.main+fp/softfp\libg.a(libc_a-atoi.o) (_strtol_r)
C:/Users/kr84T/.pico-sdk/toolchain/14_2_Rel1/bin/../lib/gcc/arm-none-eabi/14.2.1/thumb/v8-m.main+fp/softfp\libg.a(libc_a-ctype_.o)
[...]
Memory Configuration

Name             Origin             Length             Attributes
FLASH            0x10000000         0x00400000         xr
RAM              0x20000000         0x00080000         xrw
SCRATCH_X        0x20080000         0x00001000         xrw
SCRATCH_Y        0x20081000         0x00001000         xrw
*default*        0x00000000         0xffffffff

Linker script and memory map

LOAD C:/Users/kr84T/.pico-sdk/toolchain/14_2_Rel1/bin/../lib/gcc/arm-none-eabi/14.2.1/thumb/v8-m.main+fp/softfp/crti.o
LOAD C:/Users/kr84T/.pico-sdk/toolchain/14_2_Rel1/bin/../lib/gcc/arm-none-eabi/14.2.1/thumb/v8-m.main+fp/softfp/crtbegin.o
LOAD C:/Users/kr84T/.pico-sdk/toolchain/14_2_Rel1/bin/../lib/gcc/arm-none-eabi/14.2.1/thumb/v8-m.main+fp/softfp/crt0.o

.flash_begin    0x10000000        0x0
                0x10000000                        __flash_binary_start = .

.text           0x10000000     0xe708
                0x10000000                        __logical_binary_start = .
 *(.vectors)
 .vectors       0x10000000      0x124 CMakeFiles/rp2350_dev.dir/C_/Users/kr84T/.pico-sdk/sdk/2.1.1/src/rp2_common/pico_crt0/crt0.S.obj
                0x10000000                __VECTOR_TABLE
                0x10000000                __vectors
                0x10000110                __default_isrs_start
                0x10000110                isr_invalid
                0x10000112                isr_nmi
                0x10000114                isr_hardfault
                0x10000116                isr_svcall
                0x10000118                isr_pendsv
                0x1000011a                isr_systick
                0x1000011c                isr_irq31
                0x1000011c                isr_irq5
                0x1000011c                isr_irq11
                0x1000011c                isr_irq32
                0x1000011c                isr_irq23
                0x1000011c                isr_irq48
                0x1000011c                isr_irq35
                0x1000011c                isr_irq18
                0x1000011c                isr_irq50
                0x1000011c                isr_irq27
                0x1000011c                isr_irq40
                0x1000011c                isr_irq28
                0x1000011c                isr_irq19
                0x1000011c                isr_irq36
                0x1000011c                isr_irq41
                0x1000011c                isr_irq0
                0x1000011c                isr_irq6
                0x1000011c                isr_irq45
                0x1000011c                isr_irq12
                0x1000011c                isr_irq37
                0x1000011c                isr_irq42
                0x1000011c                isr_irq22
                0x1000011c                isr_irq43
                0x1000011c                isr_irq17
                0x1000011c                isr_irq38
                0x1000011c                isr_irq14
                0x1000011c                isr_irq13
                0x1000011c                isr_irq2
                0x1000011c                isr_irq10
                0x1000011c                isr_irq8
                0x1000011c                isr_irq24
                0x1000011c                isr_irq46
                0x1000011c                isr_irq1
                0x1000011c                isr_irq47
                0x1000011c                isr_irq51
                0x1000011c                isr_irq7
                0x1000011c                isr_irq21
                0x1000011c                isr_irq39
                0x1000011c                isr_irq20
                0x1000011c                isr_irq15
                0x1000011c                isr_irq25
                0x1000011c                isr_irq34
                0x1000011c                isr_irq49
                0x1000011c                __unhandled_user_irq
                0x1000011c                isr_irq4
                0x1000011c                isr_irq16
                0x1000011c                isr_irq44
                0x1000011c                isr_irq29
                0x1000011c                isr_irq26
                0x1000011c                __default_isrs_end
                0x1000011c                isr_irq33
                0x1000011c                isr_irq3
                0x1000011c                isr_irq30
                0x1000011c                isr_irq9
                0x10000122                unhandled_user_irq_num_in_r0
 *(.binary_info_header)
 .binary_info_header
                0x10000124       0x14 CMakeFiles/rp2350_dev.dir/C_/Users/kr84T/.pico-sdk/sdk/2.1.1/src/rp2_common/pico_crt0/crt0.S.obj
                0x10000138                        __binary_info_header_end = .
 *(.embedded_block)
 .embedded_block
                0x10000138       0x14 CMakeFiles/rp2350_dev.dir/C_/Users/kr84T/.pico-sdk/sdk/2.1.1/src/rp2_common/pico_crt0/crt0.S.obj
                0x1000014c                        __embedded_block_end = .
 *(.reset)
 .reset         0x1000014c       0xa0 CMakeFiles/rp2350_dev.dir/C_/Users/kr84T/.pico-sdk/sdk/2.1.1/src/rp2_common/pico_crt0/crt0.S.obj
                0x1000014c                _entry_point
 *(.init)
 .init          0x100001ec        0x4 C:/Users/kr84T/.pico-sdk/toolchain/14_2_Rel1/bin/../lib/gcc/arm-none-eabi/14.2.1/thumb/v8-m.main+fp/softfp/crti.o
                0x100001ec                _init
 SORT_BY_NAME(REVERSE(*libgcc.a:cmse_nonsecure_call.o))()
 *(EXCLUDE_FILE(*libm.a: *libc.a:*lib_a-mem*.o *libgcc.a:) .text*)
 .text.register_tm_clones
                0x100001f0       0x28 C:/Users/kr84T/.pico-sdk/toolchain/14_2_Rel1/bin/../lib/gcc/arm-none-eabi/14.2.1/thumb/v8-m.main+fp/softfp/crtbegin.o
 .text.frame_dummy
                0x10000218       0x24 C:/Users/kr84T/.pico-sdk/toolchain/14_2_Rel1/bin/../lib/gcc/arm-none-eabi/14.2.1/thumb/v8-m.main+fp/softfp/crtbegin.o
 .text.alarm_callback
                0x1000023c        0x8 CMakeFiles/rp2350_dev.dir/rp2350_dev.c.obj
                0x1000023c                alarm_callback
 .text.core_1_main
                0x10000244        0x4 CMakeFiles/rp2350_dev.dir/rp2350_dev.c.obj
                0x10000244                core_1_main
 .text.blink_program_init
                0x10000248       0x90 CMakeFiles/rp2350_dev.dir/rp2350_dev.c.obj
                0x10000248                blink_program_init
 .text.blink_pin_forever
                0x100002d8       0x3c CMakeFiles/rp2350_dev.dir/rp2350_dev.c.obj
                0x100002d8                blink_pin_forever
 .text.startup.main
                0x10000314      0x210 CMakeFiles/rp2350_dev.dir/rp2350_dev.c.obj
                0x10000314                main
 .text.int_add_test
                0x10000524       0x2c CMakeFiles/rp2350_dev.dir/app_main.c.obj
                0x10000524                int_add_test
 .text.int_sub_test
                0x10000550       0x34 CMakeFiles/rp2350_dev.dir/app_main.c.obj
                0x10000550                int_sub_test
 .text.int_mul_test
                0x10000584       0x2c CMakeFiles/rp2350_dev.dir/app_main.c.obj
                0x10000584                int_mul_test
 .text.int_div_test
                0x100005b0       0x2c CMakeFiles/rp2350_dev.dir/app_main.c.obj
                0x100005b0                int_div_test
 .text.float_add_test
                0x100005dc       0x40 CMakeFiles/rp2350_dev.dir/app_main.c.obj
                0x100005dc                float_add_test
 .text.float_sub_test
                0x1000061c       0x44 CMakeFiles/rp2350_dev.dir/app_main.c.obj
                0x1000061c                float_sub_test
 .text.float_mul_test
                0x10000660       0x3c CMakeFiles/rp2350_dev.dir/app_main.c.obj
                0x10000660                float_mul_test
 .text.float_div_test
                0x1000069c       0x3c CMakeFiles/rp2350_dev.dir/app_main.c.obj
                0x1000069c                float_div_test
 .text.double_add_test
                0x100006d8       0x58 CMakeFiles/rp2350_dev.dir/app_main.c.obj
                0x100006d8                double_add_test
 .text.double_sub_test
                0x10000730       0x58 CMakeFiles/rp2350_dev.dir/app_main.c.obj
                0x10000730                double_sub_test
 .text.double_mul_test
                0x10000788       0x48 CMakeFiles/rp2350_dev.dir/app_main.c.obj
                0x10000788                double_mul_test
 .text.double_div_test
                0x100007d0       0x48 CMakeFiles/rp2350_dev.dir/app_main.c.obj
                0x100007d0                double_div_test
 .text.trig_functions_test
                0x10000818       0x60 CMakeFiles/rp2350_dev.dir/app_main.c.obj
                0x10000818                trig_functions_test
 .text.atan2_test
                0x10000878       0x2c CMakeFiles/rp2350_dev.dir/app_main.c.obj
                0x10000878                atan2_test
 *fill*         0x100008a4        0x4 
 .text.tan_355_226_test
                0x100008a8       0x18 CMakeFiles/rp2350_dev.dir/app_main.c.obj
                0x100008a8                tan_355_226_test
 .text.inverse_sqrt_test
                0x100008c0       0x54 CMakeFiles/rp2350_dev.dir/app_main.c.obj
                0x100008c0                inverse_sqrt_test
 *fill*         0x10000914        0x4 
 .text.calculate_pi_gauss_legendre
                0x10000918      0x148 CMakeFiles/rp2350_dev.dir/app_main.c.obj
                0x10000918                calculate_pi_gauss_legendre
 .text.i2c_slave_scan
                0x10000a60       0xe8 CMakeFiles/rp2350_dev.dir/app_main.c.obj
                0x10000a60                i2c_slave_scan
 .text.measure_execution_time
                0x10000b48       0x34 CMakeFiles/rp2350_dev.dir/app_main.c.obj
                0x10000b48                measure_execution_time
 .text.app_core_0_main
                0x10000b7c        0x8 CMakeFiles/rp2350_dev.dir/app_main.c.obj
                0x10000b7c                app_core_0_main
 .text.app_core_1_main
                0x10000b84       0x60 CMakeFiles/rp2350_dev.dir/app_main.c.obj
                0x10000b84                app_core_1_main
 .text.timer_callback
                0x10000be4      0x160 CMakeFiles/rp2350_dev.dir/dbg_com.c.obj
 .text.dbg_com_init
                0x10000d44      0x140 CMakeFiles/rp2350_dev.dir/dbg_com.c.obj
                0x10000d44                dbg_com_init
 *fill*         0x10000e84        0x4 
 .text.dbg_com_process
                0x10000e88      0xb5c CMakeFiles/rp2350_dev.dir/dbg_com.c.obj
                0x10000e88                dbg_com_process
 .text.gpio_set_function
                0x100019e4       0x3c CMakeFiles/rp2350_dev.dir/C_/Users/kr84T/.pico-sdk/sdk/2.1.1/src/rp2_common/hardware_gpio/gpio.c.obj
                0x100019e4                gpio_set_function
 .text.gpio_set_pulls
                0x10001a20       0x28 CMakeFiles/rp2350_dev.dir/C_/Users/kr84T/.pico-sdk/sdk/2.1.1/src/rp2_common/hardware_gpio/gpio.c.obj
                0x10001a20                gpio_set_pulls
 .text.gpio_init
                0x10001a48       0x48 CMakeFiles/rp2350_dev.dir/C_/Users/kr84T/.pico-sdk/sdk/2.1.1/src/rp2_common/hardware_gpio/gpio.c.obj
                0x10001a48                gpio_init
 .text.panic    0x10001a90       0x30 CMakeFiles/rp2350_dev.dir/C_/Users/kr84T/.pico-sdk/sdk/2.1.1/src/rp2_common/pico_platform_panic/panic.c.obj
                0x10001a90                panic
 .text.hw_claim_lock
                0x10001ac0       0x24 CMakeFiles/rp2350_dev.dir/C_/Users/kr84T/.pico-sdk/sdk/2.1.1/src/common/hardware_claim/claim.c.obj
                0x10001ac0                hw_claim_lock
 .text.hw_claim_unlock
                0x10001ae4       0x14 CMakeFiles/rp2350_dev.dir/C_/Users/kr84T/.pico-sdk/sdk/2.1.1/src/common/hardware_claim/claim.c.obj
                0x10001ae4                hw_claim_unlock
 .text.hw_claim_or_assert
                0x10001af8       0x58 CMakeFiles/rp2350_dev.dir/C_/Users/kr84T/.pico-sdk/sdk/2.1.1/src/common/hardware_claim/claim.c.obj
                0x10001af8                hw_claim_or_assert
 .text.hw_claim_unused_from_range
                0x10001b50       0x80 CMakeFiles/rp2350_dev.dir/C_/Users/kr84T/.pico-sdk/sdk/2.1.1/src/common/hardware_claim/claim.c.obj
                0x10001b50                hw_claim_unused_from_range
 .text.next_striped_spin_lock_num
                0x10001bd0       0x18 CMakeFiles/rp2350_dev.dir/C_/Users/kr84T/.pico-sdk/sdk/2.1.1/src/rp2_common/hardware_sync/sync.c.obj
                0x10001bd0                next_striped_spin_lock_num
 .text.spin_lock_claim_unused
                0x10001be8       0x20 CMakeFiles/rp2350_dev.dir/C_/Users/kr84T/.pico-sdk/sdk/2.1.1/src/rp2_common/hardware_sync/sync.c.obj
                0x10001be8                spin_lock_claim_unused
 .text.spinlock_set_extexclall
                0x10001c08       0x10 CMakeFiles/rp2350_dev.dir/C_/Users/kr84T/.pico-sdk/sdk/2.1.1/src/rp2_common/hardware_sync_spin_lock/sync_spin_lock.c.obj
 .text.spin_locks_reset
                0x10001c18       0x18 CMakeFiles/rp2350_dev.dir/C_/Users/kr84T/.pico-sdk/sdk/2.1.1/src/rp2_common/hardware_sync_spin_lock/sync_spin_lock.c.obj
                0x10001c18                spin_locks_reset
 .text.runtime_init_per_core_irq_priorities
                0x10001c30       0x40 CMakeFiles/rp2350_dev.dir/C_/Users/kr84T/.pico-sdk/sdk/2.1.1/src/rp2_common/hardware_irq/irq.c.obj
                0x10001c30                runtime_init_per_core_irq_priorities
 .text.irq_set_enabled
                0x10001c70       0x2c CMakeFiles/rp2350_dev.dir/C_/Users/kr84T/.pico-sdk/sdk/2.1.1/src/rp2_common/hardware_irq/irq.c.obj
                0x10001c70                irq_set_enabled
 .text.irq_is_enabled
                0x10001c9c       0x20 CMakeFiles/rp2350_dev.dir/C_/Users/kr84T/.pico-sdk/sdk/2.1.1/src/rp2_common/hardware_irq/irq.c.obj
                0x10001c9c                irq_is_enabled
 .text.irq_set_pending
                0x10001cbc       0x18 CMakeFiles/rp2350_dev.dir/C_/Users/kr84T/.pico-sdk/sdk/2.1.1/src/rp2_common/hardware_irq/irq.c.obj
                0x10001cbc                irq_set_pending
 .text.irq_has_shared_handler
                0x10001cd4       0x20 CMakeFiles/rp2350_dev.dir/C_/Users/kr84T/.pico-sdk/sdk/2.1.1/src/rp2_common/hardware_irq/irq.c.obj
                0x10001cd4                irq_has_shared_handler
 .text.irq_set_exclusive_handler
                0x10001cf4       0x60 CMakeFiles/rp2350_dev.dir/C_/Users/kr84T/.pico-sdk/sdk/2.1.1/src/rp2_common/hardware_irq/irq.c.obj
                0x10001cf4                irq_set_exclusive_handler
 .text.irq_add_shared_handler
                0x10001d54      0x1e8 CMakeFiles/rp2350_dev.dir/C_/Users/kr84T/.pico-sdk/sdk/2.1.1/src/rp2_common/hardware_irq/irq.c.obj
                0x10001d54                irq_add_shared_handler
 .text.irq_add_tail_to_free_list
                0x10001f3c       0xbc CMakeFiles/rp2350_dev.dir/C_/Users/kr84T/.pico-sdk/sdk/2.1.1/src/rp2_common/hardware_irq/irq.c.obj
                0x10001f3c                irq_add_tail_to_free_list
 .text.user_irq_claim_unused
                0x10001ff8       0x28 CMakeFiles/rp2350_dev.dir/C_/Users/kr84T/.pico-sdk/sdk/2.1.1/src/rp2_common/hardware_irq/irq.c.obj
                0x10001ff8                user_irq_claim_unused
 .text.lock_init
                0x10002020        0xc CMakeFiles/rp2350_dev.dir/C_/Users/kr84T/.pico-sdk/sdk/2.1.1/src/common/pico_sync/lock_core.c.obj
                0x10002020                lock_init
 .text.runtime_init_mutex
                0x1000202c       0x4c CMakeFiles/rp2350_dev.dir/C_/Users/kr84T/.pico-sdk/sdk/2.1.1/src/common/pico_sync/mutex.c.obj
                0x1000202c                runtime_init_mutex
 .text.mutex_init
                0x10002078       0x1c CMakeFiles/rp2350_dev.dir/C_/Users/kr84T/.pico-sdk/sdk/2.1.1/src/common/pico_sync/mutex.c.obj
                0x10002078                mutex_init
 .text.critical_section_init
                0x10002094       0x1c CMakeFiles/rp2350_dev.dir/C_/Users/kr84T/.pico-sdk/sdk/2.1.1/src/common/pico_sync/critical_section.c.obj
                0x10002094                critical_section_init
 .text.critical_section_init_with_lock_num
                0x100020b0       0x10 CMakeFiles/rp2350_dev.dir/C_/Users/kr84T/.pico-sdk/sdk/2.1.1/src/common/pico_sync/critical_section.c.obj
                0x100020b0                critical_section_init_with_lock_num
 .text.sleep_until_callback
                0x100020c0       0x3c CMakeFiles/rp2350_dev.dir/C_/Users/kr84T/.pico-sdk/sdk/2.1.1/src/common/pico_time/time.c.obj
 *fill*         0x100020fc        0x4 
 .text.alarm_pool_irq_handler
                0x10002100      0x2f0 CMakeFiles/rp2350_dev.dir/C_/Users/kr84T/.pico-sdk/sdk/2.1.1/src/common/pico_time/time.c.obj
 .text.runtime_init_default_alarm_pool
                0x100023f0      0x100 CMakeFiles/rp2350_dev.dir/C_/Users/kr84T/.pico-sdk/sdk/2.1.1/src/common/pico_time/time.c.obj
                0x100023f0                runtime_init_default_alarm_pool
 .text.alarm_pool_get_default
                0x100024f0        0x8 CMakeFiles/rp2350_dev.dir/C_/Users/kr84T/.pico-sdk/sdk/2.1.1/src/common/pico_time/time.c.obj
                0x100024f0                alarm_pool_get_default
 .text.alarm_pool_add_alarm_at
                0x100024f8       0xdc CMakeFiles/rp2350_dev.dir/C_/Users/kr84T/.pico-sdk/sdk/2.1.1/src/common/pico_time/time.c.obj
                0x100024f8                alarm_pool_add_alarm_at
 .text.alarm_pool_add_alarm_at_force_in_context
                0x100025d4       0xc8 CMakeFiles/rp2350_dev.dir/C_/Users/kr84T/.pico-sdk/sdk/2.1.1/src/common/pico_time/time.c.obj
                0x100025d4                alarm_pool_add_alarm_at_force_in_context
 .text.alarm_pool_cancel_alarm
                0x1000269c       0x80 CMakeFiles/rp2350_dev.dir/C_/Users/kr84T/.pico-sdk/sdk/2.1.1/src/common/pico_time/time.c.obj
                0x1000269c                alarm_pool_cancel_alarm
 .text.alarm_pool_core_num
                0x1000271c        0x4 CMakeFiles/rp2350_dev.dir/C_/Users/kr84T/.pico-sdk/sdk/2.1.1/src/common/pico_time/time.c.obj
                0x1000271c                alarm_pool_core_num
 .text.best_effort_wfe_or_timeout
                0x10002720       0xd4 CMakeFiles/rp2350_dev.dir/C_/Users/kr84T/.pico-sdk/sdk/2.1.1/src/common/pico_time/time.c.obj
                0x10002720                best_effort_wfe_or_timeout
 .text.timer_hardware_alarm_claim
                0x100027f4       0x24 CMakeFiles/rp2350_dev.dir/C_/Users/kr84T/.pico-sdk/sdk/2.1.1/src/rp2_common/hardware_timer/timer.c.obj
                0x100027f4                timer_hardware_alarm_claim
 .text.timer_time_us_64
                0x10002818       0x10 CMakeFiles/rp2350_dev.dir/C_/Users/kr84T/.pico-sdk/sdk/2.1.1/src/rp2_common/hardware_timer/timer.c.obj
                0x10002818                timer_time_us_64
 .text.time_us_64
                0x10002828       0x14 CMakeFiles/rp2350_dev.dir/C_/Users/kr84T/.pico-sdk/sdk/2.1.1/src/rp2_common/hardware_timer/timer.c.obj
                0x10002828                time_us_64
 .text.busy_wait_us
                0x1000283c       0x5c CMakeFiles/rp2350_dev.dir/C_/Users/kr84T/.pico-sdk/sdk/2.1.1/src/rp2_common/hardware_timer/timer.c.obj
                0x1000283c                busy_wait_us
 .text.uart_init
                0x10002898      0x104 CMakeFiles/rp2350_dev.dir/C_/Users/kr84T/.pico-sdk/sdk/2.1.1/src/rp2_common/hardware_uart/uart.c.obj
                0x10002898                uart_init
 .text.clock_configure_undivided
                0x1000299c       0xd0 CMakeFiles/rp2350_dev.dir/C_/Users/kr84T/.pico-sdk/sdk/2.1.1/src/rp2_common/hardware_clocks/clocks.c.obj
                0x1000299c                clock_configure_undivided
 .text.clock_get_hz
                0x10002a6c        0xc CMakeFiles/rp2350_dev.dir/C_/Users/kr84T/.pico-sdk/sdk/2.1.1/src/rp2_common/hardware_clocks/clocks.c.obj
                0x10002a6c                clock_get_hz
 .text.pll_init
                0x10002a78       0x8c CMakeFiles/rp2350_dev.dir/C_/Users/kr84T/.pico-sdk/sdk/2.1.1/src/rp2_common/hardware_pll/pll.c.obj
                0x10002a78                pll_init
 .text.watchdog_reboot
                0x10002b04       0x98 CMakeFiles/rp2350_dev.dir/C_/Users/kr84T/.pico-sdk/sdk/2.1.1/src/rp2_common/hardware_watchdog/watchdog.c.obj
                0x10002b04                watchdog_reboot
 .text.tick_start
                0x10002b9c       0x18 CMakeFiles/rp2350_dev.dir/C_/Users/kr84T/.pico-sdk/sdk/2.1.1/src/rp2_common/hardware_ticks/ticks.c.obj
                0x10002b9c                tick_start
 .text.rom_reboot.constprop.0.isra.0
                0x10002bb4       0x34 CMakeFiles/rp2350_dev.dir/C_/Users/kr84T/.pico-sdk/sdk/2.1.1/src/rp2_common/pico_bootrom/bootrom.c.obj
 .text.rom_func_lookup
                0x10002be8       0x18 CMakeFiles/rp2350_dev.dir/C_/Users/kr84T/.pico-sdk/sdk/2.1.1/src/rp2_common/pico_bootrom/bootrom.c.obj
                0x10002be8                rom_func_lookup
 .text.rom_reset_usb_boot_extra
                0x10002c00       0x1c CMakeFiles/rp2350_dev.dir/C_/Users/kr84T/.pico-sdk/sdk/2.1.1/src/rp2_common/pico_bootrom/bootrom.c.obj
                0x10002c00                rom_reset_usb_boot_extra
 .text.runtime_init_bootrom_locking_enable
                0x10002c1c       0x14 CMakeFiles/rp2350_dev.dir/C_/Users/kr84T/.pico-sdk/sdk/2.1.1/src/rp2_common/pico_bootrom/bootrom_lock.c.obj
                0x10002c1c                runtime_init_bootrom_locking_enable
 .text.runtime_init_boot_locks_reset
                0x10002c30       0x1c CMakeFiles/rp2350_dev.dir/C_/Users/kr84T/.pico-sdk/sdk/2.1.1/src/rp2_common/hardware_boot_lock/boot_lock.c.obj
                0x10002c30                runtime_init_boot_locks_reset
 .text.xosc_init
                0x10002c4c       0x30 CMakeFiles/rp2350_dev.dir/C_/Users/kr84T/.pico-sdk/sdk/2.1.1/src/rp2_common/hardware_xosc/xosc.c.obj
                0x10002c4c                xosc_init
 .text.first_per_core_initializer
                0x10002c7c        0x4 CMakeFiles/rp2350_dev.dir/C_/Users/kr84T/.pico-sdk/sdk/2.1.1/src/rp2_common/pico_runtime/runtime.c.obj
 .text.hard_assertion_failure
                0x10002c80        0xc CMakeFiles/rp2350_dev.dir/C_/Users/kr84T/.pico-sdk/sdk/2.1.1/src/rp2_common/pico_runtime/runtime.c.obj
                0x10002c80                hard_assertion_failure
 .text.runtime_run_initializers
                0x10002c8c       0x20 CMakeFiles/rp2350_dev.dir/C_/Users/kr84T/.pico-sdk/sdk/2.1.1/src/rp2_common/pico_runtime/runtime.c.obj
                0x10002c8c                runtime_run_initializers
 .text.runtime_run_per_core_initializers
                0x10002cac       0x20 CMakeFiles/rp2350_dev.dir/C_/Users/kr84T/.pico-sdk/sdk/2.1.1/src/rp2_common/pico_runtime/runtime.c.obj
                0x10002cac                runtime_run_per_core_initializers
 .text.runtime_init_early_resets
                0x10002ccc       0x34 CMakeFiles/rp2350_dev.dir/C_/Users/kr84T/.pico-sdk/sdk/2.1.1/src/rp2_common/pico_runtime_init/runtime_init.c.obj
                0x10002ccc                runtime_init_early_resets
 .text.runtime_init_usb_power_down
                0x10002d00       0x1c CMakeFiles/rp2350_dev.dir/C_/Users/kr84T/.pico-sdk/sdk/2.1.1/src/rp2_common/pico_runtime_init/runtime_init.c.obj
                0x10002d00                runtime_init_usb_power_down
 .text.runtime_init_per_core_enable_coprocessors
                0x10002d1c       0x1c CMakeFiles/rp2350_dev.dir/C_/Users/kr84T/.pico-sdk/sdk/2.1.1/src/rp2_common/pico_runtime_init/runtime_init.c.obj
                0x10002d1c                runtime_init_per_core_enable_coprocessors
 .text.runtime_init_post_clock_resets
                0x10002d38       0x20 CMakeFiles/rp2350_dev.dir/C_/Users/kr84T/.pico-sdk/sdk/2.1.1/src/rp2_common/pico_runtime_init/runtime_init.c.obj
                0x10002d38                runtime_init_post_clock_resets
 .text.runtime_init_bootrom_reset
                0x10002d58       0x14 CMakeFiles/rp2350_dev.dir/C_/Users/kr84T/.pico-sdk/sdk/2.1.1/src/rp2_common/pico_runtime_init/runtime_init.c.obj
                0x10002d58                runtime_init_bootrom_reset
 .text.runtime_init_per_core_bootrom_reset
                0x10002d6c       0x14 CMakeFiles/rp2350_dev.dir/C_/Users/kr84T/.pico-sdk/sdk/2.1.1/src/rp2_common/pico_runtime_init/runtime_init.c.obj
                0x10002d6c                runtime_init_per_core_bootrom_reset
 .text.runtime_init_spin_locks_reset
                0x10002d80        0x4 CMakeFiles/rp2350_dev.dir/C_/Users/kr84T/.pico-sdk/sdk/2.1.1/src/rp2_common/pico_runtime_init/runtime_init.c.obj
                0x10002d80                runtime_init_spin_locks_reset
 .text.runtime_init_install_ram_vector_table
                0x10002d84       0x20 CMakeFiles/rp2350_dev.dir/C_/Users/kr84T/.pico-sdk/sdk/2.1.1/src/rp2_common/pico_runtime_init/runtime_init.c.obj
                0x10002d84                runtime_init_install_ram_vector_table
 .text.runtime_init_clocks
                0x10002da4       0xdc CMakeFiles/rp2350_dev.dir/C_/Users/kr84T/.pico-sdk/sdk/2.1.1/src/rp2_common/pico_runtime_init/runtime_init_clocks.c.obj
                0x10002da4                runtime_init_clocks
 .text.__rp2350_dcp_engaged_state_save_restore
                0x10002e80       0x3a CMakeFiles/rp2350_dev.dir/C_/Users/kr84T/.pico-sdk/sdk/2.1.1/src/rp2_common/pico_double/double_aeabi_dcp.S.obj
 *fill*         0x10002eba        0x2 
 .text.__wrap___aeabi_dadd
                0x10002ebc       0x28 CMakeFiles/rp2350_dev.dir/C_/Users/kr84T/.pico-sdk/sdk/2.1.1/src/rp2_common/pico_double/double_aeabi_dcp.S.obj
                0x10002ec4                __wrap___aeabi_dadd
 .text.__wrap___aeabi_dsub
                0x10002ee4       0x28 CMakeFiles/rp2350_dev.dir/C_/Users/kr84T/.pico-sdk/sdk/2.1.1/src/rp2_common/pico_double/double_aeabi_dcp.S.obj
                0x10002eec                __wrap___aeabi_dsub
 .text.__wrap___aeabi_dmul
                0x10002f0c       0x4c CMakeFiles/rp2350_dev.dir/C_/Users/kr84T/.pico-sdk/sdk/2.1.1/src/rp2_common/pico_double/double_aeabi_dcp.S.obj
                0x10002f14                __wrap___aeabi_dmul
 .text.__wrap___aeabi_ddiv
                0x10002f58       0x9c CMakeFiles/rp2350_dev.dir/C_/Users/kr84T/.pico-sdk/sdk/2.1.1/src/rp2_common/pico_double/double_aeabi_dcp.S.obj
                0x10002f60                __wrap___aeabi_ddiv
 .text.__wrap_sqrt
                0x10002ff4       0x98 CMakeFiles/rp2350_dev.dir/C_/Users/kr84T/.pico-sdk/sdk/2.1.1/src/rp2_common/pico_double/double_aeabi_dcp.S.obj
                0x10002ffc                __wrap_sqrt
 .text.__wrap___aeabi_d2f
                0x1000308c       0x1c CMakeFiles/rp2350_dev.dir/C_/Users/kr84T/.pico-sdk/sdk/2.1.1/src/rp2_common/pico_double/double_aeabi_dcp.S.obj
                0x10003094                __wrap___aeabi_d2f
                0x10003094                double2float
 .text.__wrap___aeabi_i2d
                0x100030a8       0x24 CMakeFiles/rp2350_dev.dir/C_/Users/kr84T/.pico-sdk/sdk/2.1.1/src/rp2_common/pico_double/double_aeabi_dcp.S.obj
                0x100030b0                int2double
                0x100030b0                __wrap___aeabi_i2d
 .text.__wrap___aeabi_ui2d
                0x100030cc       0x24 CMakeFiles/rp2350_dev.dir/C_/Users/kr84T/.pico-sdk/sdk/2.1.1/src/rp2_common/pico_double/double_aeabi_dcp.S.obj
                0x100030d4                uint2double
                0x100030d4                __wrap___aeabi_ui2d
 .text.__wrap___aeabi_d2iz
                0x100030f0       0x24 CMakeFiles/rp2350_dev.dir/C_/Users/kr84T/.pico-sdk/sdk/2.1.1/src/rp2_common/pico_double/double_aeabi_dcp.S.obj
                0x100030f8                double2int_z
                0x100030f8                __wrap___aeabi_d2iz
 .text.__wrap___aeabi_d2uiz
                0x10003114       0x24 CMakeFiles/rp2350_dev.dir/C_/Users/kr84T/.pico-sdk/sdk/2.1.1/src/rp2_common/pico_double/double_aeabi_dcp.S.obj
                0x1000311c                double2uint
                0x1000311c                __wrap___aeabi_d2uiz
                0x1000311c                double2uint_z
 .text.__wrap___aeabi_dcmpun
                0x10003138       0x24 CMakeFiles/rp2350_dev.dir/C_/Users/kr84T/.pico-sdk/sdk/2.1.1/src/rp2_common/pico_double/double_aeabi_dcp.S.obj
                0x10003140                __wrap___aeabi_dcmpun
 .text.__wrap___aeabi_dcmpeq
                0x1000315c       0x24 CMakeFiles/rp2350_dev.dir/C_/Users/kr84T/.pico-sdk/sdk/2.1.1/src/rp2_common/pico_double/double_aeabi_dcp.S.obj
                0x10003164                __wrap___aeabi_dcmpeq
 .text.__wrap___aeabi_dcmplt
                0x10003180       0x28 CMakeFiles/rp2350_dev.dir/C_/Users/kr84T/.pico-sdk/sdk/2.1.1/src/rp2_common/pico_double/double_aeabi_dcp.S.obj
                0x10003188                __wrap___aeabi_dcmplt
 .text.__wrap___aeabi_dcmple
                0x100031a8       0x28 CMakeFiles/rp2350_dev.dir/C_/Users/kr84T/.pico-sdk/sdk/2.1.1/src/rp2_common/pico_double/double_aeabi_dcp.S.obj
                0x100031b0                __wrap___aeabi_dcmple
 .text.__wrap___aeabi_dcmpge
                0x100031d0       0x28 CMakeFiles/rp2350_dev.dir/C_/Users/kr84T/.pico-sdk/sdk/2.1.1/src/rp2_common/pico_double/double_aeabi_dcp.S.obj
                0x100031d8                __wrap___aeabi_dcmpge
 .text.__wrap___aeabi_dcmpgt
                0x100031f8       0x28 CMakeFiles/rp2350_dev.dir/C_/Users/kr84T/.pico-sdk/sdk/2.1.1/src/rp2_common/pico_double/double_aeabi_dcp.S.obj
                0x10003200                __wrap___aeabi_dcmpgt
 .text.rtwopi   0x10003220       0xa0 CMakeFiles/rp2350_dev.dir/C_/Users/kr84T/.pico-sdk/sdk/2.1.1/src/rp2_common/pico_double/double_sci_m33.S.obj
                0x10003224                rtwopi
 .text.drrcore  0x100032c0       0x64 CMakeFiles/rp2350_dev.dir/C_/Users/kr84T/.pico-sdk/sdk/2.1.1/src/rp2_common/pico_double/double_sci_m33.S.obj
 .text.__wrap_tan
                0x10003324        0xc CMakeFiles/rp2350_dev.dir/C_/Users/kr84T/.pico-sdk/sdk/2.1.1/src/rp2_common/pico_double/double_sci_m33.S.obj
                0x10003324                __wrap_tan
 .text.__wrap_sin_cos
                0x10003330      0x434 CMakeFiles/rp2350_dev.dir/C_/Users/kr84T/.pico-sdk/sdk/2.1.1/src/rp2_common/pico_double/double_sci_m33.S.obj
                0x100034c4                __wrap_sincos
                0x100034e0                __wrap_sin
                0x100034ea                __wrap_cos
 .text.dpack    0x10003764       0x58 CMakeFiles/rp2350_dev.dir/C_/Users/kr84T/.pico-sdk/sdk/2.1.1/src/rp2_common/pico_double/double_sci_m33.S.obj
 .text.trigtab  0x100037bc      0x200 CMakeFiles/rp2350_dev.dir/C_/Users/kr84T/.pico-sdk/sdk/2.1.1/src/rp2_common/pico_double/double_sci_m33.S.obj
                0x100037bc                trigtab
 .text.__wrap_atan2
                0x100039bc      0x320 CMakeFiles/rp2350_dev.dir/C_/Users/kr84T/.pico-sdk/sdk/2.1.1/src/rp2_common/pico_double/double_sci_m33.S.obj
                0x10003ac4                __wrap_atan2
 .text.__wrap_conv_tod
                0x10003cdc      0x20c CMakeFiles/rp2350_dev.dir/C_/Users/kr84T/.pico-sdk/sdk/2.1.1/src/rp2_common/pico_double/double_conv_m33.S.obj
                0x10003cdc                __wrap___aeabi_l2d
                0x10003cdc                int642double
                0x10003cde                fix642double
                0x10003d82                __wrap___aeabi_ul2d
                0x10003d82                uint642double
                0x10003d84                ufix642double
                0x10003e18                fix2double
                0x10003e88                ufix2double
 .text.__wrap_conv_dtoi64_z
                0x10003ee8       0xa0 CMakeFiles/rp2350_dev.dir/C_/Users/kr84T/.pico-sdk/sdk/2.1.1/src/rp2_common/pico_double/double_conv_m33.S.obj
                0x10003ee8                __wrap___aeabi_d2lz
                0x10003ee8                double2int64_z
                0x10003eea                double2fix64_z
 .text.__wrap_malloc
                0x10003f88       0x38 CMakeFiles/rp2350_dev.dir/C_/Users/kr84T/.pico-sdk/sdk/2.1.1/src/rp2_common/pico_malloc/malloc.c.obj
                0x10003f88                __wrap_malloc
 .text.__wrap_realloc
                0x10003fc0       0x3c CMakeFiles/rp2350_dev.dir/C_/Users/kr84T/.pico-sdk/sdk/2.1.1/src/rp2_common/pico_malloc/malloc.c.obj
                0x10003fc0                __wrap_realloc
 .text.__wrap_free
                0x10003ffc       0x20 CMakeFiles/rp2350_dev.dir/C_/Users/kr84T/.pico-sdk/sdk/2.1.1/src/rp2_common/pico_malloc/malloc.c.obj
                0x10003ffc                __wrap_free
 .text._out_buffer
                0x1000401c        0x8 CMakeFiles/rp2350_dev.dir/C_/Users/kr84T/.pico-sdk/sdk/2.1.1/src/rp2_common/pico_printf/printf.c.obj
 .text._out_null
                0x10004024        0x4 CMakeFiles/rp2350_dev.dir/C_/Users/kr84T/.pico-sdk/sdk/2.1.1/src/rp2_common/pico_printf/printf.c.obj
 .text._out_rev
                0x10004028       0x9c CMakeFiles/rp2350_dev.dir/C_/Users/kr84T/.pico-sdk/sdk/2.1.1/src/rp2_common/pico_printf/printf.c.obj
 .text._ntoa_format
                0x100040c4      0x1d4 CMakeFiles/rp2350_dev.dir/C_/Users/kr84T/.pico-sdk/sdk/2.1.1/src/rp2_common/pico_printf/printf.c.obj
 .text._out_char
                0x10004298        0x8 CMakeFiles/rp2350_dev.dir/C_/Users/kr84T/.pico-sdk/sdk/2.1.1/src/rp2_common/pico_printf/printf.c.obj
 .text._out_fct
                0x100042a0        0xc CMakeFiles/rp2350_dev.dir/C_/Users/kr84T/.pico-sdk/sdk/2.1.1/src/rp2_common/pico_printf/printf.c.obj
 *fill*         0x100042ac        0x4 
 .text._ftoa    0x100042b0      0x4bc CMakeFiles/rp2350_dev.dir/C_/Users/kr84T/.pico-sdk/sdk/2.1.1/src/rp2_common/pico_printf/printf.c.obj
 *fill*         0x1000476c        0x4 
 .text._etoa    0x10004770      0x574 CMakeFiles/rp2350_dev.dir/C_/Users/kr84T/.pico-sdk/sdk/2.1.1/src/rp2_common/pico_printf/printf.c.obj
 .text._vsnprintf
                0x10004ce4      0x9e4 CMakeFiles/rp2350_dev.dir/C_/Users/kr84T/.pico-sdk/sdk/2.1.1/src/rp2_common/pico_printf/printf.c.obj
 .text.__wrap_sprintf
                0x100056c8       0x2c CMakeFiles/rp2350_dev.dir/C_/Users/kr84T/.pico-sdk/sdk/2.1.1/src/rp2_common/pico_printf/printf.c.obj
                0x100056c8                __wrap_sprintf
 .text.vfctprintf
                0x100056f4       0x28 CMakeFiles/rp2350_dev.dir/C_/Users/kr84T/.pico-sdk/sdk/2.1.1/src/rp2_common/pico_printf/printf.c.obj
                0x100056f4                vfctprintf
 .text.weak_raw_printf
                0x1000571c       0x48 CMakeFiles/rp2350_dev.dir/C_/Users/kr84T/.pico-sdk/sdk/2.1.1/src/rp2_common/pico_printf/printf.c.obj
                0x1000571c                weak_raw_printf
 .text.weak_raw_vprintf
                0x10005764       0x30 CMakeFiles/rp2350_dev.dir/C_/Users/kr84T/.pico-sdk/sdk/2.1.1/src/rp2_common/pico_printf/printf.c.obj
                0x10005764                weak_raw_vprintf
 .text._exit    0x10005794        0x4 CMakeFiles/rp2350_dev.dir/C_/Users/kr84T/.pico-sdk/sdk/2.1.1/src/rp2_common/pico_clib_interface/newlib_interface.c.obj
                0x10005794                _exit
 .text._sbrk    0x10005798       0x2c CMakeFiles/rp2350_dev.dir/C_/Users/kr84T/.pico-sdk/sdk/2.1.1/src/rp2_common/pico_clib_interface/newlib_interface.c.obj
                0x10005798                _sbrk
 .text.exit     0x100057c4        0x8 CMakeFiles/rp2350_dev.dir/C_/Users/kr84T/.pico-sdk/sdk/2.1.1/src/rp2_common/pico_clib_interface/newlib_interface.c.obj
                0x100057c4                exit
 .text.__assert_func
                0x100057cc       0x34 CMakeFiles/rp2350_dev.dir/C_/Users/kr84T/.pico-sdk/sdk/2.1.1/src/rp2_common/pico_clib_interface/newlib_interface.c.obj
                0x100057cc                __assert_func
 .text.runtime_init
                0x10005800       0x24 CMakeFiles/rp2350_dev.dir/C_/Users/kr84T/.pico-sdk/sdk/2.1.1/src/rp2_common/pico_clib_interface/newlib_interface.c.obj
                0x10005800                runtime_init
 .text.stdio_out_chars_no_crlf
                0x10005824        0x8 CMakeFiles/rp2350_dev.dir/C_/Users/kr84T/.pico-sdk/sdk/2.1.1/src/rp2_common/pico_stdio/stdio.c.obj
 .text.stdio_out_chars_crlf
                0x1000582c       0xb0 CMakeFiles/rp2350_dev.dir/C_/Users/kr84T/.pico-sdk/sdk/2.1.1/src/rp2_common/pico_stdio/stdio.c.obj
 .text.stdio_buffered_printer
                0x100058dc       0x60 CMakeFiles/rp2350_dev.dir/C_/Users/kr84T/.pico-sdk/sdk/2.1.1/src/rp2_common/pico_stdio/stdio.c.obj
 .text.stdio_put_string
                0x1000593c       0xec CMakeFiles/rp2350_dev.dir/C_/Users/kr84T/.pico-sdk/sdk/2.1.1/src/rp2_common/pico_stdio/stdio.c.obj
                0x1000593c                stdio_put_string
 .text.stdio_set_driver_enabled
                0x10005a28       0x28 CMakeFiles/rp2350_dev.dir/C_/Users/kr84T/.pico-sdk/sdk/2.1.1/src/rp2_common/pico_stdio/stdio.c.obj
                0x10005a28                stdio_set_driver_enabled
 .text.stdio_init_all
                0x10005a50        0x4 CMakeFiles/rp2350_dev.dir/C_/Users/kr84T/.pico-sdk/sdk/2.1.1/src/rp2_common/pico_stdio/stdio.c.obj
                0x10005a50                stdio_init_all
 .text.__wrap_getchar
                0x10005a54       0x70 CMakeFiles/rp2350_dev.dir/C_/Users/kr84T/.pico-sdk/sdk/2.1.1/src/rp2_common/pico_stdio/stdio.c.obj
                0x10005a54                stdio_getchar
                0x10005a54                __wrap_getchar
 .text.__wrap_putchar
                0x10005ac4       0x84 CMakeFiles/rp2350_dev.dir/C_/Users/kr84T/.pico-sdk/sdk/2.1.1/src/rp2_common/pico_stdio/stdio.c.obj
                0x10005ac4                __wrap_putchar
                0x10005ac4                stdio_putchar
 .text.__wrap_puts
                0x10005b48       0x3c CMakeFiles/rp2350_dev.dir/C_/Users/kr84T/.pico-sdk/sdk/2.1.1/src/rp2_common/pico_stdio/stdio.c.obj
                0x10005b48                stdio_puts
                0x10005b48                __wrap_puts
 .text.__wrap_vprintf
                0x10005b84       0xc4 CMakeFiles/rp2350_dev.dir/C_/Users/kr84T/.pico-sdk/sdk/2.1.1/src/rp2_common/pico_stdio/stdio.c.obj
                0x10005b84                stdio_vprintf
                0x10005b84                __wrap_vprintf
 .text.__wrap_printf
                0x10005c48       0x1c CMakeFiles/rp2350_dev.dir/C_/Users/kr84T/.pico-sdk/sdk/2.1.1/src/rp2_common/pico_stdio/stdio.c.obj
                0x10005c48                __wrap_printf
                0x10005c48                stdio_printf
 .text.resetd_init
                0x10005c64        0x4 CMakeFiles/rp2350_dev.dir/C_/Users/kr84T/.pico-sdk/sdk/2.1.1/src/rp2_common/pico_stdio_usb/reset_interface.c.obj
 .text.resetd_reset
                0x10005c68        0xc CMakeFiles/rp2350_dev.dir/C_/Users/kr84T/.pico-sdk/sdk/2.1.1/src/rp2_common/pico_stdio_usb/reset_interface.c.obj
 .text.resetd_open
                0x10005c74       0x28 CMakeFiles/rp2350_dev.dir/C_/Users/kr84T/.pico-sdk/sdk/2.1.1/src/rp2_common/pico_stdio_usb/reset_interface.c.obj
 .text.resetd_xfer_cb
                0x10005c9c        0x4 CMakeFiles/rp2350_dev.dir/C_/Users/kr84T/.pico-sdk/sdk/2.1.1/src/rp2_common/pico_stdio_usb/reset_interface.c.obj
 .text.resetd_control_xfer_cb
                0x10005ca0       0x50 CMakeFiles/rp2350_dev.dir/C_/Users/kr84T/.pico-sdk/sdk/2.1.1/src/rp2_common/pico_stdio_usb/reset_interface.c.obj
 .text.tud_descriptor_bos_cb
                0x10005cf0        0x8 CMakeFiles/rp2350_dev.dir/C_/Users/kr84T/.pico-sdk/sdk/2.1.1/src/rp2_common/pico_stdio_usb/reset_interface.c.obj
                0x10005cf0                tud_descriptor_bos_cb
 .text.tud_vendor_control_xfer_cb
                0x10005cf8       0x28 CMakeFiles/rp2350_dev.dir/C_/Users/kr84T/.pico-sdk/sdk/2.1.1/src/rp2_common/pico_stdio_usb/reset_interface.c.obj
                0x10005cf8                tud_vendor_control_xfer_cb
 .text.usbd_app_driver_get_cb
                0x10005d20       0x10 CMakeFiles/rp2350_dev.dir/C_/Users/kr84T/.pico-sdk/sdk/2.1.1/src/rp2_common/pico_stdio_usb/reset_interface.c.obj
                0x10005d20                usbd_app_driver_get_cb
 .text.tud_cdc_line_coding_cb
                0x10005d30       0x18 CMakeFiles/rp2350_dev.dir/C_/Users/kr84T/.pico-sdk/sdk/2.1.1/src/rp2_common/pico_stdio_usb/reset_interface.c.obj
                0x10005d30                tud_cdc_line_coding_cb
 .text.stdio_usb_set_chars_available_callback
                0x10005d48       0x14 CMakeFiles/rp2350_dev.dir/C_/Users/kr84T/.pico-sdk/sdk/2.1.1/src/rp2_common/pico_stdio_usb/stdio_usb.c.obj
                0x10005d48                stdio_usb_set_chars_available_callback
 .text.timer_task
                0x10005d5c       0x70 CMakeFiles/rp2350_dev.dir/C_/Users/kr84T/.pico-sdk/sdk/2.1.1/src/rp2_common/pico_stdio_usb/stdio_usb.c.obj
 .text.usb_irq  0x10005dcc        0xc CMakeFiles/rp2350_dev.dir/C_/Users/kr84T/.pico-sdk/sdk/2.1.1/src/rp2_common/pico_stdio_usb/stdio_usb.c.obj
 .text.stdio_usb_in_chars
                0x10005dd8       0x88 CMakeFiles/rp2350_dev.dir/C_/Users/kr84T/.pico-sdk/sdk/2.1.1/src/rp2_common/pico_stdio_usb/stdio_usb.c.obj
                0x10005dd8                stdio_usb_in_chars
 .text.stdio_usb_out_flush
                0x10005e60       0x54 CMakeFiles/rp2350_dev.dir/C_/Users/kr84T/.pico-sdk/sdk/2.1.1/src/rp2_common/pico_stdio_usb/stdio_usb.c.obj
 .text.stdio_usb_out_chars
                0x10005eb4       0xf4 CMakeFiles/rp2350_dev.dir/C_/Users/kr84T/.pico-sdk/sdk/2.1.1/src/rp2_common/pico_stdio_usb/stdio_usb.c.obj
 .text.low_priority_worker_irq
                0x10005fa8       0xd8 CMakeFiles/rp2350_dev.dir/C_/Users/kr84T/.pico-sdk/sdk/2.1.1/src/rp2_common/pico_stdio_usb/stdio_usb.c.obj
 .text.stdio_usb_init
                0x10006080       0xe8 CMakeFiles/rp2350_dev.dir/C_/Users/kr84T/.pico-sdk/sdk/2.1.1/src/rp2_common/pico_stdio_usb/stdio_usb.c.obj
                0x10006080                stdio_usb_init
 .text.tud_descriptor_device_cb
                0x10006168        0x8 CMakeFiles/rp2350_dev.dir/C_/Users/kr84T/.pico-sdk/sdk/2.1.1/src/rp2_common/pico_stdio_usb/stdio_usb_descriptors.c.obj
                0x10006168                tud_descriptor_device_cb
 .text.tud_descriptor_configuration_cb
                0x10006170        0x8 CMakeFiles/rp2350_dev.dir/C_/Users/kr84T/.pico-sdk/sdk/2.1.1/src/rp2_common/pico_stdio_usb/stdio_usb_descriptors.c.obj
                0x10006170                tud_descriptor_configuration_cb
 .text.tud_descriptor_string_cb
                0x10006178       0x70 CMakeFiles/rp2350_dev.dir/C_/Users/kr84T/.pico-sdk/sdk/2.1.1/src/rp2_common/pico_stdio_usb/stdio_usb_descriptors.c.obj
                0x10006178                tud_descriptor_string_cb
 .text.startup._retrieve_unique_id_on_boot
                0x100061e8       0x30 CMakeFiles/rp2350_dev.dir/C_/Users/kr84T/.pico-sdk/sdk/2.1.1/src/rp2_common/pico_unique_id/unique_id.c.obj
 .text.pico_get_unique_board_id_string
                0x10006218      0x184 CMakeFiles/rp2350_dev.dir/C_/Users/kr84T/.pico-sdk/sdk/2.1.1/src/rp2_common/pico_unique_id/unique_id.c.obj
                0x10006218                pico_get_unique_board_id_string
 .text.dcd_init
                0x1000639c       0x8c CMakeFiles/rp2350_dev.dir/C_/Users/kr84T/.pico-sdk/sdk/2.1.1/lib/tinyusb/src/portable/raspberrypi/rp2040/dcd_rp2040.c.obj
                0x1000639c                dcd_init
 .text.dcd_int_enable
                0x10006428        0x8 CMakeFiles/rp2350_dev.dir/C_/Users/kr84T/.pico-sdk/sdk/2.1.1/lib/tinyusb/src/portable/raspberrypi/rp2040/dcd_rp2040.c.obj
                0x10006428                dcd_int_enable
 .text.dcd_set_address
                0x10006430       0x10 CMakeFiles/rp2350_dev.dir/C_/Users/kr84T/.pico-sdk/sdk/2.1.1/lib/tinyusb/src/portable/raspberrypi/rp2040/dcd_rp2040.c.obj
                0x10006430                dcd_set_address
 .text.dcd_sof_enable
                0x10006440       0x1c CMakeFiles/rp2350_dev.dir/C_/Users/kr84T/.pico-sdk/sdk/2.1.1/lib/tinyusb/src/portable/raspberrypi/rp2040/dcd_rp2040.c.obj
                0x10006440                dcd_sof_enable
 .text.dcd_edpt0_status_complete
                0x1000645c       0x1c CMakeFiles/rp2350_dev.dir/C_/Users/kr84T/.pico-sdk/sdk/2.1.1/lib/tinyusb/src/portable/raspberrypi/rp2040/dcd_rp2040.c.obj
                0x1000645c                dcd_edpt0_status_complete
 .text.dcd_edpt_open
                0x10006478      0x104 CMakeFiles/rp2350_dev.dir/C_/Users/kr84T/.pico-sdk/sdk/2.1.1/lib/tinyusb/src/portable/raspberrypi/rp2040/dcd_rp2040.c.obj
                0x10006478                dcd_edpt_open
 .text.dcd_edpt_close_all
                0x1000657c        0x4 CMakeFiles/rp2350_dev.dir/C_/Users/kr84T/.pico-sdk/sdk/2.1.1/lib/tinyusb/src/portable/raspberrypi/rp2040/dcd_rp2040.c.obj
                0x1000657c                dcd_edpt_close_all
 .text.dcd_edpt_xfer
                0x10006580       0x28 CMakeFiles/rp2350_dev.dir/C_/Users/kr84T/.pico-sdk/sdk/2.1.1/lib/tinyusb/src/portable/raspberrypi/rp2040/dcd_rp2040.c.obj
                0x10006580                dcd_edpt_xfer
 .text.dcd_edpt_stall
                0x100065a8       0x30 CMakeFiles/rp2350_dev.dir/C_/Users/kr84T/.pico-sdk/sdk/2.1.1/lib/tinyusb/src/portable/raspberrypi/rp2040/dcd_rp2040.c.obj
                0x100065a8                dcd_edpt_stall
 .text.dcd_edpt_clear_stall
                0x100065d8       0x24 CMakeFiles/rp2350_dev.dir/C_/Users/kr84T/.pico-sdk/sdk/2.1.1/lib/tinyusb/src/portable/raspberrypi/rp2040/dcd_rp2040.c.obj
                0x100065d8                dcd_edpt_clear_stall
 .text.rp2040_usb_init
                0x100065fc       0x40 CMakeFiles/rp2350_dev.dir/C_/Users/kr84T/.pico-sdk/sdk/2.1.1/lib/tinyusb/src/portable/raspberrypi/rp2040/rp2040_usb.c.obj
                0x100065fc                rp2040_usb_init
 .text.hw_endpoint_xfer_start
                0x1000663c       0x40 CMakeFiles/rp2350_dev.dir/C_/Users/kr84T/.pico-sdk/sdk/2.1.1/lib/tinyusb/src/portable/raspberrypi/rp2040/rp2040_usb.c.obj
                0x1000663c                hw_endpoint_xfer_start
 .text.configuration_reset
                0x1000667c       0x8c CMakeFiles/rp2350_dev.dir/C_/Users/kr84T/.pico-sdk/sdk/2.1.1/lib/tinyusb/src/device/usbd.c.obj
 .text.tud_event_hook_cb
                0x10006708        0x4 CMakeFiles/rp2350_dev.dir/C_/Users/kr84T/.pico-sdk/sdk/2.1.1/lib/tinyusb/src/device/usbd.c.obj
                0x10006708                tud_event_hook_cb
 .text.tud_sof_cb
                0x1000670c        0x4 CMakeFiles/rp2350_dev.dir/C_/Users/kr84T/.pico-sdk/sdk/2.1.1/lib/tinyusb/src/device/usbd.c.obj
                0x1000670c                tud_sof_cb
 .text.tud_descriptor_device_qualifier_cb
                0x10006710        0x4 CMakeFiles/rp2350_dev.dir/C_/Users/kr84T/.pico-sdk/sdk/2.1.1/lib/tinyusb/src/device/usbd.c.obj
                0x10006710                tud_descriptor_device_qualifier_cb
 .text.tud_descriptor_other_speed_configuration_cb
                0x10006714        0x4 CMakeFiles/rp2350_dev.dir/C_/Users/kr84T/.pico-sdk/sdk/2.1.1/lib/tinyusb/src/device/usbd.c.obj
                0x10006714                tud_descriptor_other_speed_configuration_cb
 .text.tud_mount_cb
                0x10006718        0x4 CMakeFiles/rp2350_dev.dir/C_/Users/kr84T/.pico-sdk/sdk/2.1.1/lib/tinyusb/src/device/usbd.c.obj
                0x10006718                tud_mount_cb
 .text.tud_umount_cb
                0x1000671c        0x4 CMakeFiles/rp2350_dev.dir/C_/Users/kr84T/.pico-sdk/sdk/2.1.1/lib/tinyusb/src/device/usbd.c.obj
                0x1000671c                tud_umount_cb
 .text.tud_suspend_cb
                0x10006720        0x4 CMakeFiles/rp2350_dev.dir/C_/Users/kr84T/.pico-sdk/sdk/2.1.1/lib/tinyusb/src/device/usbd.c.obj
                0x10006720                tud_suspend_cb
 .text.tud_resume_cb
                0x10006724        0x4 CMakeFiles/rp2350_dev.dir/C_/Users/kr84T/.pico-sdk/sdk/2.1.1/lib/tinyusb/src/device/usbd.c.obj
                0x10006724                tud_resume_cb
 .text.tud_mounted
                0x10006728       0x10 CMakeFiles/rp2350_dev.dir/C_/Users/kr84T/.pico-sdk/sdk/2.1.1/lib/tinyusb/src/device/usbd.c.obj
                0x10006728                tud_mounted
 .text.tud_suspended
                0x10006738       0x10 CMakeFiles/rp2350_dev.dir/C_/Users/kr84T/.pico-sdk/sdk/2.1.1/lib/tinyusb/src/device/usbd.c.obj
                0x10006738                tud_suspended
 .text.tud_rhport_init
                0x10006748       0xf4 CMakeFiles/rp2350_dev.dir/C_/Users/kr84T/.pico-sdk/sdk/2.1.1/lib/tinyusb/src/device/usbd.c.obj
                0x10006748                tud_rhport_init
 .text.tud_task_ext
                0x1000683c      0x784 CMakeFiles/rp2350_dev.dir/C_/Users/kr84T/.pico-sdk/sdk/2.1.1/lib/tinyusb/src/device/usbd.c.obj
                0x1000683c                tud_task_ext
 .text.usbd_open_edpt_pair
                0x10006fc0       0x9c CMakeFiles/rp2350_dev.dir/C_/Users/kr84T/.pico-sdk/sdk/2.1.1/lib/tinyusb/src/device/usbd.c.obj
                0x10006fc0                usbd_open_edpt_pair
 .text.usbd_edpt_open
                0x1000705c       0x44 CMakeFiles/rp2350_dev.dir/C_/Users/kr84T/.pico-sdk/sdk/2.1.1/lib/tinyusb/src/device/usbd.c.obj
                0x1000705c                usbd_edpt_open
 .text.usbd_edpt_claim
                0x100070a0       0x24 CMakeFiles/rp2350_dev.dir/C_/Users/kr84T/.pico-sdk/sdk/2.1.1/lib/tinyusb/src/device/usbd.c.obj
                0x100070a0                usbd_edpt_claim
 .text.usbd_edpt_release
                0x100070c4       0x24 CMakeFiles/rp2350_dev.dir/C_/Users/kr84T/.pico-sdk/sdk/2.1.1/lib/tinyusb/src/device/usbd.c.obj
                0x100070c4                usbd_edpt_release
 .text.usbd_edpt_xfer
                0x100070e8       0x70 CMakeFiles/rp2350_dev.dir/C_/Users/kr84T/.pico-sdk/sdk/2.1.1/lib/tinyusb/src/device/usbd.c.obj
                0x100070e8                usbd_edpt_xfer
 .text.tud_control_status
                0x10007158       0x34 CMakeFiles/rp2350_dev.dir/C_/Users/kr84T/.pico-sdk/sdk/2.1.1/lib/tinyusb/src/device/usbd_control.c.obj
                0x10007158                tud_control_status
 .text.tud_control_xfer
                0x1000718c       0xb0 CMakeFiles/rp2350_dev.dir/C_/Users/kr84T/.pico-sdk/sdk/2.1.1/lib/tinyusb/src/device/usbd_control.c.obj
                0x1000718c                tud_control_xfer
 .text.usbd_control_reset
                0x1000723c       0x14 CMakeFiles/rp2350_dev.dir/C_/Users/kr84T/.pico-sdk/sdk/2.1.1/lib/tinyusb/src/device/usbd_control.c.obj
                0x1000723c                usbd_control_reset
 .text.usbd_control_set_complete_callback
                0x10007250        0xc CMakeFiles/rp2350_dev.dir/C_/Users/kr84T/.pico-sdk/sdk/2.1.1/lib/tinyusb/src/device/usbd_control.c.obj
                0x10007250                usbd_control_set_complete_callback
 .text.usbd_control_set_request
                0x1000725c       0x1c CMakeFiles/rp2350_dev.dir/C_/Users/kr84T/.pico-sdk/sdk/2.1.1/lib/tinyusb/src/device/usbd_control.c.obj
                0x1000725c                usbd_control_set_request
 .text.usbd_control_xfer_cb
                0x10007278      0x100 CMakeFiles/rp2350_dev.dir/C_/Users/kr84T/.pico-sdk/sdk/2.1.1/lib/tinyusb/src/device/usbd_control.c.obj
                0x10007278                usbd_control_xfer_cb
 .text._prep_out_transaction.isra.0
                0x10007378       0x74 CMakeFiles/rp2350_dev.dir/C_/Users/kr84T/.pico-sdk/sdk/2.1.1/lib/tinyusb/src/class/cdc/cdc_device.c.obj
 .text.tud_cdc_n_connected
                0x100073ec       0x2c CMakeFiles/rp2350_dev.dir/C_/Users/kr84T/.pico-sdk/sdk/2.1.1/lib/tinyusb/src/class/cdc/cdc_device.c.obj
                0x100073ec                tud_cdc_n_connected
 .text.tud_cdc_n_available
                0x10007418       0x14 CMakeFiles/rp2350_dev.dir/C_/Users/kr84T/.pico-sdk/sdk/2.1.1/lib/tinyusb/src/class/cdc/cdc_device.c.obj
                0x10007418                tud_cdc_n_available
 .text.tud_cdc_n_read
                0x1000742c       0x90 CMakeFiles/rp2350_dev.dir/C_/Users/kr84T/.pico-sdk/sdk/2.1.1/lib/tinyusb/src/class/cdc/cdc_device.c.obj
                0x1000742c                tud_cdc_n_read
 .text.tud_cdc_n_write_flush
                0x100074bc       0x8c CMakeFiles/rp2350_dev.dir/C_/Users/kr84T/.pico-sdk/sdk/2.1.1/lib/tinyusb/src/class/cdc/cdc_device.c.obj
                0x100074bc                tud_cdc_n_write_flush
 .text.tud_cdc_n_write
                0x10007548       0x40 CMakeFiles/rp2350_dev.dir/C_/Users/kr84T/.pico-sdk/sdk/2.1.1/lib/tinyusb/src/class/cdc/cdc_device.c.obj
                0x10007548                tud_cdc_n_write
 .text.tud_cdc_n_write_available
                0x10007588       0x14 CMakeFiles/rp2350_dev.dir/C_/Users/kr84T/.pico-sdk/sdk/2.1.1/lib/tinyusb/src/class/cdc/cdc_device.c.obj
                0x10007588                tud_cdc_n_write_available
 .text.cdcd_init
                0x1000759c       0x70 CMakeFiles/rp2350_dev.dir/C_/Users/kr84T/.pico-sdk/sdk/2.1.1/lib/tinyusb/src/class/cdc/cdc_device.c.obj
                0x1000759c                cdcd_init
 .text.cdcd_deinit
                0x1000760c       0x30 CMakeFiles/rp2350_dev.dir/C_/Users/kr84T/.pico-sdk/sdk/2.1.1/lib/tinyusb/src/class/cdc/cdc_device.c.obj
                0x1000760c                cdcd_deinit
 .text.cdcd_reset
                0x1000763c       0x4c CMakeFiles/rp2350_dev.dir/C_/Users/kr84T/.pico-sdk/sdk/2.1.1/lib/tinyusb/src/class/cdc/cdc_device.c.obj
                0x1000763c                cdcd_reset
 .text.cdcd_open
                0x10007688       0xc0 CMakeFiles/rp2350_dev.dir/C_/Users/kr84T/.pico-sdk/sdk/2.1.1/lib/tinyusb/src/class/cdc/cdc_device.c.obj
                0x10007688                cdcd_open
 .text.cdcd_control_xfer_cb
                0x10007748       0xc0 CMakeFiles/rp2350_dev.dir/C_/Users/kr84T/.pico-sdk/sdk/2.1.1/lib/tinyusb/src/class/cdc/cdc_device.c.obj
                0x10007748                cdcd_control_xfer_cb
 .text.cdcd_xfer_cb
                0x10007808       0xf8 CMakeFiles/rp2350_dev.dir/C_/Users/kr84T/.pico-sdk/sdk/2.1.1/lib/tinyusb/src/class/cdc/cdc_device.c.obj
                0x10007808                cdcd_xfer_cb
 .text.vendord_init
                0x10007900       0x5c CMakeFiles/rp2350_dev.dir/C_/Users/kr84T/.pico-sdk/sdk/2.1.1/lib/tinyusb/src/class/vendor/vendor_device.c.obj
                0x10007900                vendord_init
 .text.vendord_deinit
                0x1000795c       0x1c CMakeFiles/rp2350_dev.dir/C_/Users/kr84T/.pico-sdk/sdk/2.1.1/lib/tinyusb/src/class/vendor/vendor_device.c.obj
                0x1000795c                vendord_deinit
 .text.vendord_reset
                0x10007978       0x24 CMakeFiles/rp2350_dev.dir/C_/Users/kr84T/.pico-sdk/sdk/2.1.1/lib/tinyusb/src/class/vendor/vendor_device.c.obj
                0x10007978                vendord_reset
 .text.vendord_open
                0x1000799c       0xf4 CMakeFiles/rp2350_dev.dir/C_/Users/kr84T/.pico-sdk/sdk/2.1.1/lib/tinyusb/src/class/vendor/vendor_device.c.obj
                0x1000799c                vendord_open
 .text.vendord_xfer_cb
                0x10007a90       0x88 CMakeFiles/rp2350_dev.dir/C_/Users/kr84T/.pico-sdk/sdk/2.1.1/lib/tinyusb/src/class/vendor/vendor_device.c.obj
                0x10007a90                vendord_xfer_cb
 .text.tusb_rhport_init
                0x10007b18       0x64 CMakeFiles/rp2350_dev.dir/C_/Users/kr84T/.pico-sdk/sdk/2.1.1/lib/tinyusb/src/tusb.c.obj
                0x10007b18                tusb_rhport_init
 .text.tu_edpt_claim
                0x10007b7c       0x54 CMakeFiles/rp2350_dev.dir/C_/Users/kr84T/.pico-sdk/sdk/2.1.1/lib/tinyusb/src/tusb.c.obj
                0x10007b7c                tu_edpt_claim
 .text.tu_edpt_release
                0x10007bd0       0x38 CMakeFiles/rp2350_dev.dir/C_/Users/kr84T/.pico-sdk/sdk/2.1.1/lib/tinyusb/src/tusb.c.obj
                0x10007bd0                tu_edpt_release
 .text.tu_edpt_validate
                0x10007c08       0x60 CMakeFiles/rp2350_dev.dir/C_/Users/kr84T/.pico-sdk/sdk/2.1.1/lib/tinyusb/src/tusb.c.obj
                0x10007c08                tu_edpt_validate
 .text.tu_edpt_bind_driver
                0x10007c68       0x58 CMakeFiles/rp2350_dev.dir/C_/Users/kr84T/.pico-sdk/sdk/2.1.1/lib/tinyusb/src/tusb.c.obj
                0x10007c68                tu_edpt_bind_driver
 .text.tu_edpt_stream_init
                0x10007cc0       0x58 CMakeFiles/rp2350_dev.dir/C_/Users/kr84T/.pico-sdk/sdk/2.1.1/lib/tinyusb/src/tusb.c.obj
                0x10007cc0                tu_edpt_stream_init
 .text.tu_edpt_stream_deinit
                0x10007d18        0x4 CMakeFiles/rp2350_dev.dir/C_/Users/kr84T/.pico-sdk/sdk/2.1.1/lib/tinyusb/src/tusb.c.obj
                0x10007d18                tu_edpt_stream_deinit
 .text.tu_edpt_stream_write_zlp_if_needed
                0x10007d1c       0x68 CMakeFiles/rp2350_dev.dir/C_/Users/kr84T/.pico-sdk/sdk/2.1.1/lib/tinyusb/src/tusb.c.obj
                0x10007d1c                tu_edpt_stream_write_zlp_if_needed
 .text.tu_edpt_stream_write_xfer
                0x10007d84       0x70 CMakeFiles/rp2350_dev.dir/C_/Users/kr84T/.pico-sdk/sdk/2.1.1/lib/tinyusb/src/tusb.c.obj
                0x10007d84                tu_edpt_stream_write_xfer
 .text.tu_edpt_stream_read_xfer
                0x10007df4       0xc8 CMakeFiles/rp2350_dev.dir/C_/Users/kr84T/.pico-sdk/sdk/2.1.1/lib/tinyusb/src/tusb.c.obj
                0x10007df4                tu_edpt_stream_read_xfer
 .text.tu_fifo_config
                0x10007ebc       0x60 CMakeFiles/rp2350_dev.dir/C_/Users/kr84T/.pico-sdk/sdk/2.1.1/lib/tinyusb/src/common/tusb_fifo.c.obj
                0x10007ebc                tu_fifo_config
 .text.tu_fifo_count
                0x10007f1c       0x20 CMakeFiles/rp2350_dev.dir/C_/Users/kr84T/.pico-sdk/sdk/2.1.1/lib/tinyusb/src/common/tusb_fifo.c.obj
                0x10007f1c                tu_fifo_count
 .text.tu_fifo_empty
                0x10007f3c       0x14 CMakeFiles/rp2350_dev.dir/C_/Users/kr84T/.pico-sdk/sdk/2.1.1/lib/tinyusb/src/common/tusb_fifo.c.obj
                0x10007f3c                tu_fifo_empty
 .text.tu_fifo_remaining
                0x10007f50       0x24 CMakeFiles/rp2350_dev.dir/C_/Users/kr84T/.pico-sdk/sdk/2.1.1/lib/tinyusb/src/common/tusb_fifo.c.obj
                0x10007f50                tu_fifo_remaining
 .text.tu_fifo_read
                0x10007f74       0x94 CMakeFiles/rp2350_dev.dir/C_/Users/kr84T/.pico-sdk/sdk/2.1.1/lib/tinyusb/src/common/tusb_fifo.c.obj
                0x10007f74                tu_fifo_read
 .text.tu_fifo_read_n
                0x10008008       0xd8 CMakeFiles/rp2350_dev.dir/C_/Users/kr84T/.pico-sdk/sdk/2.1.1/lib/tinyusb/src/common/tusb_fifo.c.obj
                0x10008008                tu_fifo_read_n
 .text.tu_fifo_write
                0x100080e0       0xa4 CMakeFiles/rp2350_dev.dir/C_/Users/kr84T/.pico-sdk/sdk/2.1.1/lib/tinyusb/src/common/tusb_fifo.c.obj
                0x100080e0                tu_fifo_write
 .text.tu_fifo_write_n
                0x10008184      0x15c CMakeFiles/rp2350_dev.dir/C_/Users/kr84T/.pico-sdk/sdk/2.1.1/lib/tinyusb/src/common/tusb_fifo.c.obj
                0x10008184                tu_fifo_write_n
 .text.tu_fifo_clear
                0x100082e0       0x38 CMakeFiles/rp2350_dev.dir/C_/Users/kr84T/.pico-sdk/sdk/2.1.1/lib/tinyusb/src/common/tusb_fifo.c.obj
                0x100082e0                tu_fifo_clear
 .text.tu_fifo_set_overwritable
                0x10008318       0x3c CMakeFiles/rp2350_dev.dir/C_/Users/kr84T/.pico-sdk/sdk/2.1.1/lib/tinyusb/src/common/tusb_fifo.c.obj
                0x10008318                tu_fifo_set_overwritable
 .text.core1_trampoline
                0x10008354        0x4 CMakeFiles/rp2350_dev.dir/C_/Users/kr84T/.pico-sdk/sdk/2.1.1/src/rp2_common/pico_multicore/multicore.c.obj
 .text.core1_wrapper
                0x10008358       0x10 CMakeFiles/rp2350_dev.dir/C_/Users/kr84T/.pico-sdk/sdk/2.1.1/src/rp2_common/pico_multicore/multicore.c.obj
                0x10008358                core1_wrapper
 .text.multicore_launch_core1_raw
                0x10008368       0x84 CMakeFiles/rp2350_dev.dir/C_/Users/kr84T/.pico-sdk/sdk/2.1.1/src/rp2_common/pico_multicore/multicore.c.obj
                0x10008368                multicore_launch_core1_raw
 .text.multicore_launch_core1
                0x100083ec       0x48 CMakeFiles/rp2350_dev.dir/C_/Users/kr84T/.pico-sdk/sdk/2.1.1/src/rp2_common/pico_multicore/multicore.c.obj
                0x100083ec                multicore_launch_core1
 .text.spi_init
                0x10008434       0xf4 CMakeFiles/rp2350_dev.dir/C_/Users/kr84T/.pico-sdk/sdk/2.1.1/src/rp2_common/hardware_spi/spi.c.obj
                0x10008434                spi_init
 .text.i2c_write_blocking_internal.constprop.0
                0x10008528       0x9c CMakeFiles/rp2350_dev.dir/C_/Users/kr84T/.pico-sdk/sdk/2.1.1/src/rp2_common/hardware_i2c/i2c.c.obj
 .text.i2c_set_baudrate
                0x100085c4       0xa4 CMakeFiles/rp2350_dev.dir/C_/Users/kr84T/.pico-sdk/sdk/2.1.1/src/rp2_common/hardware_i2c/i2c.c.obj
                0x100085c4                i2c_set_baudrate
 .text.i2c_init
                0x10008668       0x4c CMakeFiles/rp2350_dev.dir/C_/Users/kr84T/.pico-sdk/sdk/2.1.1/src/rp2_common/hardware_i2c/i2c.c.obj
                0x10008668                i2c_init
 .text.i2c_write_blocking
                0x100086b4       0x10 CMakeFiles/rp2350_dev.dir/C_/Users/kr84T/.pico-sdk/sdk/2.1.1/src/rp2_common/hardware_i2c/i2c.c.obj
                0x100086b4                i2c_write_blocking
 .text.dma_claim_unused_channel
                0x100086c4       0x20 CMakeFiles/rp2350_dev.dir/C_/Users/kr84T/.pico-sdk/sdk/2.1.1/src/rp2_common/hardware_dma/dma.c.obj
                0x100086c4                dma_claim_unused_channel
 .text.pio_add_program
                0x100086e4       0xf4 CMakeFiles/rp2350_dev.dir/C_/Users/kr84T/.pico-sdk/sdk/2.1.1/src/rp2_common/hardware_pio/pio.c.obj
                0x100086e4                pio_add_program
 .text.pio_sm_set_consecutive_pindirs
                0x100087d8       0x8c CMakeFiles/rp2350_dev.dir/C_/Users/kr84T/.pico-sdk/sdk/2.1.1/src/rp2_common/hardware_pio/pio.c.obj
                0x100087d8                pio_sm_set_consecutive_pindirs
 .text.pio_sm_init
                0x10008864       0xa8 CMakeFiles/rp2350_dev.dir/C_/Users/kr84T/.pico-sdk/sdk/2.1.1/src/rp2_common/hardware_pio/pio.c.obj
                0x10008864                pio_sm_init
 .text.atoi     0x1000890c        0x8 C:/Users/kr84T/.pico-sdk/toolchain/14_2_Rel1/bin/../lib/gcc/arm-none-eabi/14.2.1/thumb/v8-m.main+fp/softfp\libg.a(libc_a-atoi.o)
                0x1000890c                atoi
 .text._calloc_r
                0x10008914       0x70 C:/Users/kr84T/.pico-sdk/toolchain/14_2_Rel1/bin/../lib/gcc/arm-none-eabi/14.2.1/thumb/v8-m.main+fp/softfp\libg.a(libc_a-callocr.o)
                0x10008914                _calloc_r
 .text.malloc   0x10008984       0x10 C:/Users/kr84T/.pico-sdk/toolchain/14_2_Rel1/bin/../lib/gcc/arm-none-eabi/14.2.1/thumb/v8-m.main+fp/softfp\libg.a(libc_a-malloc.o)
                0x10008984                malloc
 .text.free     0x10008994       0x10 C:/Users/kr84T/.pico-sdk/toolchain/14_2_Rel1/bin/../lib/gcc/arm-none-eabi/14.2.1/thumb/v8-m.main+fp/softfp\libg.a(libc_a-malloc.o)
                0x10008994                free
 .text._malloc_r
                0x100089a4      0x578 C:/Users/kr84T/.pico-sdk/toolchain/14_2_Rel1/bin/../lib/gcc/arm-none-eabi/14.2.1/thumb/v8-m.main+fp/softfp\libg.a(libc_a-mallocr.o)
                0x100089a4                _malloc_r
 .text.__malloc_lock
                0x10008f1c        0xc C:/Users/kr84T/.pico-sdk/toolchain/14_2_Rel1/bin/../lib/gcc/arm-none-eabi/14.2.1/thumb/v8-m.main+fp/softfp\libg.a(libc_a-mlock.o)
                0x10008f1c                __malloc_lock
 .text.__malloc_unlock
                0x10008f28        0xc C:/Users/kr84T/.pico-sdk/toolchain/14_2_Rel1/bin/../lib/gcc/arm-none-eabi/14.2.1/thumb/v8-m.main+fp/softfp\libg.a(libc_a-mlock.o)
                0x10008f28                __malloc_unlock
 .text.realloc  0x10008f34       0x10 C:/Users/kr84T/.pico-sdk/toolchain/14_2_Rel1/bin/../lib/gcc/arm-none-eabi/14.2.1/thumb/v8-m.main+fp/softfp\libg.a(libc_a-realloc.o)
                0x10008f34                realloc
 .text._realloc_r
                0x10008f44      0x374 C:/Users/kr84T/.pico-sdk/toolchain/14_2_Rel1/bin/../lib/gcc/arm-none-eabi/14.2.1/thumb/v8-m.main+fp/softfp\libg.a(libc_a-reallocr.o)
                0x10008f44                _realloc_r
 .text._strtol_l.part.0
                0x100092b8      0x1c8 C:/Users/kr84T/.pico-sdk/toolchain/14_2_Rel1/bin/../lib/gcc/arm-none-eabi/14.2.1/thumb/v8-m.main+fp/softfp\libg.a(libc_a-strtol.o)
 .text._strtol_r
                0x10009480       0x1c C:/Users/kr84T/.pico-sdk/toolchain/14_2_Rel1/bin/../lib/gcc/arm-none-eabi/14.2.1/thumb/v8-m.main+fp/softfp\libg.a(libc_a-strtol.o)
                0x10009480                _strtol_r
 .text.strtol   0x1000949c       0x2c C:/Users/kr84T/.pico-sdk/toolchain/14_2_Rel1/bin/../lib/gcc/arm-none-eabi/14.2.1/thumb/v8-m.main+fp/softfp\libg.a(libc_a-strtol.o)
                0x1000949c                strtol
 .text.sscanf   0x100094c8       0x58 C:/Users/kr84T/.pico-sdk/toolchain/14_2_Rel1/bin/../lib/gcc/arm-none-eabi/14.2.1/thumb/v8-m.main+fp/softfp\libg.a(libc_a-sscanf.o)
                0x100094c8                sscanf
 .text.__seofread
                0x10009520        0x4 C:/Users/kr84T/.pico-sdk/toolchain/14_2_Rel1/bin/../lib/gcc/arm-none-eabi/14.2.1/thumb/v8-m.main+fp/softfp\libg.a(libc_a-stdio.o)
                0x10009520                __seofread
 .text.memmove  0x10009524       0xfc C:/Users/kr84T/.pico-sdk/toolchain/14_2_Rel1/bin/../lib/gcc/arm-none-eabi/14.2.1/thumb/v8-m.main+fp/softfp\libg.a(libc_a-memmove.o)
                0x10009524                memmove
 .text.memset   0x10009620       0x9c C:/Users/kr84T/.pico-sdk/toolchain/14_2_Rel1/bin/../lib/gcc/arm-none-eabi/14.2.1/thumb/v8-m.main+fp/softfp\libg.a(libc_a-memset.o)
                0x10009620                memset
 .text.strncpy  0x100096bc       0x64 C:/Users/kr84T/.pico-sdk/toolchain/14_2_Rel1/bin/../lib/gcc/arm-none-eabi/14.2.1/thumb/v8-m.main+fp/softfp\libg.a(libc_a-strncpy.o)
                0x100096bc                strncpy
 .text.stpcpy   0x10009720       0x48 C:/Users/kr84T/.pico-sdk/toolchain/14_2_Rel1/bin/../lib/gcc/arm-none-eabi/14.2.1/thumb/v8-m.main+fp/softfp\libg.a(libc_a-stpcpy.o)
                0x10009720                stpcpy
 .text._sbrk_r  0x10009768       0x24 C:/Users/kr84T/.pico-sdk/toolchain/14_2_Rel1/bin/../lib/gcc/arm-none-eabi/14.2.1/thumb/v8-m.main+fp/softfp\libg.a(libc_a-sbrkr.o)
                0x10009768                _sbrk_r
 .text.__errno  0x1000978c        0xc C:/Users/kr84T/.pico-sdk/toolchain/14_2_Rel1/bin/../lib/gcc/arm-none-eabi/14.2.1/thumb/v8-m.main+fp/softfp\libg.a(libc_a-errno.o)
                0x1000978c                __errno
 .text.__retarget_lock_acquire_recursive
                0x10009798        0x4 C:/Users/kr84T/.pico-sdk/toolchain/14_2_Rel1/bin/../lib/gcc/arm-none-eabi/14.2.1/thumb/v8-m.main+fp/softfp\libg.a(libc_a-lock.o)
                0x10009798                __retarget_lock_acquire_recursive
 .text.__retarget_lock_release_recursive
                0x1000979c        0x4 C:/Users/kr84T/.pico-sdk/toolchain/14_2_Rel1/bin/../lib/gcc/arm-none-eabi/14.2.1/thumb/v8-m.main+fp/softfp\libg.a(libc_a-lock.o)
                0x1000979c                __retarget_lock_release_recursive
 .text.sysconf  0x100097a0       0x1c C:/Users/kr84T/.pico-sdk/toolchain/14_2_Rel1/bin/../lib/gcc/arm-none-eabi/14.2.1/thumb/v8-m.main+fp/softfp\libg.a(libc_a-sysconf.o)
                0x100097a0                sysconf
 .text          0x100097bc      0x1bc C:/Users/kr84T/.pico-sdk/toolchain/14_2_Rel1/bin/../lib/gcc/arm-none-eabi/14.2.1/thumb/v8-m.main+fp/softfp\libg.a(libc_a-strcmp.o)
                0x100097bc                strcmp
 .text.strcpy   0x10009978       0xbc C:/Users/kr84T/.pico-sdk/toolchain/14_2_Rel1/bin/../lib/gcc/arm-none-eabi/14.2.1/thumb/v8-m.main+fp/softfp\libg.a(libc_a-strcpy.o)
                0x10009978                strcpy
 .text          0x10009a34       0xec C:/Users/kr84T/.pico-sdk/toolchain/14_2_Rel1/bin/../lib/gcc/arm-none-eabi/14.2.1/thumb/v8-m.main+fp/softfp\libg.a(libc_a-memcpy.o)
                0x10009a34                memcpy
 .text.strlen   0x10009b20       0x5c C:/Users/kr84T/.pico-sdk/toolchain/14_2_Rel1/bin/../lib/gcc/arm-none-eabi/14.2.1/thumb/v8-m.main+fp/softfp\libg.a(libc_a-strlen-stub.o)
                0x10009b20                strlen
 .text._malloc_trim_r
                0x10009b7c       0xb8 C:/Users/kr84T/.pico-sdk/toolchain/14_2_Rel1/bin/../lib/gcc/arm-none-eabi/14.2.1/thumb/v8-m.main+fp/softfp\libg.a(libc_a-freer.o)
                0x10009b7c                _malloc_trim_r
 .text._free_r  0x10009c34      0x1e8 C:/Users/kr84T/.pico-sdk/toolchain/14_2_Rel1/bin/../lib/gcc/arm-none-eabi/14.2.1/thumb/v8-m.main+fp/softfp\libg.a(libc_a-freer.o)
                0x10009c34                _free_r
 .text._strtoul_l.isra.0
                0x10009e1c      0x128 C:/Users/kr84T/.pico-sdk/toolchain/14_2_Rel1/bin/../lib/gcc/arm-none-eabi/14.2.1/thumb/v8-m.main+fp/softfp\libg.a(libc_a-strtoul.o)
 .text._strtoul_r
                0x10009f44        0x4 C:/Users/kr84T/.pico-sdk/toolchain/14_2_Rel1/bin/../lib/gcc/arm-none-eabi/14.2.1/thumb/v8-m.main+fp/softfp\libg.a(libc_a-strtoul.o)
                0x10009f44                _strtoul_r
 .text._sungetc_r
                0x10009f48       0x7c C:/Users/kr84T/.pico-sdk/toolchain/14_2_Rel1/bin/../lib/gcc/arm-none-eabi/14.2.1/thumb/v8-m.main+fp/softfp\libg.a(libc_a-svfiscanf.o)
                0x10009f48                _sungetc_r
 .text.__ssrefill_r
                0x10009fc4       0x38 C:/Users/kr84T/.pico-sdk/toolchain/14_2_Rel1/bin/../lib/gcc/arm-none-eabi/14.2.1/thumb/v8-m.main+fp/softfp\libg.a(libc_a-svfiscanf.o)
                0x10009fc4                __ssrefill_r
 .text._sfread_r
                0x10009ffc       0xa4 C:/Users/kr84T/.pico-sdk/toolchain/14_2_Rel1/bin/../lib/gcc/arm-none-eabi/14.2.1/thumb/v8-m.main+fp/softfp\libg.a(libc_a-svfiscanf.o)
                0x10009ffc                _sfread_r
 .text.__ssvfscanf_r
                0x1000a0a0     0x18e0 C:/Users/kr84T/.pico-sdk/toolchain/14_2_Rel1/bin/../lib/gcc/arm-none-eabi/14.2.1/thumb/v8-m.main+fp/softfp\libg.a(libc_a-svfscanf.o)
                0x1000a0a0                __ssvfscanf_r
 .text.__sccl   0x1000b980       0xa0 C:/Users/kr84T/.pico-sdk/toolchain/14_2_Rel1/bin/../lib/gcc/arm-none-eabi/14.2.1/thumb/v8-m.main+fp/softfp\libg.a(libc_a-sccl.o)
                0x1000b980                __sccl
 .text.__submore
                0x1000ba20       0x74 C:/Users/kr84T/.pico-sdk/toolchain/14_2_Rel1/bin/../lib/gcc/arm-none-eabi/14.2.1/thumb/v8-m.main+fp/softfp\libg.a(libc_a-ungetc.o)
                0x1000ba20                __submore
 .text.strncmp  0x1000ba94       0x74 C:/Users/kr84T/.pico-sdk/toolchain/14_2_Rel1/bin/../lib/gcc/arm-none-eabi/14.2.1/thumb/v8-m.main+fp/softfp\libg.a(libc_a-strncmp.o)
                0x1000ba94                strncmp
 .text.stpncpy  0x1000bb08       0x6c C:/Users/kr84T/.pico-sdk/toolchain/14_2_Rel1/bin/../lib/gcc/arm-none-eabi/14.2.1/thumb/v8-m.main+fp/softfp\libg.a(libc_a-stpncpy.o)
                0x1000bb08                stpncpy
 .text.__locale_mb_cur_max
                0x1000bb74        0xc C:/Users/kr84T/.pico-sdk/toolchain/14_2_Rel1/bin/../lib/gcc/arm-none-eabi/14.2.1/thumb/v8-m.main+fp/softfp\libg.a(libc_a-locale.o)
                0x1000bb74                __locale_mb_cur_max
 .text._localeconv_r
                0x1000bb80        0x8 C:/Users/kr84T/.pico-sdk/toolchain/14_2_Rel1/bin/../lib/gcc/arm-none-eabi/14.2.1/thumb/v8-m.main+fp/softfp\libg.a(libc_a-localeconv.o)
                0x1000bb80                _localeconv_r
 .text.nanf     0x1000bb88        0x8 C:/Users/kr84T/.pico-sdk/toolchain/14_2_Rel1/bin/../lib/gcc/arm-none-eabi/14.2.1/thumb/v8-m.main+fp/softfp\libg.a(libm_a-sf_nan.o)
                0x1000bb88                nanf
 .text.__ascii_mbtowc
                0x1000bb90       0x2c C:/Users/kr84T/.pico-sdk/toolchain/14_2_Rel1/bin/../lib/gcc/arm-none-eabi/14.2.1/thumb/v8-m.main+fp/softfp\libg.a(libc_a-mbtowc_r.o)
                0x1000bb90                __ascii_mbtowc
 *fill*         0x1000bbbc        0x4 
 .text._strtod_l
                0x1000bbc0     0x1068 C:/Users/kr84T/.pico-sdk/toolchain/14_2_Rel1/bin/../lib/gcc/arm-none-eabi/14.2.1/thumb/v8-m.main+fp/softfp\libg.a(libc_a-strtod.o)
                0x1000bbc0                _strtod_l
 .text._strtod_r
                0x1000cc28        0xc C:/Users/kr84T/.pico-sdk/toolchain/14_2_Rel1/bin/../lib/gcc/arm-none-eabi/14.2.1/thumb/v8-m.main+fp/softfp\libg.a(libc_a-strtod.o)
                0x1000cc28                _strtod_r
 .text.__ascii_wctomb
                0x1000cc34       0x1c C:/Users/kr84T/.pico-sdk/toolchain/14_2_Rel1/bin/../lib/gcc/arm-none-eabi/14.2.1/thumb/v8-m.main+fp/softfp\libg.a(libc_a-wctomb_r.o)
                0x1000cc34                __ascii_wctomb
 .text._strtoll_l.isra.0
                0x1000cc50      0x2b8 C:/Users/kr84T/.pico-sdk/toolchain/14_2_Rel1/bin/../lib/gcc/arm-none-eabi/14.2.1/thumb/v8-m.main+fp/softfp\libg.a(libc_a-strtoll.o)
 .text._strtoll_r
                0x1000cf08        0x4 C:/Users/kr84T/.pico-sdk/toolchain/14_2_Rel1/bin/../lib/gcc/arm-none-eabi/14.2.1/thumb/v8-m.main+fp/softfp\libg.a(libc_a-strtoll.o)
                0x1000cf08                _strtoll_r
 .text._strtoull_l.isra.0
                0x1000cf0c      0x188 C:/Users/kr84T/.pico-sdk/toolchain/14_2_Rel1/bin/../lib/gcc/arm-none-eabi/14.2.1/thumb/v8-m.main+fp/softfp\libg.a(libc_a-strtoull.o)
 .text._strtoull_r
                0x1000d094        0x4 C:/Users/kr84T/.pico-sdk/toolchain/14_2_Rel1/bin/../lib/gcc/arm-none-eabi/14.2.1/thumb/v8-m.main+fp/softfp\libg.a(libc_a-strtoull.o)
                0x1000d094                _strtoull_r
 .text._mbrtowc_r
                0x1000d098       0x54 C:/Users/kr84T/.pico-sdk/toolchain/14_2_Rel1/bin/../lib/gcc/arm-none-eabi/14.2.1/thumb/v8-m.main+fp/softfp\libg.a(libc_a-mbrtowc.o)
                0x1000d098                _mbrtowc_r
 .text.iswspace
                0x1000d0ec        0x8 C:/Users/kr84T/.pico-sdk/toolchain/14_2_Rel1/bin/../lib/gcc/arm-none-eabi/14.2.1/thumb/v8-m.main+fp/softfp\libg.a(libc_a-iswspace.o)
                0x1000d0ec                iswspace
 .text.iswspace_l
                0x1000d0f4       0x28 C:/Users/kr84T/.pico-sdk/toolchain/14_2_Rel1/bin/../lib/gcc/arm-none-eabi/14.2.1/thumb/v8-m.main+fp/softfp\libg.a(libc_a-iswspace_l.o)
                0x1000d0f4                iswspace_l
 .text.__jp2uc  0x1000d11c      0x14c C:/Users/kr84T/.pico-sdk/toolchain/14_2_Rel1/bin/../lib/gcc/arm-none-eabi/14.2.1/thumb/v8-m.main+fp/softfp\libg.a(libc_a-jp2uc.o)
 .text._jp2uc_l
                0x1000d268       0x64 C:/Users/kr84T/.pico-sdk/toolchain/14_2_Rel1/bin/../lib/gcc/arm-none-eabi/14.2.1/thumb/v8-m.main+fp/softfp\libg.a(libc_a-jp2uc.o)
                0x1000d268                _jp2uc_l
 .text.nan      0x1000d2cc        0xc C:/Users/kr84T/.pico-sdk/toolchain/14_2_Rel1/bin/../lib/gcc/arm-none-eabi/14.2.1/thumb/v8-m.main+fp/softfp\libg.a(libm_a-s_nan.o)
                0x1000d2cc                nan
 .text.rshift   0x1000d2d8       0xac C:/Users/kr84T/.pico-sdk/toolchain/14_2_Rel1/bin/../lib/gcc/arm-none-eabi/14.2.1/thumb/v8-m.main+fp/softfp\libg.a(libc_a-gdtoa-gethex.o)
 .text.__gethex
                0x1000d384      0x608 C:/Users/kr84T/.pico-sdk/toolchain/14_2_Rel1/bin/../lib/gcc/arm-none-eabi/14.2.1/thumb/v8-m.main+fp/softfp\libg.a(libc_a-gdtoa-gethex.o)
                0x1000d384                __gethex
 .text.__match  0x1000d98c       0x34 C:/Users/kr84T/.pico-sdk/toolchain/14_2_Rel1/bin/../lib/gcc/arm-none-eabi/14.2.1/thumb/v8-m.main+fp/softfp\libg.a(libc_a-gdtoa-hexnan.o)
                0x1000d98c                __match
 .text.__hexnan
                0x1000d9c0      0x1c4 C:/Users/kr84T/.pico-sdk/toolchain/14_2_Rel1/bin/../lib/gcc/arm-none-eabi/14.2.1/thumb/v8-m.main+fp/softfp\libg.a(libc_a-gdtoa-hexnan.o)
                0x1000d9c0                __hexnan
 .text._Balloc  0x1000db84       0x4c C:/Users/kr84T/.pico-sdk/toolchain/14_2_Rel1/bin/../lib/gcc/arm-none-eabi/14.2.1/thumb/v8-m.main+fp/softfp\libg.a(libc_a-mprec.o)
                0x1000db84                _Balloc
 .text._Bfree   0x1000dbd0       0x14 C:/Users/kr84T/.pico-sdk/toolchain/14_2_Rel1/bin/../lib/gcc/arm-none-eabi/14.2.1/thumb/v8-m.main+fp/softfp\libg.a(libc_a-mprec.o)
                0x1000dbd0                _Bfree
 .text.__multadd
                0x1000dbe4       0xa4 C:/Users/kr84T/.pico-sdk/toolchain/14_2_Rel1/bin/../lib/gcc/arm-none-eabi/14.2.1/thumb/v8-m.main+fp/softfp\libg.a(libc_a-mprec.o)
                0x1000dbe4                __multadd
 .text.__s2b    0x1000dc88       0xb0 C:/Users/kr84T/.pico-sdk/toolchain/14_2_Rel1/bin/../lib/gcc/arm-none-eabi/14.2.1/thumb/v8-m.main+fp/softfp\libg.a(libc_a-mprec.o)
                0x1000dc88                __s2b
 .text.__hi0bits
                0x1000dd38       0x54 C:/Users/kr84T/.pico-sdk/toolchain/14_2_Rel1/bin/../lib/gcc/arm-none-eabi/14.2.1/thumb/v8-m.main+fp/softfp\libg.a(libc_a-mprec.o)
                0x1000dd38                __hi0bits
 .text.__lo0bits
                0x1000dd8c       0x80 C:/Users/kr84T/.pico-sdk/toolchain/14_2_Rel1/bin/../lib/gcc/arm-none-eabi/14.2.1/thumb/v8-m.main+fp/softfp\libg.a(libc_a-mprec.o)
                0x1000dd8c                __lo0bits
 .text.__i2b    0x1000de0c       0x5c C:/Users/kr84T/.pico-sdk/toolchain/14_2_Rel1/bin/../lib/gcc/arm-none-eabi/14.2.1/thumb/v8-m.main+fp/softfp\libg.a(libc_a-mprec.o)
                0x1000de0c                __i2b
 .text.__multiply
                0x1000de68      0x168 C:/Users/kr84T/.pico-sdk/toolchain/14_2_Rel1/bin/../lib/gcc/arm-none-eabi/14.2.1/thumb/v8-m.main+fp/softfp\libg.a(libc_a-mprec.o)
                0x1000de68                __multiply
 .text.__pow5mult
                0x1000dfd0       0xc0 C:/Users/kr84T/.pico-sdk/toolchain/14_2_Rel1/bin/../lib/gcc/arm-none-eabi/14.2.1/thumb/v8-m.main+fp/softfp\libg.a(libc_a-mprec.o)
                0x1000dfd0                __pow5mult
 .text.__lshift
                0x1000e090       0xe4 C:/Users/kr84T/.pico-sdk/toolchain/14_2_Rel1/bin/../lib/gcc/arm-none-eabi/14.2.1/thumb/v8-m.main+fp/softfp\libg.a(libc_a-mprec.o)
                0x1000e090                __lshift
 .text.__mcmp   0x1000e174       0x44 C:/Users/kr84T/.pico-sdk/toolchain/14_2_Rel1/bin/../lib/gcc/arm-none-eabi/14.2.1/thumb/v8-m.main+fp/softfp\libg.a(libc_a-mprec.o)
                0x1000e174                __mcmp
 .text.__mdiff  0x1000e1b8      0x170 C:/Users/kr84T/.pico-sdk/toolchain/14_2_Rel1/bin/../lib/gcc/arm-none-eabi/14.2.1/thumb/v8-m.main+fp/softfp\libg.a(libc_a-mprec.o)
                0x1000e1b8                __mdiff
 .text.__ulp    0x1000e328       0x4c C:/Users/kr84T/.pico-sdk/toolchain/14_2_Rel1/bin/../lib/gcc/arm-none-eabi/14.2.1/thumb/v8-m.main+fp/softfp\libg.a(libc_a-mprec.o)
                0x1000e328                __ulp
 .text.__b2d    0x1000e374       0xc0 C:/Users/kr84T/.pico-sdk/toolchain/14_2_Rel1/bin/../lib/gcc/arm-none-eabi/14.2.1/thumb/v8-m.main+fp/softfp\libg.a(libc_a-mprec.o)
                0x1000e374                __b2d
 .text.__d2b    0x1000e434       0xbc C:/Users/kr84T/.pico-sdk/toolchain/14_2_Rel1/bin/../lib/gcc/arm-none-eabi/14.2.1/thumb/v8-m.main+fp/softfp\libg.a(libc_a-mprec.o)
                0x1000e434                __d2b
 .text.__ratio  0x1000e4f0       0x5c C:/Users/kr84T/.pico-sdk/toolchain/14_2_Rel1/bin/../lib/gcc/arm-none-eabi/14.2.1/thumb/v8-m.main+fp/softfp\libg.a(libc_a-mprec.o)
                0x1000e4f0                __ratio
 .text.__copybits
                0x1000e54c       0x5c C:/Users/kr84T/.pico-sdk/toolchain/14_2_Rel1/bin/../lib/gcc/arm-none-eabi/14.2.1/thumb/v8-m.main+fp/softfp\libg.a(libc_a-mprec.o)
                0x1000e54c                __copybits
 .text.__any_on
                0x1000e5a8       0x5c C:/Users/kr84T/.pico-sdk/toolchain/14_2_Rel1/bin/../lib/gcc/arm-none-eabi/14.2.1/thumb/v8-m.main+fp/softfp\libg.a(libc_a-mprec.o)
                0x1000e5a8                __any_on
 .text.category
                0x1000e604       0x60 C:/Users/kr84T/.pico-sdk/toolchain/14_2_Rel1/bin/../lib/gcc/arm-none-eabi/14.2.1/thumb/v8-m.main+fp/softfp\libg.a(libc_a-categories.o)
                0x1000e604                category
 *(.fini)
 .fini          0x1000e664        0x4 C:/Users/kr84T/.pico-sdk/toolchain/14_2_Rel1/bin/../lib/gcc/arm-none-eabi/14.2.1/thumb/v8-m.main+fp/softfp/crti.o
                0x1000e664                _fini
 .fini.__stub   0x1000e668       0x58 linker stubs
 *crtbegin.o(.ctors)
 *crtbegin?.o(.ctors)
 *(EXCLUDE_FILE(*crtend.o *crtend?.o) .ctors)
 *(SORT_BY_NAME(.ctors.*))
 *(.ctors)
 *crtbegin.o(.dtors)
 *crtbegin?.o(.dtors)
 *(EXCLUDE_FILE(*crtend.o *crtend?.o) .dtors)
 *(SORT_BY_NAME(.dtors.*))
 *(.dtors)
                0x1000e6c0                        . = ALIGN (0x4)
                0x1000e6c0                        PROVIDE (__preinit_array_start = .)
 *(SORT_BY_NAME(.preinit_array.*))
 .preinit_array.00050
                0x1000e6c0        0x4 CMakeFiles/rp2350_dev.dir/C_/Users/kr84T/.pico-sdk/sdk/2.1.1/src/rp2_common/pico_runtime_init/runtime_init.c.obj
                0x1000e6c0                __pre_init_runtime_init_bootrom_reset
 .preinit_array.00100
                0x1000e6c4        0x4 CMakeFiles/rp2350_dev.dir/C_/Users/kr84T/.pico-sdk/sdk/2.1.1/src/rp2_common/pico_runtime_init/runtime_init.c.obj
                0x1000e6c4                __pre_init_runtime_init_early_resets
 .preinit_array.00101
                0x1000e6c8        0x4 CMakeFiles/rp2350_dev.dir/C_/Users/kr84T/.pico-sdk/sdk/2.1.1/src/rp2_common/pico_runtime_init/runtime_init.c.obj
                0x1000e6c8                __pre_init_runtime_init_usb_power_down
 .preinit_array.00500
                0x1000e6cc        0x4 CMakeFiles/rp2350_dev.dir/C_/Users/kr84T/.pico-sdk/sdk/2.1.1/src/rp2_common/pico_runtime_init/runtime_init.c.obj
                0x1000e6cc                __pre_init_runtime_init_clocks
 .preinit_array.00600
                0x1000e6d0        0x4 CMakeFiles/rp2350_dev.dir/C_/Users/kr84T/.pico-sdk/sdk/2.1.1/src/rp2_common/pico_runtime_init/runtime_init.c.obj
                0x1000e6d0                __pre_init_runtime_init_post_clock_resets
 .preinit_array.01000
                0x1000e6d4        0x4 CMakeFiles/rp2350_dev.dir/C_/Users/kr84T/.pico-sdk/sdk/2.1.1/src/rp2_common/hardware_boot_lock/boot_lock.c.obj
                0x1000e6d4                __pre_init_runtime_init_boot_locks_reset
 .preinit_array.01000
                0x1000e6d8        0x4 CMakeFiles/rp2350_dev.dir/C_/Users/kr84T/.pico-sdk/sdk/2.1.1/src/rp2_common/pico_runtime_init/runtime_init.c.obj
                0x1000e6d8                __pre_init_runtime_init_spin_locks_reset
 .preinit_array.01010
                0x1000e6dc        0x4 CMakeFiles/rp2350_dev.dir/C_/Users/kr84T/.pico-sdk/sdk/2.1.1/src/rp2_common/pico_bootrom/bootrom_lock.c.obj
                0x1000e6dc                __pre_init_runtime_init_bootrom_locking_enable
 .preinit_array.01100
                0x1000e6e0        0x4 CMakeFiles/rp2350_dev.dir/C_/Users/kr84T/.pico-sdk/sdk/2.1.1/src/common/pico_sync/mutex.c.obj
                0x1000e6e0                __pre_init_runtime_init_mutex
 .preinit_array.10080
                0x1000e6e4        0x4 CMakeFiles/rp2350_dev.dir/C_/Users/kr84T/.pico-sdk/sdk/2.1.1/src/rp2_common/pico_runtime_init/runtime_init.c.obj
                0x1000e6e4                __pre_init_runtime_init_install_ram_vector_table
 .preinit_array.11000
                0x1000e6e8        0x4 CMakeFiles/rp2350_dev.dir/C_/Users/kr84T/.pico-sdk/sdk/2.1.1/src/common/pico_time/time.c.obj
                0x1000e6e8                __pre_init_runtime_init_default_alarm_pool
 .preinit_array.YYYYY
                0x1000e6ec        0x4 CMakeFiles/rp2350_dev.dir/C_/Users/kr84T/.pico-sdk/sdk/2.1.1/src/rp2_common/pico_runtime/runtime.c.obj
                0x1000e6ec                __pre_init_first_per_core_initializer
 .preinit_array.ZZZZZ.00051
                0x1000e6f0        0x4 CMakeFiles/rp2350_dev.dir/C_/Users/kr84T/.pico-sdk/sdk/2.1.1/src/rp2_common/pico_runtime_init/runtime_init.c.obj
                0x1000e6f0                __pre_init_runtime_init_per_core_bootrom_reset
 .preinit_array.ZZZZZ.00200
                0x1000e6f4        0x4 CMakeFiles/rp2350_dev.dir/C_/Users/kr84T/.pico-sdk/sdk/2.1.1/src/rp2_common/pico_runtime_init/runtime_init.c.obj
                0x1000e6f4                __pre_init_runtime_init_per_core_enable_coprocessors
 .preinit_array.ZZZZZ.01000
                0x1000e6f8        0x4 CMakeFiles/rp2350_dev.dir/C_/Users/kr84T/.pico-sdk/sdk/2.1.1/src/rp2_common/hardware_sync_spin_lock/sync_spin_lock.c.obj
                0x1000e6f8                __pre_init_spinlock_set_extexclall
 .preinit_array.ZZZZZ.01200
                0x1000e6fc        0x4 CMakeFiles/rp2350_dev.dir/C_/Users/kr84T/.pico-sdk/sdk/2.1.1/src/rp2_common/hardware_irq/irq.c.obj
                0x1000e6fc                __pre_init_runtime_init_per_core_irq_priorities
 *(.preinit_array)
                0x1000e700                        PROVIDE (__preinit_array_end = .)
                0x1000e700                        . = ALIGN (0x4)
                0x1000e700                        PROVIDE (__init_array_start = .)
 *(SORT_BY_NAME(.init_array.*))
 *(.init_array)
 .init_array    0x1000e700        0x4 C:/Users/kr84T/.pico-sdk/toolchain/14_2_Rel1/bin/../lib/gcc/arm-none-eabi/14.2.1/thumb/v8-m.main+fp/softfp/crtbegin.o
 .init_array    0x1000e704        0x4 CMakeFiles/rp2350_dev.dir/C_/Users/kr84T/.pico-sdk/sdk/2.1.1/src/rp2_common/pico_unique_id/unique_id.c.obj
                0x1000e708                        PROVIDE (__init_array_end = .)
                0x1000e708                        . = ALIGN (0x4)
                [!provide]                        PROVIDE (__fini_array_start = .)
 *(SORT_BY_NAME(.fini_array.*))
 *(.fini_array)
                [!provide]                        PROVIDE (__fini_array_end = .)
 *(.eh_frame*)
 .eh_frame      0x1000e708        0x0 C:/Users/kr84T/.pico-sdk/toolchain/14_2_Rel1/bin/../lib/gcc/arm-none-eabi/14.2.1/thumb/v8-m.main+fp/softfp/crtbegin.o
                0x1000e708                        . = ALIGN (0x4)

.glue_7         0x1000e708        0x0
 .glue_7        0x1000e708        0x0 linker stubs

.glue_7t        0x1000e708        0x0
 .glue_7t       0x1000e708        0x0 linker stubs

.vfp11_veneer   0x1000e708        0x0
 .vfp11_veneer  0x1000e708        0x0 linker stubs

.v4_bx          0x1000e708        0x0
 .v4_bx         0x1000e708        0x0 linker stubs

.iplt           0x1000e708        0x0
 .iplt          0x1000e708        0x0 C:/Users/kr84T/.pico-sdk/toolchain/14_2_Rel1/bin/../lib/gcc/arm-none-eabi/14.2.1/thumb/v8-m.main+fp/softfp/crtbegin.o

.boot2          0x1000e708        0x0
                0x1000e708                        __boot2_start__ = .
 *(.boot2)
                0x1000e708                        __boot2_end__ = .
                0x00000001                        ASSERT (((__boot2_end__ - __boot2_start__) <= 0x100), ERROR: Pico second stage bootloader must be no more than 256 bytes in size)

.rodata         0x1000e708     0x82fc
 *(EXCLUDE_FILE(*libm.a: *libc.a:*lib_a-mem*.o *libgcc.a:) .rodata*)
 .rodata.blink_pin_forever.str1.4
                0x1000e708     0x10c6 CMakeFiles/rp2350_dev.dir/rp2350_dev.c.obj
                                 0x1a (size before relaxing)
 .rodata.main.str1.4
                0x1000f7ce       0x6a CMakeFiles/rp2350_dev.dir/rp2350_dev.c.obj
 *fill*         0x1000f7ce        0x2 
 .rodata.blink_program
                0x1000f7d0        0x8 CMakeFiles/rp2350_dev.dir/rp2350_dev.c.obj
 .rodata.blink_program_instructions
                0x1000f7d8       0x10 CMakeFiles/rp2350_dev.dir/rp2350_dev.c.obj
 .rodata.src    0x1000f7e8       0x19 CMakeFiles/rp2350_dev.dir/rp2350_dev.c.obj
                0x1000f7e8                src
 .rodata.i2c_slave_scan.str1.4
                0x1000f801       0x91 CMakeFiles/rp2350_dev.dir/app_main.c.obj
 .rodata.measure_execution_time.str1.4
                0x1000f801       0x15 CMakeFiles/rp2350_dev.dir/app_main.c.obj
 .rodata.app_core_1_main.str1.4
                0x1000f801       0x53 CMakeFiles/rp2350_dev.dir/app_main.c.obj
 *fill*         0x1000f801        0x7 
 .rodata        0x1000f808       0x20 CMakeFiles/rp2350_dev.dir/app_main.c.obj
 .rodata.timer_callback.str1.4
                0x1000f828       0x27 CMakeFiles/rp2350_dev.dir/dbg_com.c.obj
 .rodata.dbg_com_init.str1.4
                0x1000f828      0x2be CMakeFiles/rp2350_dev.dir/dbg_com.c.obj
 .rodata.dbg_com_process.str1.4
                0x1000f828      0x97f CMakeFiles/rp2350_dev.dir/dbg_com.c.obj
 .rodata.s_cmd_table
                0x1000f828      0x140 CMakeFiles/rp2350_dev.dir/dbg_com.c.obj
 .rodata.panic.str1.4
                0x1000f968       0x12 CMakeFiles/rp2350_dev.dir/C_/Users/kr84T/.pico-sdk/sdk/2.1.1/src/rp2_common/pico_platform_panic/panic.c.obj
 .rodata.spin_lock_claim_unused.str1.4
                0x1000f968       0x1b CMakeFiles/rp2350_dev.dir/C_/Users/kr84T/.pico-sdk/sdk/2.1.1/src/rp2_common/hardware_sync/sync.c.obj
 .rodata.user_irq_claim_unused.str1.4
                0x1000f968       0x1b CMakeFiles/rp2350_dev.dir/C_/Users/kr84T/.pico-sdk/sdk/2.1.1/src/rp2_common/hardware_irq/irq.c.obj
 .rodata.at_the_end_of_time
                0x1000f968        0x8 CMakeFiles/rp2350_dev.dir/C_/Users/kr84T/.pico-sdk/sdk/2.1.1/src/common/pico_time/time.c.obj
                0x1000f968                at_the_end_of_time
 .rodata.timer_hardware_alarm_claim.str1.4
                0x1000f970       0x22 CMakeFiles/rp2350_dev.dir/C_/Users/kr84T/.pico-sdk/sdk/2.1.1/src/rp2_common/hardware_timer/timer.c.obj
 .rodata.hard_assertion_failure.str1.4
                0x1000f970        0xc CMakeFiles/rp2350_dev.dir/C_/Users/kr84T/.pico-sdk/sdk/2.1.1/src/rp2_common/pico_runtime/runtime.c.obj
 .rodata.__wrap_malloc.str1.4
                0x1000f970        0xe CMakeFiles/rp2350_dev.dir/C_/Users/kr84T/.pico-sdk/sdk/2.1.1/src/rp2_common/pico_malloc/malloc.c.obj
 .rodata.str1.4
                0x1000f970       0x44 CMakeFiles/rp2350_dev.dir/C_/Users/kr84T/.pico-sdk/sdk/2.1.1/src/rp2_common/pico_standard_binary_info/standard_binary_info.c.obj
 .rodata.__bi_84
                0x1000f970        0xc CMakeFiles/rp2350_dev.dir/C_/Users/kr84T/.pico-sdk/sdk/2.1.1/src/rp2_common/pico_standard_binary_info/standard_binary_info.c.obj
 .rodata.__bi_78
                0x1000f97c        0xc CMakeFiles/rp2350_dev.dir/C_/Users/kr84T/.pico-sdk/sdk/2.1.1/src/rp2_common/pico_standard_binary_info/standard_binary_info.c.obj
 .rodata.__bi_60
                0x1000f988        0xc CMakeFiles/rp2350_dev.dir/C_/Users/kr84T/.pico-sdk/sdk/2.1.1/src/rp2_common/pico_standard_binary_info/standard_binary_info.c.obj
 .rodata.__bi_54
                0x1000f994        0xc CMakeFiles/rp2350_dev.dir/C_/Users/kr84T/.pico-sdk/sdk/2.1.1/src/rp2_common/pico_standard_binary_info/standard_binary_info.c.obj
 .rodata.__bi_48
                0x1000f9a0        0xc CMakeFiles/rp2350_dev.dir/C_/Users/kr84T/.pico-sdk/sdk/2.1.1/src/rp2_common/pico_standard_binary_info/standard_binary_info.c.obj
 .rodata.__bi_42
                0x1000f9ac        0xc CMakeFiles/rp2350_dev.dir/C_/Users/kr84T/.pico-sdk/sdk/2.1.1/src/rp2_common/pico_standard_binary_info/standard_binary_info.c.obj
 .rodata.__bi_34
                0x1000f9b8        0xc CMakeFiles/rp2350_dev.dir/C_/Users/kr84T/.pico-sdk/sdk/2.1.1/src/rp2_common/pico_standard_binary_info/standard_binary_info.c.obj
 .rodata.__bi_26
                0x1000f9c4        0xc CMakeFiles/rp2350_dev.dir/C_/Users/kr84T/.pico-sdk/sdk/2.1.1/src/rp2_common/pico_standard_binary_info/standard_binary_info.c.obj
 .rodata._ftoa.str1.4
                0x1000f9d0       0x15 CMakeFiles/rp2350_dev.dir/C_/Users/kr84T/.pico-sdk/sdk/2.1.1/src/rp2_common/pico_printf/printf.c.obj
 .rodata.pow10.0
                0x1000f9d0       0x50 CMakeFiles/rp2350_dev.dir/C_/Users/kr84T/.pico-sdk/sdk/2.1.1/src/rp2_common/pico_printf/printf.c.obj
 .rodata.__assert_func.str1.4
                0x1000fa20       0x43 CMakeFiles/rp2350_dev.dir/C_/Users/kr84T/.pico-sdk/sdk/2.1.1/src/rp2_common/pico_clib_interface/newlib_interface.c.obj
 .rodata.crlf_str.0
                0x1000fa20        0x2 CMakeFiles/rp2350_dev.dir/C_/Users/kr84T/.pico-sdk/sdk/2.1.1/src/rp2_common/pico_stdio/stdio.c.obj
 *fill*         0x1000fa22        0x2 
 .rodata._resetd_driver
                0x1000fa24       0x20 CMakeFiles/rp2350_dev.dir/C_/Users/kr84T/.pico-sdk/sdk/2.1.1/src/rp2_common/pico_stdio_usb/reset_interface.c.obj
 .rodata.desc_ms_os_20
                0x1000fa44       0xa6 CMakeFiles/rp2350_dev.dir/C_/Users/kr84T/.pico-sdk/sdk/2.1.1/src/rp2_common/pico_stdio_usb/reset_interface.c.obj
 *fill*         0x1000faea        0x2 
 .rodata.desc_bos
                0x1000faec       0x21 CMakeFiles/rp2350_dev.dir/C_/Users/kr84T/.pico-sdk/sdk/2.1.1/src/rp2_common/pico_stdio_usb/reset_interface.c.obj
                0x1000faec                desc_bos
 .rodata.str1.4
                0x1000fb0d       0x13 CMakeFiles/rp2350_dev.dir/C_/Users/kr84T/.pico-sdk/sdk/2.1.1/src/rp2_common/pico_stdio_usb/stdio_usb.c.obj