Archive member included to satisfy reference by file (symbol)

C:/Users/kr84T/.pico-sdk/toolchain/14_2_Rel1/bin/../lib/gcc/arm-none-eabi/14.2.1/thumb/v8-m.main+fp/softfp\libm.a(libm_a-wf_sqrt.o)
                              CMakeFiles/rp2350_dev.dir/C_/Users/kr84T/.pico-sdk/sdk/2.1.1/src/rp2_common/pico_float/float_math.c.obj (sqrtf)
C:/Users/kr84T/.pico-sdk/toolchain/14_2_Rel1/bin/../lib/gcc/arm-none-eabi/14.2.1/thumb/v8-m.main+fp/softfp\libm.a(libm_a-ef_sqrt.o)
                              C:/Users/kr84T/.pico-sdk/toolchain/14_2_Rel1/bin/../lib/gcc/arm-none-eabi/14.2.1/thumb/v8-m.main+fp/softfp\libm.a(libm_a-wf_sqrt.o) (__ieee754_sqrtf)
C:/Users/kr84T/.pico-sdk/toolchain/14_2_Rel1/bin/../lib/gcc/arm-none-eabi/14.2.1/thumb/v8-m.main+fp/softfp\libgcc.a(_arm_addsubdf3.o)
                              CMakeFiles/rp2350_dev.dir/app_main.c.obj (__aeabi_f2d)
C:/Users/kr84T/.pico-sdk/toolchain/14_2_Rel1/bin/../lib/gcc/arm-none-eabi/14.2.1/thumb/v8-m.main+fp/softfp\libgcc.a(_aeabi_ldivmod.o)
                              CMakeFiles/rp2350_dev.dir/C_/Users/kr84T/.pico-sdk/sdk/2.1.1/src/common/pico_time/time.c.obj (__aeabi_ldivmod)
C:/Users/kr84T/.pico-sdk/toolchain/14_2_Rel1/bin/../lib/gcc/arm-none-eabi/14.2.1/thumb/v8-m.main+fp/softfp\libgcc.a(_aeabi_uldivmod.o)
                              CMakeFiles/rp2350_dev.dir/C_/Users/kr84T/.pico-sdk/sdk/2.1.1/src/rp2_common/hardware_clocks/clocks.c.obj (__aeabi_uldivmod)
C:/Users/kr84T/.pico-sdk/toolchain/14_2_Rel1/bin/../lib/gcc/arm-none-eabi/14.2.1/thumb/v8-m.main+fp/softfp\libgcc.a(_udivmoddi4.o)
                              C:/Users/kr84T/.pico-sdk/toolchain/14_2_Rel1/bin/../lib/gcc/arm-none-eabi/14.2.1/thumb/v8-m.main+fp/softfp\libgcc.a(_aeabi_ldivmod.o) (__udivmoddi4)
C:/Users/kr84T/.pico-sdk/toolchain/14_2_Rel1/bin/../lib/gcc/arm-none-eabi/14.2.1/thumb/v8-m.main+fp/softfp\libgcc.a(_dvmd_tls.o)
                              C:/Users/kr84T/.pico-sdk/toolchain/14_2_Rel1/bin/../lib/gcc/arm-none-eabi/14.2.1/thumb/v8-m.main+fp/softfp\libgcc.a(_aeabi_ldivmod.o) (__aeabi_ldiv0)
C:/Users/kr84T/.pico-sdk/toolchain/14_2_Rel1/bin/../lib/gcc/arm-none-eabi/14.2.1/thumb/v8-m.main+fp/softfp\libg.a(libc_a-atoi.o)
                              CMakeFiles/rp2350_dev.dir/dbg_com.c.obj (atoi)
C:/Users/kr84T/.pico-sdk/toolchain/14_2_Rel1/bin/../lib/gcc/arm-none-eabi/14.2.1/thumb/v8-m.main+fp/softfp\libg.a(libc_a-calloc.o)
                              CMakeFiles/rp2350_dev.dir/C_/Users/kr84T/.pico-sdk/sdk/2.1.1/src/rp2_common/pico_malloc/malloc.c.obj (calloc)
C:/Users/kr84T/.pico-sdk/toolchain/14_2_Rel1/bin/../lib/gcc/arm-none-eabi/14.2.1/thumb/v8-m.main+fp/softfp\libg.a(libc_a-callocr.o)
                              C:/Users/kr84T/.pico-sdk/toolchain/14_2_Rel1/bin/../lib/gcc/arm-none-eabi/14.2.1/thumb/v8-m.main+fp/softfp\libg.a(libc_a-calloc.o) (_calloc_r)
C:/Users/kr84T/.pico-sdk/toolchain/14_2_Rel1/bin/../lib/gcc/arm-none-eabi/14.2.1/thumb/v8-m.main+fp/softfp\libg.a(libc_a-malloc.o)
                              CMakeFiles/rp2350_dev.dir/C_/Users/kr84T/.pico-sdk/sdk/2.1.1/src/rp2_common/pico_malloc/malloc.c.obj (malloc)
C:/Users/kr84T/.pico-sdk/toolchain/14_2_Rel1/bin/../lib/gcc/arm-none-eabi/14.2.1/thumb/v8-m.main+fp/softfp\libg.a(libc_a-mallocr.o)
                              C:/Users/kr84T/.pico-sdk/toolchain/14_2_Rel1/bin/../lib/gcc/arm-none-eabi/14.2.1/thumb/v8-m.main+fp/softfp\libg.a(libc_a-callocr.o) (_malloc_r)
C:/Users/kr84T/.pico-sdk/toolchain/14_2_Rel1/bin/../lib/gcc/arm-none-eabi/14.2.1/thumb/v8-m.main+fp/softfp\libg.a(libc_a-mlock.o)
                              C:/Users/kr84T/.pico-sdk/toolchain/14_2_Rel1/bin/../lib/gcc/arm-none-eabi/14.2.1/thumb/v8-m.main+fp/softfp\libg.a(libc_a-mallocr.o) (__malloc_lock)
C:/Users/kr84T/.pico-sdk/toolchain/14_2_Rel1/bin/../lib/gcc/arm-none-eabi/14.2.1/thumb/v8-m.main+fp/softfp\libg.a(libc_a-realloc.o)
                              CMakeFiles/rp2350_dev.dir/C_/Users/kr84T/.pico-sdk/sdk/2.1.1/src/rp2_common/pico_malloc/malloc.c.obj (realloc)
C:/Users/kr84T/.pico-sdk/toolchain/14_2_Rel1/bin/../lib/gcc/arm-none-eabi/14.2.1/thumb/v8-m.main+fp/softfp\libg.a(libc_a-reallocr.o)
                              C:/Users/kr84T/.pico-sdk/toolchain/14_2_Rel1/bin/../lib/gcc/arm-none-eabi/14.2.1/thumb/v8-m.main+fp/softfp\libg.a(libc_a-realloc.o) (_realloc_r)
C:/Users/kr84T/.pico-sdk/toolchain/14_2_Rel1/bin/../lib/gcc/arm-none-eabi/14.2.1/thumb/v8-m.main+fp/softfp\libg.a(libc_a-strtol.o)
                              C:/Users/kr84T/.pico-sdk/toolchain/14_2_Rel1/bin/../lib/gcc/arm-none-eabi/14.2.1/thumb/v8-m.main+fp/softfp\libg.a(libc_a-atoi.o) (_strtol_r)
C:/Users/kr84T/.pico-sdk/toolchain/14_2_Rel1/bin/../lib/gcc/arm-none-eabi/14.2.1/thumb/v8-m.main+fp/softfp\libg.a(libc_a-ctype_.o)
                              C:/Users/kr84T/.pico-sdk/toolchain/14_2_Rel1/bin/../lib/gcc/arm-none-eabi/14.2.1/thumb/v8-m.main+fp/softfp\libg.a(libc_a-strtol.o) (_ctype_)
[...]
Memory Configuration

Name             Origin             Length             Attributes
FLASH            0x10000000         0x00400000         xr
RAM              0x20000000         0x00080000         xrw
SCRATCH_X        0x20080000         0x00001000         xrw
SCRATCH_Y        0x20081000         0x00001000         xrw
*default*        0x00000000         0xffffffff

Linker script and memory map

LOAD C:/Users/kr84T/.pico-sdk/toolchain/14_2_Rel1/bin/../lib/gcc/arm-none-eabi/14.2.1/thumb/v8-m.main+fp/softfp/crti.o
LOAD C:/Users/kr84T/.pico-sdk/toolchain/14_2_Rel1/bin/../lib/gcc/arm-none-eabi/14.2.1/thumb/v8-m.main+fp/softfp/crtbegin.o
LOAD C:/Users/kr84T/.pico-sdk/toolchain/14_2_Rel1/bin/../lib/gcc/arm-none-eabi/14.2.1/thumb/v8-m.main+fp/softfp/crt0.o

.flash_begin    0x10000000        0x0
                0x10000000                        __flash_binary_start = .

.text           0x10000000     0x8140
                0x10000000                        __logical_binary_start = .
 *(.vectors)
 .vectors       0x10000000      0x124 CMakeFiles/rp2350_dev.dir/C_/Users/kr84T/.pico-sdk/sdk/2.1.1/src/rp2_common/pico_crt0/crt0.S.obj
                0x10000000                __VECTOR_TABLE
                0x10000000                __vectors
                0x10000110                __default_isrs_start
                0x10000110                isr_invalid
                0x10000112                isr_nmi
                0x10000114                isr_hardfault
                0x10000116                isr_svcall
                0x10000118                isr_pendsv
                0x1000011a                isr_systick
                0x1000011c                isr_irq31
                0x1000011c                isr_irq5
                0x1000011c                isr_irq11
                0x1000011c                isr_irq32
                0x1000011c                isr_irq23
                0x1000011c                isr_irq48
                0x1000011c                isr_irq35
                0x1000011c                isr_irq18
                0x1000011c                isr_irq50
                0x1000011c                isr_irq27
                0x1000011c                isr_irq40
                0x1000011c                isr_irq28
                0x1000011c                isr_irq19
                0x1000011c                isr_irq36
                0x1000011c                isr_irq41
                0x1000011c                isr_irq0
                0x1000011c                isr_irq6
                0x1000011c                isr_irq45
                0x1000011c                isr_irq12
                0x1000011c                isr_irq37
                0x1000011c                isr_irq42
                0x1000011c                isr_irq22
                0x1000011c                isr_irq43
                0x1000011c                isr_irq17
                0x1000011c                isr_irq38
                0x1000011c                isr_irq14
                0x1000011c                isr_irq13
                0x1000011c                isr_irq2
                0x1000011c                isr_irq10
                0x1000011c                isr_irq8
                0x1000011c                isr_irq24
                0x1000011c                isr_irq46
                0x1000011c                isr_irq1
                0x1000011c                isr_irq47
                0x1000011c                isr_irq51
                0x1000011c                isr_irq7
                0x1000011c                isr_irq21
                0x1000011c                isr_irq39
                0x1000011c                isr_irq20
                0x1000011c                isr_irq15
                0x1000011c                isr_irq25
                0x1000011c                isr_irq34
                0x1000011c                isr_irq49
                0x1000011c                __unhandled_user_irq
                0x1000011c                isr_irq4
                0x1000011c                isr_irq16
                0x1000011c                isr_irq44
                0x1000011c                isr_irq29
                0x1000011c                isr_irq26
                0x1000011c                __default_isrs_end
                0x1000011c                isr_irq33
                0x1000011c                isr_irq3
                0x1000011c                isr_irq30
                0x1000011c                isr_irq9
                0x10000122                unhandled_user_irq_num_in_r0
 *(.binary_info_header)
 .binary_info_header
                0x10000124       0x14 CMakeFiles/rp2350_dev.dir/C_/Users/kr84T/.pico-sdk/sdk/2.1.1/src/rp2_common/pico_crt0/crt0.S.obj
                0x10000138                        __binary_info_header_end = .
 *(.embedded_block)
 .embedded_block
                0x10000138       0x14 CMakeFiles/rp2350_dev.dir/C_/Users/kr84T/.pico-sdk/sdk/2.1.1/src/rp2_common/pico_crt0/crt0.S.obj
                0x1000014c                        __embedded_block_end = .
 *(.reset)
 .reset         0x1000014c       0xa0 CMakeFiles/rp2350_dev.dir/C_/Users/kr84T/.pico-sdk/sdk/2.1.1/src/rp2_common/pico_crt0/crt0.S.obj
                0x1000014c                _entry_point
 *(.init)
 .init          0x100001ec        0x4 C:/Users/kr84T/.pico-sdk/toolchain/14_2_Rel1/bin/../lib/gcc/arm-none-eabi/14.2.1/thumb/v8-m.main+fp/softfp/crti.o
                0x100001ec                _init
 SORT_BY_NAME(REVERSE(*libgcc.a:cmse_nonsecure_call.o))()
 *(EXCLUDE_FILE(*libm.a: *libc.a:*lib_a-mem*.o *libgcc.a:) .text*)
 .text.register_tm_clones
                0x100001f0       0x28 C:/Users/kr84T/.pico-sdk/toolchain/14_2_Rel1/bin/../lib/gcc/arm-none-eabi/14.2.1/thumb/v8-m.main+fp/softfp/crtbegin.o
 .text.frame_dummy
                0x10000218       0x24 C:/Users/kr84T/.pico-sdk/toolchain/14_2_Rel1/bin/../lib/gcc/arm-none-eabi/14.2.1/thumb/v8-m.main+fp/softfp/crtbegin.o
 .text.alarm_callback
                0x1000023c        0x8 CMakeFiles/rp2350_dev.dir/rp2350_dev.c.obj
                0x1000023c                alarm_callback
 .text.core_1_main
                0x10000244        0x8 CMakeFiles/rp2350_dev.dir/rp2350_dev.c.obj
                0x10000244                core_1_main
 .text.blink_program_init
                0x1000024c       0x90 CMakeFiles/rp2350_dev.dir/rp2350_dev.c.obj
                0x1000024c                blink_program_init
 .text.blink_pin_forever
                0x100002dc       0x3c CMakeFiles/rp2350_dev.dir/rp2350_dev.c.obj
                0x100002dc                blink_pin_forever
 .text.startup.main
                0x10000318      0x1e4 CMakeFiles/rp2350_dev.dir/rp2350_dev.c.obj
                0x10000318                main
 .text.int_add_test
                0x100004fc       0x2c CMakeFiles/rp2350_dev.dir/app_main.c.obj
                0x100004fc                int_add_test
 .text.int_sub_test
                0x10000528       0x34 CMakeFiles/rp2350_dev.dir/app_main.c.obj
                0x10000528                int_sub_test
 .text.int_mul_test
                0x1000055c       0x2c CMakeFiles/rp2350_dev.dir/app_main.c.obj
                0x1000055c                int_mul_test
 .text.int_div_test
                0x10000588       0x2c CMakeFiles/rp2350_dev.dir/app_main.c.obj
                0x10000588                int_div_test
 .text.float_add_test
                0x100005b4       0x40 CMakeFiles/rp2350_dev.dir/app_main.c.obj
                0x100005b4                float_add_test
 .text.float_sub_test
                0x100005f4       0x44 CMakeFiles/rp2350_dev.dir/app_main.c.obj
                0x100005f4                float_sub_test
 .text.float_mul_test
                0x10000638       0x3c CMakeFiles/rp2350_dev.dir/app_main.c.obj
                0x10000638                float_mul_test
 .text.float_div_test
                0x10000674       0x3c CMakeFiles/rp2350_dev.dir/app_main.c.obj
                0x10000674                float_div_test
 .text.double_add_test
                0x100006b0       0x58 CMakeFiles/rp2350_dev.dir/app_main.c.obj
                0x100006b0                double_add_test
 .text.double_sub_test
                0x10000708       0x58 CMakeFiles/rp2350_dev.dir/app_main.c.obj
                0x10000708                double_sub_test
 .text.double_mul_test
                0x10000760       0x48 CMakeFiles/rp2350_dev.dir/app_main.c.obj
                0x10000760                double_mul_test
 .text.double_div_test
                0x100007a8       0x48 CMakeFiles/rp2350_dev.dir/app_main.c.obj
                0x100007a8                double_div_test
 .text.trig_functions_test
                0x100007f0       0xc4 CMakeFiles/rp2350_dev.dir/app_main.c.obj
                0x100007f0                trig_functions_test
 *fill*         0x100008b4        0x4 
 .text.atan2_test
                0x100008b8       0x88 CMakeFiles/rp2350_dev.dir/app_main.c.obj
                0x100008b8                atan2_test
 .text.tan_355_226_test
                0x10000940       0x38 CMakeFiles/rp2350_dev.dir/app_main.c.obj
                0x10000940                tan_355_226_test
 .text.inverse_sqrt_test
                0x10000978       0x78 CMakeFiles/rp2350_dev.dir/app_main.c.obj
                0x10000978                inverse_sqrt_test
 .text.calculate_pi_gauss_legendre
                0x100009f0      0x148 CMakeFiles/rp2350_dev.dir/app_main.c.obj
                0x100009f0                calculate_pi_gauss_legendre
 .text.measure_execution_time
                0x10000b38       0x34 CMakeFiles/rp2350_dev.dir/app_main.c.obj
                0x10000b38                measure_execution_time
 .text.app_core_0_main
                0x10000b6c        0x4 CMakeFiles/rp2350_dev.dir/app_main.c.obj
                0x10000b6c                app_core_0_main
 .text.app_core_1_main
                0x10000b70       0x5c CMakeFiles/rp2350_dev.dir/app_main.c.obj
                0x10000b70                app_core_1_main
 .text.dbg_com_init
                0x10000bcc       0xe8 CMakeFiles/rp2350_dev.dir/dbg_com.c.obj
                0x10000bcc                dbg_com_init
 .text.dbg_com_process
                0x10000cb4      0x3f8 CMakeFiles/rp2350_dev.dir/dbg_com.c.obj
                0x10000cb4                dbg_com_process
 .text.gpio_set_function
                0x100010ac       0x3c CMakeFiles/rp2350_dev.dir/C_/Users/kr84T/.pico-sdk/sdk/2.1.1/src/rp2_common/hardware_gpio/gpio.c.obj
                0x100010ac                gpio_set_function
 .text.gpio_set_pulls
                0x100010e8       0x28 CMakeFiles/rp2350_dev.dir/C_/Users/kr84T/.pico-sdk/sdk/2.1.1/src/rp2_common/hardware_gpio/gpio.c.obj
                0x100010e8                gpio_set_pulls
 .text.panic    0x10001110       0x30 CMakeFiles/rp2350_dev.dir/C_/Users/kr84T/.pico-sdk/sdk/2.1.1/src/rp2_common/pico_platform_panic/panic.c.obj
                0x10001110                panic
 .text.hw_claim_lock
                0x10001140       0x24 CMakeFiles/rp2350_dev.dir/C_/Users/kr84T/.pico-sdk/sdk/2.1.1/src/common/hardware_claim/claim.c.obj
                0x10001140                hw_claim_lock
 .text.hw_claim_unlock
                0x10001164       0x14 CMakeFiles/rp2350_dev.dir/C_/Users/kr84T/.pico-sdk/sdk/2.1.1/src/common/hardware_claim/claim.c.obj
                0x10001164                hw_claim_unlock
 .text.hw_claim_or_assert
                0x10001178       0x58 CMakeFiles/rp2350_dev.dir/C_/Users/kr84T/.pico-sdk/sdk/2.1.1/src/common/hardware_claim/claim.c.obj
                0x10001178                hw_claim_or_assert
 .text.hw_claim_unused_from_range
                0x100011d0       0x80 CMakeFiles/rp2350_dev.dir/C_/Users/kr84T/.pico-sdk/sdk/2.1.1/src/common/hardware_claim/claim.c.obj
                0x100011d0                hw_claim_unused_from_range
 .text.next_striped_spin_lock_num
                0x10001250       0x18 CMakeFiles/rp2350_dev.dir/C_/Users/kr84T/.pico-sdk/sdk/2.1.1/src/rp2_common/hardware_sync/sync.c.obj
                0x10001250                next_striped_spin_lock_num
 .text.spin_lock_claim_unused
                0x10001268       0x20 CMakeFiles/rp2350_dev.dir/C_/Users/kr84T/.pico-sdk/sdk/2.1.1/src/rp2_common/hardware_sync/sync.c.obj
                0x10001268                spin_lock_claim_unused
 .text.spinlock_set_extexclall
                0x10001288       0x10 CMakeFiles/rp2350_dev.dir/C_/Users/kr84T/.pico-sdk/sdk/2.1.1/src/rp2_common/hardware_sync_spin_lock/sync_spin_lock.c.obj
 .text.spin_locks_reset
                0x10001298       0x18 CMakeFiles/rp2350_dev.dir/C_/Users/kr84T/.pico-sdk/sdk/2.1.1/src/rp2_common/hardware_sync_spin_lock/sync_spin_lock.c.obj
                0x10001298                spin_locks_reset
 .text.runtime_init_per_core_irq_priorities
                0x100012b0       0x40 CMakeFiles/rp2350_dev.dir/C_/Users/kr84T/.pico-sdk/sdk/2.1.1/src/rp2_common/hardware_irq/irq.c.obj
                0x100012b0                runtime_init_per_core_irq_priorities
 .text.irq_set_enabled
                0x100012f0       0x2c CMakeFiles/rp2350_dev.dir/C_/Users/kr84T/.pico-sdk/sdk/2.1.1/src/rp2_common/hardware_irq/irq.c.obj
                0x100012f0                irq_set_enabled
 .text.irq_is_enabled
                0x1000131c       0x20 CMakeFiles/rp2350_dev.dir/C_/Users/kr84T/.pico-sdk/sdk/2.1.1/src/rp2_common/hardware_irq/irq.c.obj
                0x1000131c                irq_is_enabled
 .text.irq_set_pending
                0x1000133c       0x18 CMakeFiles/rp2350_dev.dir/C_/Users/kr84T/.pico-sdk/sdk/2.1.1/src/rp2_common/hardware_irq/irq.c.obj
                0x1000133c                irq_set_pending
 .text.irq_has_shared_handler
                0x10001354       0x20 CMakeFiles/rp2350_dev.dir/C_/Users/kr84T/.pico-sdk/sdk/2.1.1/src/rp2_common/hardware_irq/irq.c.obj
                0x10001354                irq_has_shared_handler
 .text.irq_set_exclusive_handler
                0x10001374       0x60 CMakeFiles/rp2350_dev.dir/C_/Users/kr84T/.pico-sdk/sdk/2.1.1/src/rp2_common/hardware_irq/irq.c.obj
                0x10001374                irq_set_exclusive_handler
 .text.irq_add_shared_handler
                0x100013d4      0x1e8 CMakeFiles/rp2350_dev.dir/C_/Users/kr84T/.pico-sdk/sdk/2.1.1/src/rp2_common/hardware_irq/irq.c.obj
                0x100013d4                irq_add_shared_handler
 .text.irq_add_tail_to_free_list
                0x100015bc       0xbc CMakeFiles/rp2350_dev.dir/C_/Users/kr84T/.pico-sdk/sdk/2.1.1/src/rp2_common/hardware_irq/irq.c.obj
                0x100015bc                irq_add_tail_to_free_list
 .text.user_irq_claim_unused
                0x10001678       0x28 CMakeFiles/rp2350_dev.dir/C_/Users/kr84T/.pico-sdk/sdk/2.1.1/src/rp2_common/hardware_irq/irq.c.obj
                0x10001678                user_irq_claim_unused
 .text.lock_init
                0x100016a0        0xc CMakeFiles/rp2350_dev.dir/C_/Users/kr84T/.pico-sdk/sdk/2.1.1/src/common/pico_sync/lock_core.c.obj
                0x100016a0                lock_init
 .text.runtime_init_mutex
                0x100016ac       0x4c CMakeFiles/rp2350_dev.dir/C_/Users/kr84T/.pico-sdk/sdk/2.1.1/src/common/pico_sync/mutex.c.obj
                0x100016ac                runtime_init_mutex
 .text.mutex_init
                0x100016f8       0x1c CMakeFiles/rp2350_dev.dir/C_/Users/kr84T/.pico-sdk/sdk/2.1.1/src/common/pico_sync/mutex.c.obj
                0x100016f8                mutex_init
 .text.critical_section_init
                0x10001714       0x1c CMakeFiles/rp2350_dev.dir/C_/Users/kr84T/.pico-sdk/sdk/2.1.1/src/common/pico_sync/critical_section.c.obj
                0x10001714                critical_section_init
 .text.critical_section_init_with_lock_num
                0x10001730       0x10 CMakeFiles/rp2350_dev.dir/C_/Users/kr84T/.pico-sdk/sdk/2.1.1/src/common/pico_sync/critical_section.c.obj
                0x10001730                critical_section_init_with_lock_num
 .text.sleep_until_callback
                0x10001740       0x3c CMakeFiles/rp2350_dev.dir/C_/Users/kr84T/.pico-sdk/sdk/2.1.1/src/common/pico_time/time.c.obj
 *fill*         0x1000177c        0x4 
 .text.alarm_pool_irq_handler
                0x10001780      0x2f0 CMakeFiles/rp2350_dev.dir/C_/Users/kr84T/.pico-sdk/sdk/2.1.1/src/common/pico_time/time.c.obj
 .text.runtime_init_default_alarm_pool
                0x10001a70      0x100 CMakeFiles/rp2350_dev.dir/C_/Users/kr84T/.pico-sdk/sdk/2.1.1/src/common/pico_time/time.c.obj
                0x10001a70                runtime_init_default_alarm_pool
 .text.alarm_pool_get_default
                0x10001b70        0x8 CMakeFiles/rp2350_dev.dir/C_/Users/kr84T/.pico-sdk/sdk/2.1.1/src/common/pico_time/time.c.obj
                0x10001b70                alarm_pool_get_default
 .text.alarm_pool_add_alarm_at
                0x10001b78       0xdc CMakeFiles/rp2350_dev.dir/C_/Users/kr84T/.pico-sdk/sdk/2.1.1/src/common/pico_time/time.c.obj
                0x10001b78                alarm_pool_add_alarm_at
 .text.alarm_pool_add_alarm_at_force_in_context
                0x10001c54       0xc8 CMakeFiles/rp2350_dev.dir/C_/Users/kr84T/.pico-sdk/sdk/2.1.1/src/common/pico_time/time.c.obj
                0x10001c54                alarm_pool_add_alarm_at_force_in_context
 .text.alarm_pool_cancel_alarm
                0x10001d1c       0x80 CMakeFiles/rp2350_dev.dir/C_/Users/kr84T/.pico-sdk/sdk/2.1.1/src/common/pico_time/time.c.obj
                0x10001d1c                alarm_pool_cancel_alarm
 .text.alarm_pool_core_num
                0x10001d9c        0x4 CMakeFiles/rp2350_dev.dir/C_/Users/kr84T/.pico-sdk/sdk/2.1.1/src/common/pico_time/time.c.obj
                0x10001d9c                alarm_pool_core_num
 .text.best_effort_wfe_or_timeout
                0x10001da0       0xd4 CMakeFiles/rp2350_dev.dir/C_/Users/kr84T/.pico-sdk/sdk/2.1.1/src/common/pico_time/time.c.obj
                0x10001da0                best_effort_wfe_or_timeout
 .text.timer_hardware_alarm_claim
                0x10001e74       0x24 CMakeFiles/rp2350_dev.dir/C_/Users/kr84T/.pico-sdk/sdk/2.1.1/src/rp2_common/hardware_timer/timer.c.obj
                0x10001e74                timer_hardware_alarm_claim
 .text.timer_time_us_64
                0x10001e98       0x10 CMakeFiles/rp2350_dev.dir/C_/Users/kr84T/.pico-sdk/sdk/2.1.1/src/rp2_common/hardware_timer/timer.c.obj
                0x10001e98                timer_time_us_64
 .text.time_us_64
                0x10001ea8       0x14 CMakeFiles/rp2350_dev.dir/C_/Users/kr84T/.pico-sdk/sdk/2.1.1/src/rp2_common/hardware_timer/timer.c.obj
                0x10001ea8                time_us_64
 .text.busy_wait_us
                0x10001ebc       0x5c CMakeFiles/rp2350_dev.dir/C_/Users/kr84T/.pico-sdk/sdk/2.1.1/src/rp2_common/hardware_timer/timer.c.obj
                0x10001ebc                busy_wait_us
 .text.uart_init
                0x10001f18      0x104 CMakeFiles/rp2350_dev.dir/C_/Users/kr84T/.pico-sdk/sdk/2.1.1/src/rp2_common/hardware_uart/uart.c.obj
                0x10001f18                uart_init
 .text.clock_configure_undivided
                0x1000201c       0xd0 CMakeFiles/rp2350_dev.dir/C_/Users/kr84T/.pico-sdk/sdk/2.1.1/src/rp2_common/hardware_clocks/clocks.c.obj
                0x1000201c                clock_configure_undivided
 .text.clock_get_hz
                0x100020ec        0xc CMakeFiles/rp2350_dev.dir/C_/Users/kr84T/.pico-sdk/sdk/2.1.1/src/rp2_common/hardware_clocks/clocks.c.obj
                0x100020ec                clock_get_hz
 .text.pll_init
                0x100020f8       0x8c CMakeFiles/rp2350_dev.dir/C_/Users/kr84T/.pico-sdk/sdk/2.1.1/src/rp2_common/hardware_pll/pll.c.obj
                0x100020f8                pll_init
 .text.watchdog_reboot
                0x10002184       0x98 CMakeFiles/rp2350_dev.dir/C_/Users/kr84T/.pico-sdk/sdk/2.1.1/src/rp2_common/hardware_watchdog/watchdog.c.obj
                0x10002184                watchdog_reboot
 .text.tick_start
                0x1000221c       0x18 CMakeFiles/rp2350_dev.dir/C_/Users/kr84T/.pico-sdk/sdk/2.1.1/src/rp2_common/hardware_ticks/ticks.c.obj
                0x1000221c                tick_start
 .text.rom_reboot.constprop.0.isra.0
                0x10002234       0x34 CMakeFiles/rp2350_dev.dir/C_/Users/kr84T/.pico-sdk/sdk/2.1.1/src/rp2_common/pico_bootrom/bootrom.c.obj
 .text.rom_func_lookup
                0x10002268       0x18 CMakeFiles/rp2350_dev.dir/C_/Users/kr84T/.pico-sdk/sdk/2.1.1/src/rp2_common/pico_bootrom/bootrom.c.obj
                0x10002268                rom_func_lookup
 .text.rom_reset_usb_boot_extra
                0x10002280       0x1c CMakeFiles/rp2350_dev.dir/C_/Users/kr84T/.pico-sdk/sdk/2.1.1/src/rp2_common/pico_bootrom/bootrom.c.obj
                0x10002280                rom_reset_usb_boot_extra
 .text.runtime_init_bootrom_locking_enable
                0x1000229c       0x14 CMakeFiles/rp2350_dev.dir/C_/Users/kr84T/.pico-sdk/sdk/2.1.1/src/rp2_common/pico_bootrom/bootrom_lock.c.obj
                0x1000229c                runtime_init_bootrom_locking_enable
 .text.runtime_init_boot_locks_reset
                0x100022b0       0x1c CMakeFiles/rp2350_dev.dir/C_/Users/kr84T/.pico-sdk/sdk/2.1.1/src/rp2_common/hardware_boot_lock/boot_lock.c.obj
                0x100022b0                runtime_init_boot_locks_reset
 .text.xosc_init
                0x100022cc       0x30 CMakeFiles/rp2350_dev.dir/C_/Users/kr84T/.pico-sdk/sdk/2.1.1/src/rp2_common/hardware_xosc/xosc.c.obj
                0x100022cc                xosc_init
 .text.first_per_core_initializer
                0x100022fc        0x4 CMakeFiles/rp2350_dev.dir/C_/Users/kr84T/.pico-sdk/sdk/2.1.1/src/rp2_common/pico_runtime/runtime.c.obj
 .text.hard_assertion_failure
                0x10002300        0xc CMakeFiles/rp2350_dev.dir/C_/Users/kr84T/.pico-sdk/sdk/2.1.1/src/rp2_common/pico_runtime/runtime.c.obj
                0x10002300                hard_assertion_failure
 .text.runtime_run_initializers
                0x1000230c       0x20 CMakeFiles/rp2350_dev.dir/C_/Users/kr84T/.pico-sdk/sdk/2.1.1/src/rp2_common/pico_runtime/runtime.c.obj
                0x1000230c                runtime_run_initializers
 .text.runtime_run_per_core_initializers
                0x1000232c       0x20 CMakeFiles/rp2350_dev.dir/C_/Users/kr84T/.pico-sdk/sdk/2.1.1/src/rp2_common/pico_runtime/runtime.c.obj
                0x1000232c                runtime_run_per_core_initializers
 .text.runtime_init_early_resets
                0x1000234c       0x34 CMakeFiles/rp2350_dev.dir/C_/Users/kr84T/.pico-sdk/sdk/2.1.1/src/rp2_common/pico_runtime_init/runtime_init.c.obj
                0x1000234c                runtime_init_early_resets
 .text.runtime_init_usb_power_down
                0x10002380       0x1c CMakeFiles/rp2350_dev.dir/C_/Users/kr84T/.pico-sdk/sdk/2.1.1/src/rp2_common/pico_runtime_init/runtime_init.c.obj
                0x10002380                runtime_init_usb_power_down
 .text.runtime_init_per_core_enable_coprocessors
                0x1000239c       0x1c CMakeFiles/rp2350_dev.dir/C_/Users/kr84T/.pico-sdk/sdk/2.1.1/src/rp2_common/pico_runtime_init/runtime_init.c.obj
                0x1000239c                runtime_init_per_core_enable_coprocessors
 .text.runtime_init_post_clock_resets
                0x100023b8       0x20 CMakeFiles/rp2350_dev.dir/C_/Users/kr84T/.pico-sdk/sdk/2.1.1/src/rp2_common/pico_runtime_init/runtime_init.c.obj
                0x100023b8                runtime_init_post_clock_resets
 .text.runtime_init_bootrom_reset
                0x100023d8       0x14 CMakeFiles/rp2350_dev.dir/C_/Users/kr84T/.pico-sdk/sdk/2.1.1/src/rp2_common/pico_runtime_init/runtime_init.c.obj
                0x100023d8                runtime_init_bootrom_reset
 .text.runtime_init_per_core_bootrom_reset
                0x100023ec       0x14 CMakeFiles/rp2350_dev.dir/C_/Users/kr84T/.pico-sdk/sdk/2.1.1/src/rp2_common/pico_runtime_init/runtime_init.c.obj
                0x100023ec                runtime_init_per_core_bootrom_reset
 .text.runtime_init_spin_locks_reset
                0x10002400        0x4 CMakeFiles/rp2350_dev.dir/C_/Users/kr84T/.pico-sdk/sdk/2.1.1/src/rp2_common/pico_runtime_init/runtime_init.c.obj
                0x10002400                runtime_init_spin_locks_reset
 .text.runtime_init_install_ram_vector_table
                0x10002404       0x20 CMakeFiles/rp2350_dev.dir/C_/Users/kr84T/.pico-sdk/sdk/2.1.1/src/rp2_common/pico_runtime_init/runtime_init.c.obj
                0x10002404                runtime_init_install_ram_vector_table
 .text.runtime_init_clocks
                0x10002424       0xdc CMakeFiles/rp2350_dev.dir/C_/Users/kr84T/.pico-sdk/sdk/2.1.1/src/rp2_common/pico_runtime_init/runtime_init_clocks.c.obj
                0x10002424                runtime_init_clocks
 .text.__rp2350_dcp_engaged_state_save_restore
                0x10002500       0x3a CMakeFiles/rp2350_dev.dir/C_/Users/kr84T/.pico-sdk/sdk/2.1.1/src/rp2_common/pico_double/double_aeabi_dcp.S.obj
 *fill*         0x1000253a        0x2 
 .text.__wrap___aeabi_dadd
                0x1000253c       0x28 CMakeFiles/rp2350_dev.dir/C_/Users/kr84T/.pico-sdk/sdk/2.1.1/src/rp2_common/pico_double/double_aeabi_dcp.S.obj
                0x10002544                __wrap___aeabi_dadd
 .text.__wrap___aeabi_dsub
                0x10002564       0x28 CMakeFiles/rp2350_dev.dir/C_/Users/kr84T/.pico-sdk/sdk/2.1.1/src/rp2_common/pico_double/double_aeabi_dcp.S.obj
                0x1000256c                __wrap___aeabi_dsub
 .text.__wrap___aeabi_dmul
                0x1000258c       0x4c CMakeFiles/rp2350_dev.dir/C_/Users/kr84T/.pico-sdk/sdk/2.1.1/src/rp2_common/pico_double/double_aeabi_dcp.S.obj
                0x10002594                __wrap___aeabi_dmul
 .text.__wrap___aeabi_ddiv
                0x100025d8       0x9c CMakeFiles/rp2350_dev.dir/C_/Users/kr84T/.pico-sdk/sdk/2.1.1/src/rp2_common/pico_double/double_aeabi_dcp.S.obj
                0x100025e0                __wrap___aeabi_ddiv
 .text.__wrap_sqrt
                0x10002674       0x98 CMakeFiles/rp2350_dev.dir/C_/Users/kr84T/.pico-sdk/sdk/2.1.1/src/rp2_common/pico_double/double_aeabi_dcp.S.obj
                0x1000267c                __wrap_sqrt
 .text.__wrap___aeabi_i2d
                0x1000270c       0x24 CMakeFiles/rp2350_dev.dir/C_/Users/kr84T/.pico-sdk/sdk/2.1.1/src/rp2_common/pico_double/double_aeabi_dcp.S.obj
                0x10002714                int2double
                0x10002714                __wrap___aeabi_i2d
 .text.__wrap___aeabi_ui2d
                0x10002730       0x24 CMakeFiles/rp2350_dev.dir/C_/Users/kr84T/.pico-sdk/sdk/2.1.1/src/rp2_common/pico_double/double_aeabi_dcp.S.obj
                0x10002738                uint2double
                0x10002738                __wrap___aeabi_ui2d
 .text.__wrap___aeabi_d2iz
                0x10002754       0x24 CMakeFiles/rp2350_dev.dir/C_/Users/kr84T/.pico-sdk/sdk/2.1.1/src/rp2_common/pico_double/double_aeabi_dcp.S.obj
                0x1000275c                double2int_z
                0x1000275c                __wrap___aeabi_d2iz
 .text.__wrap___aeabi_d2uiz
                0x10002778       0x24 CMakeFiles/rp2350_dev.dir/C_/Users/kr84T/.pico-sdk/sdk/2.1.1/src/rp2_common/pico_double/double_aeabi_dcp.S.obj
                0x10002780                double2uint
                0x10002780                __wrap___aeabi_d2uiz
                0x10002780                double2uint_z
 .text.__wrap___aeabi_dcmpun
                0x1000279c       0x24 CMakeFiles/rp2350_dev.dir/C_/Users/kr84T/.pico-sdk/sdk/2.1.1/src/rp2_common/pico_double/double_aeabi_dcp.S.obj
                0x100027a4                __wrap___aeabi_dcmpun
 .text.__wrap___aeabi_dcmplt
                0x100027c0       0x28 CMakeFiles/rp2350_dev.dir/C_/Users/kr84T/.pico-sdk/sdk/2.1.1/src/rp2_common/pico_double/double_aeabi_dcp.S.obj
                0x100027c8                __wrap___aeabi_dcmplt
 .text.__wrap___aeabi_dcmple
                0x100027e8       0x28 CMakeFiles/rp2350_dev.dir/C_/Users/kr84T/.pico-sdk/sdk/2.1.1/src/rp2_common/pico_double/double_aeabi_dcp.S.obj
                0x100027f0                __wrap___aeabi_dcmple
 .text.__wrap___aeabi_dcmpge
                0x10002810       0x28 CMakeFiles/rp2350_dev.dir/C_/Users/kr84T/.pico-sdk/sdk/2.1.1/src/rp2_common/pico_double/double_aeabi_dcp.S.obj
                0x10002818                __wrap___aeabi_dcmpge
 .text.__wrap___aeabi_dcmpgt
                0x10002838       0x28 CMakeFiles/rp2350_dev.dir/C_/Users/kr84T/.pico-sdk/sdk/2.1.1/src/rp2_common/pico_double/double_aeabi_dcp.S.obj
                0x10002840                __wrap___aeabi_dcmpgt
 .text.rtwopi   0x10002860       0xa0 CMakeFiles/rp2350_dev.dir/C_/Users/kr84T/.pico-sdk/sdk/2.1.1/src/rp2_common/pico_double/double_sci_m33.S.obj
                0x10002864                rtwopi
 .text.drrcore  0x10002900       0x64 CMakeFiles/rp2350_dev.dir/C_/Users/kr84T/.pico-sdk/sdk/2.1.1/src/rp2_common/pico_double/double_sci_m33.S.obj
 .text.__wrap_tan
                0x10002964        0xc CMakeFiles/rp2350_dev.dir/C_/Users/kr84T/.pico-sdk/sdk/2.1.1/src/rp2_common/pico_double/double_sci_m33.S.obj
                0x10002964                __wrap_tan
 .text.__wrap_sin_cos
                0x10002970      0x434 CMakeFiles/rp2350_dev.dir/C_/Users/kr84T/.pico-sdk/sdk/2.1.1/src/rp2_common/pico_double/double_sci_m33.S.obj
                0x10002b04                __wrap_sincos
                0x10002b20                __wrap_sin
                0x10002b2a                __wrap_cos
 .text.dpack    0x10002da4       0x58 CMakeFiles/rp2350_dev.dir/C_/Users/kr84T/.pico-sdk/sdk/2.1.1/src/rp2_common/pico_double/double_sci_m33.S.obj
 .text.trigtab  0x10002dfc      0x200 CMakeFiles/rp2350_dev.dir/C_/Users/kr84T/.pico-sdk/sdk/2.1.1/src/rp2_common/pico_double/double_sci_m33.S.obj
                0x10002dfc                trigtab
 .text.__wrap_atan2
                0x10002ffc      0x320 CMakeFiles/rp2350_dev.dir/C_/Users/kr84T/.pico-sdk/sdk/2.1.1/src/rp2_common/pico_double/double_sci_m33.S.obj
                0x10003104                __wrap_atan2
 .text._out_null
                0x1000331c        0x4 CMakeFiles/rp2350_dev.dir/C_/Users/kr84T/.pico-sdk/sdk/2.1.1/src/rp2_common/pico_printf/printf.c.obj
 .text._out_rev
                0x10003320       0x9c CMakeFiles/rp2350_dev.dir/C_/Users/kr84T/.pico-sdk/sdk/2.1.1/src/rp2_common/pico_printf/printf.c.obj
 .text._ntoa_format
                0x100033bc      0x1d4 CMakeFiles/rp2350_dev.dir/C_/Users/kr84T/.pico-sdk/sdk/2.1.1/src/rp2_common/pico_printf/printf.c.obj
 .text._out_char
                0x10003590        0x8 CMakeFiles/rp2350_dev.dir/C_/Users/kr84T/.pico-sdk/sdk/2.1.1/src/rp2_common/pico_printf/printf.c.obj
 .text._out_fct
                0x10003598        0xc CMakeFiles/rp2350_dev.dir/C_/Users/kr84T/.pico-sdk/sdk/2.1.1/src/rp2_common/pico_printf/printf.c.obj
 *fill*         0x100035a4        0x4 
 .text._ftoa    0x100035a8      0x4bc CMakeFiles/rp2350_dev.dir/C_/Users/kr84T/.pico-sdk/sdk/2.1.1/src/rp2_common/pico_printf/printf.c.obj
 *fill*         0x10003a64        0x4 
 .text._etoa    0x10003a68      0x574 CMakeFiles/rp2350_dev.dir/C_/Users/kr84T/.pico-sdk/sdk/2.1.1/src/rp2_common/pico_printf/printf.c.obj
 .text._vsnprintf
                0x10003fdc      0x9e4 CMakeFiles/rp2350_dev.dir/C_/Users/kr84T/.pico-sdk/sdk/2.1.1/src/rp2_common/pico_printf/printf.c.obj
 .text.vfctprintf
                0x100049c0       0x28 CMakeFiles/rp2350_dev.dir/C_/Users/kr84T/.pico-sdk/sdk/2.1.1/src/rp2_common/pico_printf/printf.c.obj
                0x100049c0                vfctprintf
 .text.weak_raw_vprintf
                0x100049e8       0x30 CMakeFiles/rp2350_dev.dir/C_/Users/kr84T/.pico-sdk/sdk/2.1.1/src/rp2_common/pico_printf/printf.c.obj
                0x100049e8                weak_raw_vprintf
 .text._exit    0x10004a18        0x4 CMakeFiles/rp2350_dev.dir/C_/Users/kr84T/.pico-sdk/sdk/2.1.1/src/rp2_common/pico_clib_interface/newlib_interface.c.obj
                0x10004a18                _exit
 .text.exit     0x10004a1c        0x8 CMakeFiles/rp2350_dev.dir/C_/Users/kr84T/.pico-sdk/sdk/2.1.1/src/rp2_common/pico_clib_interface/newlib_interface.c.obj
                0x10004a1c                exit
 .text.runtime_init
                0x10004a24       0x24 CMakeFiles/rp2350_dev.dir/C_/Users/kr84T/.pico-sdk/sdk/2.1.1/src/rp2_common/pico_clib_interface/newlib_interface.c.obj
                0x10004a24                runtime_init
 .text.stdio_out_chars_no_crlf
                0x10004a48        0x8 CMakeFiles/rp2350_dev.dir/C_/Users/kr84T/.pico-sdk/sdk/2.1.1/src/rp2_common/pico_stdio/stdio.c.obj
 .text.stdio_out_chars_crlf
                0x10004a50       0xb0 CMakeFiles/rp2350_dev.dir/C_/Users/kr84T/.pico-sdk/sdk/2.1.1/src/rp2_common/pico_stdio/stdio.c.obj
 .text.stdio_buffered_printer
                0x10004b00       0x60 CMakeFiles/rp2350_dev.dir/C_/Users/kr84T/.pico-sdk/sdk/2.1.1/src/rp2_common/pico_stdio/stdio.c.obj
 .text.stdio_put_string
                0x10004b60       0xec CMakeFiles/rp2350_dev.dir/C_/Users/kr84T/.pico-sdk/sdk/2.1.1/src/rp2_common/pico_stdio/stdio.c.obj
                0x10004b60                stdio_put_string
 .text.stdio_set_driver_enabled
                0x10004c4c       0x28 CMakeFiles/rp2350_dev.dir/C_/Users/kr84T/.pico-sdk/sdk/2.1.1/src/rp2_common/pico_stdio/stdio.c.obj
                0x10004c4c                stdio_set_driver_enabled
 .text.stdio_init_all
                0x10004c74        0x4 CMakeFiles/rp2350_dev.dir/C_/Users/kr84T/.pico-sdk/sdk/2.1.1/src/rp2_common/pico_stdio/stdio.c.obj
                0x10004c74                stdio_init_all
 .text.__wrap_getchar
                0x10004c78       0x70 CMakeFiles/rp2350_dev.dir/C_/Users/kr84T/.pico-sdk/sdk/2.1.1/src/rp2_common/pico_stdio/stdio.c.obj
                0x10004c78                stdio_getchar
                0x10004c78                __wrap_getchar
 .text.__wrap_putchar
                0x10004ce8       0x84 CMakeFiles/rp2350_dev.dir/C_/Users/kr84T/.pico-sdk/sdk/2.1.1/src/rp2_common/pico_stdio/stdio.c.obj
                0x10004ce8                __wrap_putchar
                0x10004ce8                stdio_putchar
 .text.__wrap_puts
                0x10004d6c       0x3c CMakeFiles/rp2350_dev.dir/C_/Users/kr84T/.pico-sdk/sdk/2.1.1/src/rp2_common/pico_stdio/stdio.c.obj
                0x10004d6c                stdio_puts
                0x10004d6c                __wrap_puts
 .text.__wrap_vprintf
                0x10004da8       0xc4 CMakeFiles/rp2350_dev.dir/C_/Users/kr84T/.pico-sdk/sdk/2.1.1/src/rp2_common/pico_stdio/stdio.c.obj
                0x10004da8                stdio_vprintf
                0x10004da8                __wrap_vprintf
 .text.__wrap_printf
                0x10004e6c       0x1c CMakeFiles/rp2350_dev.dir/C_/Users/kr84T/.pico-sdk/sdk/2.1.1/src/rp2_common/pico_stdio/stdio.c.obj
                0x10004e6c                __wrap_printf
                0x10004e6c                stdio_printf
 .text.resetd_init
                0x10004e88        0x4 CMakeFiles/rp2350_dev.dir/C_/Users/kr84T/.pico-sdk/sdk/2.1.1/src/rp2_common/pico_stdio_usb/reset_interface.c.obj
 .text.resetd_reset
                0x10004e8c        0xc CMakeFiles/rp2350_dev.dir/C_/Users/kr84T/.pico-sdk/sdk/2.1.1/src/rp2_common/pico_stdio_usb/reset_interface.c.obj
 .text.resetd_open
                0x10004e98       0x28 CMakeFiles/rp2350_dev.dir/C_/Users/kr84T/.pico-sdk/sdk/2.1.1/src/rp2_common/pico_stdio_usb/reset_interface.c.obj
 .text.resetd_xfer_cb
                0x10004ec0        0x4 CMakeFiles/rp2350_dev.dir/C_/Users/kr84T/.pico-sdk/sdk/2.1.1/src/rp2_common/pico_stdio_usb/reset_interface.c.obj
 .text.resetd_control_xfer_cb
                0x10004ec4       0x50 CMakeFiles/rp2350_dev.dir/C_/Users/kr84T/.pico-sdk/sdk/2.1.1/src/rp2_common/pico_stdio_usb/reset_interface.c.obj
 .text.tud_descriptor_bos_cb
                0x10004f14        0x8 CMakeFiles/rp2350_dev.dir/C_/Users/kr84T/.pico-sdk/sdk/2.1.1/src/rp2_common/pico_stdio_usb/reset_interface.c.obj
                0x10004f14                tud_descriptor_bos_cb
 .text.tud_vendor_control_xfer_cb
                0x10004f1c       0x28 CMakeFiles/rp2350_dev.dir/C_/Users/kr84T/.pico-sdk/sdk/2.1.1/src/rp2_common/pico_stdio_usb/reset_interface.c.obj
                0x10004f1c                tud_vendor_control_xfer_cb
 .text.usbd_app_driver_get_cb
                0x10004f44       0x10 CMakeFiles/rp2350_dev.dir/C_/Users/kr84T/.pico-sdk/sdk/2.1.1/src/rp2_common/pico_stdio_usb/reset_interface.c.obj
                0x10004f44                usbd_app_driver_get_cb
 .text.tud_cdc_line_coding_cb
                0x10004f54       0x18 CMakeFiles/rp2350_dev.dir/C_/Users/kr84T/.pico-sdk/sdk/2.1.1/src/rp2_common/pico_stdio_usb/reset_interface.c.obj
                0x10004f54                tud_cdc_line_coding_cb
 .text.stdio_usb_set_chars_available_callback
                0x10004f6c       0x14 CMakeFiles/rp2350_dev.dir/C_/Users/kr84T/.pico-sdk/sdk/2.1.1/src/rp2_common/pico_stdio_usb/stdio_usb.c.obj
                0x10004f6c                stdio_usb_set_chars_available_callback
 .text.timer_task
                0x10004f80       0x70 CMakeFiles/rp2350_dev.dir/C_/Users/kr84T/.pico-sdk/sdk/2.1.1/src/rp2_common/pico_stdio_usb/stdio_usb.c.obj
 .text.usb_irq  0x10004ff0        0xc CMakeFiles/rp2350_dev.dir/C_/Users/kr84T/.pico-sdk/sdk/2.1.1/src/rp2_common/pico_stdio_usb/stdio_usb.c.obj
 .text.stdio_usb_in_chars
                0x10004ffc       0x88 CMakeFiles/rp2350_dev.dir/C_/Users/kr84T/.pico-sdk/sdk/2.1.1/src/rp2_common/pico_stdio_usb/stdio_usb.c.obj
                0x10004ffc                stdio_usb_in_chars
 .text.stdio_usb_out_flush
                0x10005084       0x54 CMakeFiles/rp2350_dev.dir/C_/Users/kr84T/.pico-sdk/sdk/2.1.1/src/rp2_common/pico_stdio_usb/stdio_usb.c.obj
 .text.stdio_usb_out_chars
                0x100050d8       0xf4 CMakeFiles/rp2350_dev.dir/C_/Users/kr84T/.pico-sdk/sdk/2.1.1/src/rp2_common/pico_stdio_usb/stdio_usb.c.obj
 .text.low_priority_worker_irq
                0x100051cc       0xd8 CMakeFiles/rp2350_dev.dir/C_/Users/kr84T/.pico-sdk/sdk/2.1.1/src/rp2_common/pico_stdio_usb/stdio_usb.c.obj
 .text.stdio_usb_init
                0x100052a4       0xe8 CMakeFiles/rp2350_dev.dir/C_/Users/kr84T/.pico-sdk/sdk/2.1.1/src/rp2_common/pico_stdio_usb/stdio_usb.c.obj
                0x100052a4                stdio_usb_init
 .text.tud_descriptor_device_cb
                0x1000538c        0x8 CMakeFiles/rp2350_dev.dir/C_/Users/kr84T/.pico-sdk/sdk/2.1.1/src/rp2_common/pico_stdio_usb/stdio_usb_descriptors.c.obj
                0x1000538c                tud_descriptor_device_cb
 .text.tud_descriptor_configuration_cb
                0x10005394        0x8 CMakeFiles/rp2350_dev.dir/C_/Users/kr84T/.pico-sdk/sdk/2.1.1/src/rp2_common/pico_stdio_usb/stdio_usb_descriptors.c.obj
                0x10005394                tud_descriptor_configuration_cb
 .text.tud_descriptor_string_cb
                0x1000539c       0x70 CMakeFiles/rp2350_dev.dir/C_/Users/kr84T/.pico-sdk/sdk/2.1.1/src/rp2_common/pico_stdio_usb/stdio_usb_descriptors.c.obj
                0x1000539c                tud_descriptor_string_cb
 .text.startup._retrieve_unique_id_on_boot
                0x1000540c       0x30 CMakeFiles/rp2350_dev.dir/C_/Users/kr84T/.pico-sdk/sdk/2.1.1/src/rp2_common/pico_unique_id/unique_id.c.obj
 .text.pico_get_unique_board_id_string
                0x1000543c      0x184 CMakeFiles/rp2350_dev.dir/C_/Users/kr84T/.pico-sdk/sdk/2.1.1/src/rp2_common/pico_unique_id/unique_id.c.obj
                0x1000543c                pico_get_unique_board_id_string
 .text.dcd_init
                0x100055c0       0x8c CMakeFiles/rp2350_dev.dir/C_/Users/kr84T/.pico-sdk/sdk/2.1.1/lib/tinyusb/src/portable/raspberrypi/rp2040/dcd_rp2040.c.obj
                0x100055c0                dcd_init
 .text.dcd_int_enable
                0x1000564c        0x8 CMakeFiles/rp2350_dev.dir/C_/Users/kr84T/.pico-sdk/sdk/2.1.1/lib/tinyusb/src/portable/raspberrypi/rp2040/dcd_rp2040.c.obj
                0x1000564c                dcd_int_enable
 .text.dcd_set_address
                0x10005654       0x10 CMakeFiles/rp2350_dev.dir/C_/Users/kr84T/.pico-sdk/sdk/2.1.1/lib/tinyusb/src/portable/raspberrypi/rp2040/dcd_rp2040.c.obj
                0x10005654                dcd_set_address
 .text.dcd_sof_enable
                0x10005664       0x1c CMakeFiles/rp2350_dev.dir/C_/Users/kr84T/.pico-sdk/sdk/2.1.1/lib/tinyusb/src/portable/raspberrypi/rp2040/dcd_rp2040.c.obj
                0x10005664                dcd_sof_enable
 .text.dcd_edpt0_status_complete
                0x10005680       0x1c CMakeFiles/rp2350_dev.dir/C_/Users/kr84T/.pico-sdk/sdk/2.1.1/lib/tinyusb/src/portable/raspberrypi/rp2040/dcd_rp2040.c.obj
                0x10005680                dcd_edpt0_status_complete
 .text.dcd_edpt_open
                0x1000569c      0x104 CMakeFiles/rp2350_dev.dir/C_/Users/kr84T/.pico-sdk/sdk/2.1.1/lib/tinyusb/src/portable/raspberrypi/rp2040/dcd_rp2040.c.obj
                0x1000569c                dcd_edpt_open
 .text.dcd_edpt_close_all
                0x100057a0        0x4 CMakeFiles/rp2350_dev.dir/C_/Users/kr84T/.pico-sdk/sdk/2.1.1/lib/tinyusb/src/portable/raspberrypi/rp2040/dcd_rp2040.c.obj
                0x100057a0                dcd_edpt_close_all
 .text.dcd_edpt_xfer
                0x100057a4       0x28 CMakeFiles/rp2350_dev.dir/C_/Users/kr84T/.pico-sdk/sdk/2.1.1/lib/tinyusb/src/portable/raspberrypi/rp2040/dcd_rp2040.c.obj
                0x100057a4                dcd_edpt_xfer
 .text.dcd_edpt_stall
                0x100057cc       0x30 CMakeFiles/rp2350_dev.dir/C_/Users/kr84T/.pico-sdk/sdk/2.1.1/lib/tinyusb/src/portable/raspberrypi/rp2040/dcd_rp2040.c.obj
                0x100057cc                dcd_edpt_stall
 .text.dcd_edpt_clear_stall
                0x100057fc       0x24 CMakeFiles/rp2350_dev.dir/C_/Users/kr84T/.pico-sdk/sdk/2.1.1/lib/tinyusb/src/portable/raspberrypi/rp2040/dcd_rp2040.c.obj
                0x100057fc                dcd_edpt_clear_stall
 .text.rp2040_usb_init
                0x10005820       0x40 CMakeFiles/rp2350_dev.dir/C_/Users/kr84T/.pico-sdk/sdk/2.1.1/lib/tinyusb/src/portable/raspberrypi/rp2040/rp2040_usb.c.obj
                0x10005820                rp2040_usb_init
 .text.hw_endpoint_xfer_start
                0x10005860       0x40 CMakeFiles/rp2350_dev.dir/C_/Users/kr84T/.pico-sdk/sdk/2.1.1/lib/tinyusb/src/portable/raspberrypi/rp2040/rp2040_usb.c.obj
                0x10005860                hw_endpoint_xfer_start
 .text.configuration_reset
                0x100058a0       0x8c CMakeFiles/rp2350_dev.dir/C_/Users/kr84T/.pico-sdk/sdk/2.1.1/lib/tinyusb/src/device/usbd.c.obj
 .text.tud_event_hook_cb
                0x1000592c        0x4 CMakeFiles/rp2350_dev.dir/C_/Users/kr84T/.pico-sdk/sdk/2.1.1/lib/tinyusb/src/device/usbd.c.obj
                0x1000592c                tud_event_hook_cb
 .text.tud_sof_cb
                0x10005930        0x4 CMakeFiles/rp2350_dev.dir/C_/Users/kr84T/.pico-sdk/sdk/2.1.1/lib/tinyusb/src/device/usbd.c.obj
                0x10005930                tud_sof_cb
 .text.tud_descriptor_device_qualifier_cb
                0x10005934        0x4 CMakeFiles/rp2350_dev.dir/C_/Users/kr84T/.pico-sdk/sdk/2.1.1/lib/tinyusb/src/device/usbd.c.obj
                0x10005934                tud_descriptor_device_qualifier_cb
 .text.tud_descriptor_other_speed_configuration_cb
                0x10005938        0x4 CMakeFiles/rp2350_dev.dir/C_/Users/kr84T/.pico-sdk/sdk/2.1.1/lib/tinyusb/src/device/usbd.c.obj
                0x10005938                tud_descriptor_other_speed_configuration_cb
 .text.tud_mount_cb
                0x1000593c        0x4 CMakeFiles/rp2350_dev.dir/C_/Users/kr84T/.pico-sdk/sdk/2.1.1/lib/tinyusb/src/device/usbd.c.obj
                0x1000593c                tud_mount_cb
 .text.tud_umount_cb
                0x10005940        0x4 CMakeFiles/rp2350_dev.dir/C_/Users/kr84T/.pico-sdk/sdk/2.1.1/lib/tinyusb/src/device/usbd.c.obj
                0x10005940                tud_umount_cb
 .text.tud_suspend_cb
                0x10005944        0x4 CMakeFiles/rp2350_dev.dir/C_/Users/kr84T/.pico-sdk/sdk/2.1.1/lib/tinyusb/src/device/usbd.c.obj
                0x10005944                tud_suspend_cb
 .text.tud_resume_cb
                0x10005948        0x4 CMakeFiles/rp2350_dev.dir/C_/Users/kr84T/.pico-sdk/sdk/2.1.1/lib/tinyusb/src/device/usbd.c.obj
                0x10005948                tud_resume_cb
 .text.tud_mounted
                0x1000594c       0x10 CMakeFiles/rp2350_dev.dir/C_/Users/kr84T/.pico-sdk/sdk/2.1.1/lib/tinyusb/src/device/usbd.c.obj
                0x1000594c                tud_mounted
 .text.tud_suspended
                0x1000595c       0x10 CMakeFiles/rp2350_dev.dir/C_/Users/kr84T/.pico-sdk/sdk/2.1.1/lib/tinyusb/src/device/usbd.c.obj
                0x1000595c                tud_suspended
 .text.tud_rhport_init
                0x1000596c       0xf4 CMakeFiles/rp2350_dev.dir/C_/Users/kr84T/.pico-sdk/sdk/2.1.1/lib/tinyusb/src/device/usbd.c.obj
                0x1000596c                tud_rhport_init
 .text.tud_task_ext
                0x10005a60      0x784 CMakeFiles/rp2350_dev.dir/C_/Users/kr84T/.pico-sdk/sdk/2.1.1/lib/tinyusb/src/device/usbd.c.obj
                0x10005a60                tud_task_ext
 .text.usbd_open_edpt_pair
                0x100061e4       0x9c CMakeFiles/rp2350_dev.dir/C_/Users/kr84T/.pico-sdk/sdk/2.1.1/lib/tinyusb/src/device/usbd.c.obj
                0x100061e4                usbd_open_edpt_pair
 .text.usbd_edpt_open
                0x10006280       0x44 CMakeFiles/rp2350_dev.dir/C_/Users/kr84T/.pico-sdk/sdk/2.1.1/lib/tinyusb/src/device/usbd.c.obj
                0x10006280                usbd_edpt_open
 .text.usbd_edpt_claim
                0x100062c4       0x24 CMakeFiles/rp2350_dev.dir/C_/Users/kr84T/.pico-sdk/sdk/2.1.1/lib/tinyusb/src/device/usbd.c.obj
                0x100062c4                usbd_edpt_claim
 .text.usbd_edpt_release
                0x100062e8       0x24 CMakeFiles/rp2350_dev.dir/C_/Users/kr84T/.pico-sdk/sdk/2.1.1/lib/tinyusb/src/device/usbd.c.obj
                0x100062e8                usbd_edpt_release
 .text.usbd_edpt_xfer
                0x1000630c       0x70 CMakeFiles/rp2350_dev.dir/C_/Users/kr84T/.pico-sdk/sdk/2.1.1/lib/tinyusb/src/device/usbd.c.obj
                0x1000630c                usbd_edpt_xfer
 .text.tud_control_status
                0x1000637c       0x34 CMakeFiles/rp2350_dev.dir/C_/Users/kr84T/.pico-sdk/sdk/2.1.1/lib/tinyusb/src/device/usbd_control.c.obj
                0x1000637c                tud_control_status
 .text.tud_control_xfer
                0x100063b0       0xb0 CMakeFiles/rp2350_dev.dir/C_/Users/kr84T/.pico-sdk/sdk/2.1.1/lib/tinyusb/src/device/usbd_control.c.obj
                0x100063b0                tud_control_xfer
 .text.usbd_control_reset
                0x10006460       0x14 CMakeFiles/rp2350_dev.dir/C_/Users/kr84T/.pico-sdk/sdk/2.1.1/lib/tinyusb/src/device/usbd_control.c.obj
                0x10006460                usbd_control_reset
 .text.usbd_control_set_complete_callback
                0x10006474        0xc CMakeFiles/rp2350_dev.dir/C_/Users/kr84T/.pico-sdk/sdk/2.1.1/lib/tinyusb/src/device/usbd_control.c.obj
                0x10006474                usbd_control_set_complete_callback
 .text.usbd_control_set_request
                0x10006480       0x1c CMakeFiles/rp2350_dev.dir/C_/Users/kr84T/.pico-sdk/sdk/2.1.1/lib/tinyusb/src/device/usbd_control.c.obj
                0x10006480                usbd_control_set_request
 .text.usbd_control_xfer_cb
                0x1000649c      0x100 CMakeFiles/rp2350_dev.dir/C_/Users/kr84T/.pico-sdk/sdk/2.1.1/lib/tinyusb/src/device/usbd_control.c.obj
                0x1000649c                usbd_control_xfer_cb
 .text._prep_out_transaction.isra.0
                0x1000659c       0x74 CMakeFiles/rp2350_dev.dir/C_/Users/kr84T/.pico-sdk/sdk/2.1.1/lib/tinyusb/src/class/cdc/cdc_device.c.obj
 .text.tud_cdc_n_connected
                0x10006610       0x2c CMakeFiles/rp2350_dev.dir/C_/Users/kr84T/.pico-sdk/sdk/2.1.1/lib/tinyusb/src/class/cdc/cdc_device.c.obj
                0x10006610                tud_cdc_n_connected
 .text.tud_cdc_n_available
                0x1000663c       0x14 CMakeFiles/rp2350_dev.dir/C_/Users/kr84T/.pico-sdk/sdk/2.1.1/lib/tinyusb/src/class/cdc/cdc_device.c.obj
                0x1000663c                tud_cdc_n_available
 .text.tud_cdc_n_read
                0x10006650       0x90 CMakeFiles/rp2350_dev.dir/C_/Users/kr84T/.pico-sdk/sdk/2.1.1/lib/tinyusb/src/class/cdc/cdc_device.c.obj
                0x10006650                tud_cdc_n_read
 .text.tud_cdc_n_write_flush
                0x100066e0       0x8c CMakeFiles/rp2350_dev.dir/C_/Users/kr84T/.pico-sdk/sdk/2.1.1/lib/tinyusb/src/class/cdc/cdc_device.c.obj
                0x100066e0                tud_cdc_n_write_flush
 .text.tud_cdc_n_write
                0x1000676c       0x40 CMakeFiles/rp2350_dev.dir/C_/Users/kr84T/.pico-sdk/sdk/2.1.1/lib/tinyusb/src/class/cdc/cdc_device.c.obj
                0x1000676c                tud_cdc_n_write
 .text.tud_cdc_n_write_available
                0x100067ac       0x14 CMakeFiles/rp2350_dev.dir/C_/Users/kr84T/.pico-sdk/sdk/2.1.1/lib/tinyusb/src/class/cdc/cdc_device.c.obj
                0x100067ac                tud_cdc_n_write_available
 .text.cdcd_init
                0x100067c0       0x70 CMakeFiles/rp2350_dev.dir/C_/Users/kr84T/.pico-sdk/sdk/2.1.1/lib/tinyusb/src/class/cdc/cdc_device.c.obj
                0x100067c0                cdcd_init
 .text.cdcd_deinit
                0x10006830       0x30 CMakeFiles/rp2350_dev.dir/C_/Users/kr84T/.pico-sdk/sdk/2.1.1/lib/tinyusb/src/class/cdc/cdc_device.c.obj
                0x10006830                cdcd_deinit
 .text.cdcd_reset
                0x10006860       0x4c CMakeFiles/rp2350_dev.dir/C_/Users/kr84T/.pico-sdk/sdk/2.1.1/lib/tinyusb/src/class/cdc/cdc_device.c.obj
                0x10006860                cdcd_reset
 .text.cdcd_open
                0x100068ac       0xc0 CMakeFiles/rp2350_dev.dir/C_/Users/kr84T/.pico-sdk/sdk/2.1.1/lib/tinyusb/src/class/cdc/cdc_device.c.obj
                0x100068ac                cdcd_open
 .text.cdcd_control_xfer_cb
                0x1000696c       0xc0 CMakeFiles/rp2350_dev.dir/C_/Users/kr84T/.pico-sdk/sdk/2.1.1/lib/tinyusb/src/class/cdc/cdc_device.c.obj
                0x1000696c                cdcd_control_xfer_cb
 .text.cdcd_xfer_cb
                0x10006a2c       0xf8 CMakeFiles/rp2350_dev.dir/C_/Users/kr84T/.pico-sdk/sdk/2.1.1/lib/tinyusb/src/class/cdc/cdc_device.c.obj
                0x10006a2c                cdcd_xfer_cb
 .text.vendord_init
                0x10006b24       0x5c CMakeFiles/rp2350_dev.dir/C_/Users/kr84T/.pico-sdk/sdk/2.1.1/lib/tinyusb/src/class/vendor/vendor_device.c.obj
                0x10006b24                vendord_init
 .text.vendord_deinit
                0x10006b80       0x1c CMakeFiles/rp2350_dev.dir/C_/Users/kr84T/.pico-sdk/sdk/2.1.1/lib/tinyusb/src/class/vendor/vendor_device.c.obj
                0x10006b80                vendord_deinit
 .text.vendord_reset
                0x10006b9c       0x24 CMakeFiles/rp2350_dev.dir/C_/Users/kr84T/.pico-sdk/sdk/2.1.1/lib/tinyusb/src/class/vendor/vendor_device.c.obj
                0x10006b9c                vendord_reset
 .text.vendord_open
                0x10006bc0       0xf4 CMakeFiles/rp2350_dev.dir/C_/Users/kr84T/.pico-sdk/sdk/2.1.1/lib/tinyusb/src/class/vendor/vendor_device.c.obj
                0x10006bc0                vendord_open
 .text.vendord_xfer_cb
                0x10006cb4       0x88 CMakeFiles/rp2350_dev.dir/C_/Users/kr84T/.pico-sdk/sdk/2.1.1/lib/tinyusb/src/class/vendor/vendor_device.c.obj
                0x10006cb4                vendord_xfer_cb
 .text.tusb_rhport_init
                0x10006d3c       0x64 CMakeFiles/rp2350_dev.dir/C_/Users/kr84T/.pico-sdk/sdk/2.1.1/lib/tinyusb/src/tusb.c.obj
                0x10006d3c                tusb_rhport_init
 .text.tu_edpt_claim
                0x10006da0       0x54 CMakeFiles/rp2350_dev.dir/C_/Users/kr84T/.pico-sdk/sdk/2.1.1/lib/tinyusb/src/tusb.c.obj
                0x10006da0                tu_edpt_claim
 .text.tu_edpt_release
                0x10006df4       0x38 CMakeFiles/rp2350_dev.dir/C_/Users/kr84T/.pico-sdk/sdk/2.1.1/lib/tinyusb/src/tusb.c.obj
                0x10006df4                tu_edpt_release
 .text.tu_edpt_validate
                0x10006e2c       0x60 CMakeFiles/rp2350_dev.dir/C_/Users/kr84T/.pico-sdk/sdk/2.1.1/lib/tinyusb/src/tusb.c.obj
                0x10006e2c                tu_edpt_validate
 .text.tu_edpt_bind_driver
                0x10006e8c       0x58 CMakeFiles/rp2350_dev.dir/C_/Users/kr84T/.pico-sdk/sdk/2.1.1/lib/tinyusb/src/tusb.c.obj
                0x10006e8c                tu_edpt_bind_driver
 .text.tu_edpt_stream_init
                0x10006ee4       0x58 CMakeFiles/rp2350_dev.dir/C_/Users/kr84T/.pico-sdk/sdk/2.1.1/lib/tinyusb/src/tusb.c.obj
                0x10006ee4                tu_edpt_stream_init
 .text.tu_edpt_stream_deinit
                0x10006f3c        0x4 CMakeFiles/rp2350_dev.dir/C_/Users/kr84T/.pico-sdk/sdk/2.1.1/lib/tinyusb/src/tusb.c.obj
                0x10006f3c                tu_edpt_stream_deinit
 .text.tu_edpt_stream_write_zlp_if_needed
                0x10006f40       0x68 CMakeFiles/rp2350_dev.dir/C_/Users/kr84T/.pico-sdk/sdk/2.1.1/lib/tinyusb/src/tusb.c.obj
                0x10006f40                tu_edpt_stream_write_zlp_if_needed
 .text.tu_edpt_stream_write_xfer
                0x10006fa8       0x70 CMakeFiles/rp2350_dev.dir/C_/Users/kr84T/.pico-sdk/sdk/2.1.1/lib/tinyusb/src/tusb.c.obj
                0x10006fa8                tu_edpt_stream_write_xfer
 .text.tu_edpt_stream_read_xfer
                0x10007018       0xc8 CMakeFiles/rp2350_dev.dir/C_/Users/kr84T/.pico-sdk/sdk/2.1.1/lib/tinyusb/src/tusb.c.obj
                0x10007018                tu_edpt_stream_read_xfer
 .text.tu_fifo_config
                0x100070e0       0x60 CMakeFiles/rp2350_dev.dir/C_/Users/kr84T/.pico-sdk/sdk/2.1.1/lib/tinyusb/src/common/tusb_fifo.c.obj
                0x100070e0                tu_fifo_config
 .text.tu_fifo_count
                0x10007140       0x20 CMakeFiles/rp2350_dev.dir/C_/Users/kr84T/.pico-sdk/sdk/2.1.1/lib/tinyusb/src/common/tusb_fifo.c.obj
                0x10007140                tu_fifo_count
 .text.tu_fifo_empty
                0x10007160       0x14 CMakeFiles/rp2350_dev.dir/C_/Users/kr84T/.pico-sdk/sdk/2.1.1/lib/tinyusb/src/common/tusb_fifo.c.obj
                0x10007160                tu_fifo_empty
 .text.tu_fifo_remaining
                0x10007174       0x24 CMakeFiles/rp2350_dev.dir/C_/Users/kr84T/.pico-sdk/sdk/2.1.1/lib/tinyusb/src/common/tusb_fifo.c.obj
                0x10007174                tu_fifo_remaining
 .text.tu_fifo_read
                0x10007198       0x94 CMakeFiles/rp2350_dev.dir/C_/Users/kr84T/.pico-sdk/sdk/2.1.1/lib/tinyusb/src/common/tusb_fifo.c.obj
                0x10007198                tu_fifo_read
 .text.tu_fifo_read_n
                0x1000722c       0xd8 CMakeFiles/rp2350_dev.dir/C_/Users/kr84T/.pico-sdk/sdk/2.1.1/lib/tinyusb/src/common/tusb_fifo.c.obj
                0x1000722c                tu_fifo_read_n
 .text.tu_fifo_write
                0x10007304       0xa4 CMakeFiles/rp2350_dev.dir/C_/Users/kr84T/.pico-sdk/sdk/2.1.1/lib/tinyusb/src/common/tusb_fifo.c.obj
                0x10007304                tu_fifo_write
 .text.tu_fifo_write_n
                0x100073a8      0x15c CMakeFiles/rp2350_dev.dir/C_/Users/kr84T/.pico-sdk/sdk/2.1.1/lib/tinyusb/src/common/tusb_fifo.c.obj
                0x100073a8                tu_fifo_write_n
 .text.tu_fifo_clear
                0x10007504       0x38 CMakeFiles/rp2350_dev.dir/C_/Users/kr84T/.pico-sdk/sdk/2.1.1/lib/tinyusb/src/common/tusb_fifo.c.obj
                0x10007504                tu_fifo_clear
 .text.tu_fifo_set_overwritable
                0x1000753c       0x3c CMakeFiles/rp2350_dev.dir/C_/Users/kr84T/.pico-sdk/sdk/2.1.1/lib/tinyusb/src/common/tusb_fifo.c.obj
                0x1000753c                tu_fifo_set_overwritable
 .text.core1_trampoline
                0x10007578        0x4 CMakeFiles/rp2350_dev.dir/C_/Users/kr84T/.pico-sdk/sdk/2.1.1/src/rp2_common/pico_multicore/multicore.c.obj
 .text.core1_wrapper
                0x1000757c       0x10 CMakeFiles/rp2350_dev.dir/C_/Users/kr84T/.pico-sdk/sdk/2.1.1/src/rp2_common/pico_multicore/multicore.c.obj
                0x1000757c                core1_wrapper
 .text.multicore_launch_core1_raw
                0x1000758c       0x84 CMakeFiles/rp2350_dev.dir/C_/Users/kr84T/.pico-sdk/sdk/2.1.1/src/rp2_common/pico_multicore/multicore.c.obj
                0x1000758c                multicore_launch_core1_raw
 .text.multicore_launch_core1
                0x10007610       0x48 CMakeFiles/rp2350_dev.dir/C_/Users/kr84T/.pico-sdk/sdk/2.1.1/src/rp2_common/pico_multicore/multicore.c.obj
                0x10007610                multicore_launch_core1
 .text.spi_init
                0x10007658       0xf4 CMakeFiles/rp2350_dev.dir/C_/Users/kr84T/.pico-sdk/sdk/2.1.1/src/rp2_common/hardware_spi/spi.c.obj
                0x10007658                spi_init
 .text.i2c_set_baudrate
                0x1000774c       0xa4 CMakeFiles/rp2350_dev.dir/C_/Users/kr84T/.pico-sdk/sdk/2.1.1/src/rp2_common/hardware_i2c/i2c.c.obj
                0x1000774c                i2c_set_baudrate
 .text.i2c_init
                0x100077f0       0x4c CMakeFiles/rp2350_dev.dir/C_/Users/kr84T/.pico-sdk/sdk/2.1.1/src/rp2_common/hardware_i2c/i2c.c.obj
                0x100077f0                i2c_init
 .text.dma_claim_unused_channel
                0x1000783c       0x20 CMakeFiles/rp2350_dev.dir/C_/Users/kr84T/.pico-sdk/sdk/2.1.1/src/rp2_common/hardware_dma/dma.c.obj
                0x1000783c                dma_claim_unused_channel
 .text.pio_add_program
                0x1000785c       0xf4 CMakeFiles/rp2350_dev.dir/C_/Users/kr84T/.pico-sdk/sdk/2.1.1/src/rp2_common/hardware_pio/pio.c.obj
                0x1000785c                pio_add_program
 .text.pio_sm_set_consecutive_pindirs
                0x10007950       0x8c CMakeFiles/rp2350_dev.dir/C_/Users/kr84T/.pico-sdk/sdk/2.1.1/src/rp2_common/hardware_pio/pio.c.obj
                0x10007950                pio_sm_set_consecutive_pindirs
 .text.pio_sm_init
                0x100079dc       0xa8 CMakeFiles/rp2350_dev.dir/C_/Users/kr84T/.pico-sdk/sdk/2.1.1/src/rp2_common/hardware_pio/pio.c.obj
                0x100079dc                pio_sm_init
 .text.atoi     0x10007a84        0x8 C:/Users/kr84T/.pico-sdk/toolchain/14_2_Rel1/bin/../lib/gcc/arm-none-eabi/14.2.1/thumb/v8-m.main+fp/softfp\libg.a(libc_a-atoi.o)
                0x10007a84                atoi
 .text._strtol_l.part.0
                0x10007a8c      0x1c8 C:/Users/kr84T/.pico-sdk/toolchain/14_2_Rel1/bin/../lib/gcc/arm-none-eabi/14.2.1/thumb/v8-m.main+fp/softfp\libg.a(libc_a-strtol.o)
 .text.strtol   0x10007c54       0x2c C:/Users/kr84T/.pico-sdk/toolchain/14_2_Rel1/bin/../lib/gcc/arm-none-eabi/14.2.1/thumb/v8-m.main+fp/softfp\libg.a(libc_a-strtol.o)
                0x10007c54                strtol
 .text.memset   0x10007c80       0x9c C:/Users/kr84T/.pico-sdk/toolchain/14_2_Rel1/bin/../lib/gcc/arm-none-eabi/14.2.1/thumb/v8-m.main+fp/softfp\libg.a(libc_a-memset.o)
                0x10007c80                memset
 .text.strtok   0x10007d1c       0x10 C:/Users/kr84T/.pico-sdk/toolchain/14_2_Rel1/bin/../lib/gcc/arm-none-eabi/14.2.1/thumb/v8-m.main+fp/softfp\libg.a(libc_a-strtok.o)
                0x10007d1c                strtok
 .text.__strtok_r
                0x10007d2c       0x64 C:/Users/kr84T/.pico-sdk/toolchain/14_2_Rel1/bin/../lib/gcc/arm-none-eabi/14.2.1/thumb/v8-m.main+fp/softfp\libg.a(libc_a-strtok_r.o)
                0x10007d2c                __strtok_r
 .text.__errno  0x10007d90        0xc C:/Users/kr84T/.pico-sdk/toolchain/14_2_Rel1/bin/../lib/gcc/arm-none-eabi/14.2.1/thumb/v8-m.main+fp/softfp\libg.a(libc_a-errno.o)
                0x10007d90                __errno
 .text          0x10007d9c      0x1bc C:/Users/kr84T/.pico-sdk/toolchain/14_2_Rel1/bin/../lib/gcc/arm-none-eabi/14.2.1/thumb/v8-m.main+fp/softfp\libg.a(libc_a-strcmp.o)
                0x10007d9c                strcmp
 .text          0x10007f58       0xec C:/Users/kr84T/.pico-sdk/toolchain/14_2_Rel1/bin/../lib/gcc/arm-none-eabi/14.2.1/thumb/v8-m.main+fp/softfp\libg.a(libc_a-memcpy.o)
                0x10007f58                memcpy
 .text.strlen   0x10008044       0x5c C:/Users/kr84T/.pico-sdk/toolchain/14_2_Rel1/bin/../lib/gcc/arm-none-eabi/14.2.1/thumb/v8-m.main+fp/softfp\libg.a(libc_a-strlen-stub.o)
                0x10008044                strlen
 *(.fini)
 .fini          0x100080a0        0x4 C:/Users/kr84T/.pico-sdk/toolchain/14_2_Rel1/bin/../lib/gcc/arm-none-eabi/14.2.1/thumb/v8-m.main+fp/softfp/crti.o
                0x100080a0                _fini
 *fill*         0x100080a4        0x4 
 .fini.__stub   0x100080a8       0x50 linker stubs
 *crtbegin.o(.ctors)
 *crtbegin?.o(.ctors)
 *(EXCLUDE_FILE(*crtend.o *crtend?.o) .ctors)
 *(SORT_BY_NAME(.ctors.*))
 *(.ctors)
 *crtbegin.o(.dtors)
 *crtbegin?.o(.dtors)
 *(EXCLUDE_FILE(*crtend.o *crtend?.o) .dtors)
 *(SORT_BY_NAME(.dtors.*))
 *(.dtors)
                0x100080f8                        . = ALIGN (0x4)
                0x100080f8                        PROVIDE (__preinit_array_start = .)
 *(SORT_BY_NAME(.preinit_array.*))
 .preinit_array.00050
                0x100080f8        0x4 CMakeFiles/rp2350_dev.dir/C_/Users/kr84T/.pico-sdk/sdk/2.1.1/src/rp2_common/pico_runtime_init/runtime_init.c.obj
                0x100080f8                __pre_init_runtime_init_bootrom_reset
 .preinit_array.00100
                0x100080fc        0x4 CMakeFiles/rp2350_dev.dir/C_/Users/kr84T/.pico-sdk/sdk/2.1.1/src/rp2_common/pico_runtime_init/runtime_init.c.obj
                0x100080fc                __pre_init_runtime_init_early_resets
 .preinit_array.00101
                0x10008100        0x4 CMakeFiles/rp2350_dev.dir/C_/Users/kr84T/.pico-sdk/sdk/2.1.1/src/rp2_common/pico_runtime_init/runtime_init.c.obj
                0x10008100                __pre_init_runtime_init_usb_power_down
 .preinit_array.00500
                0x10008104        0x4 CMakeFiles/rp2350_dev.dir/C_/Users/kr84T/.pico-sdk/sdk/2.1.1/src/rp2_common/pico_runtime_init/runtime_init.c.obj
                0x10008104                __pre_init_runtime_init_clocks
 .preinit_array.00600
                0x10008108        0x4 CMakeFiles/rp2350_dev.dir/C_/Users/kr84T/.pico-sdk/sdk/2.1.1/src/rp2_common/pico_runtime_init/runtime_init.c.obj
                0x10008108                __pre_init_runtime_init_post_clock_resets
 .preinit_array.01000
                0x1000810c        0x4 CMakeFiles/rp2350_dev.dir/C_/Users/kr84T/.pico-sdk/sdk/2.1.1/src/rp2_common/hardware_boot_lock/boot_lock.c.obj
                0x1000810c                __pre_init_runtime_init_boot_locks_reset
 .preinit_array.01000
                0x10008110        0x4 CMakeFiles/rp2350_dev.dir/C_/Users/kr84T/.pico-sdk/sdk/2.1.1/src/rp2_common/pico_runtime_init/runtime_init.c.obj
                0x10008110                __pre_init_runtime_init_spin_locks_reset
 .preinit_array.01010
                0x10008114        0x4 CMakeFiles/rp2350_dev.dir/C_/Users/kr84T/.pico-sdk/sdk/2.1.1/src/rp2_common/pico_bootrom/bootrom_lock.c.obj
                0x10008114                __pre_init_runtime_init_bootrom_locking_enable
 .preinit_array.01100
                0x10008118        0x4 CMakeFiles/rp2350_dev.dir/C_/Users/kr84T/.pico-sdk/sdk/2.1.1/src/common/pico_sync/mutex.c.obj
                0x10008118                __pre_init_runtime_init_mutex
 .preinit_array.10080
                0x1000811c        0x4 CMakeFiles/rp2350_dev.dir/C_/Users/kr84T/.pico-sdk/sdk/2.1.1/src/rp2_common/pico_runtime_init/runtime_init.c.obj
                0x1000811c                __pre_init_runtime_init_install_ram_vector_table
 .preinit_array.11000
                0x10008120        0x4 CMakeFiles/rp2350_dev.dir/C_/Users/kr84T/.pico-sdk/sdk/2.1.1/src/common/pico_time/time.c.obj
                0x10008120                __pre_init_runtime_init_default_alarm_pool
 .preinit_array.YYYYY
                0x10008124        0x4 CMakeFiles/rp2350_dev.dir/C_/Users/kr84T/.pico-sdk/sdk/2.1.1/src/rp2_common/pico_runtime/runtime.c.obj
                0x10008124                __pre_init_first_per_core_initializer
 .preinit_array.ZZZZZ.00051
                0x10008128        0x4 CMakeFiles/rp2350_dev.dir/C_/Users/kr84T/.pico-sdk/sdk/2.1.1/src/rp2_common/pico_runtime_init/runtime_init.c.obj
                0x10008128                __pre_init_runtime_init_per_core_bootrom_reset
 .preinit_array.ZZZZZ.00200
                0x1000812c        0x4 CMakeFiles/rp2350_dev.dir/C_/Users/kr84T/.pico-sdk/sdk/2.1.1/src/rp2_common/pico_runtime_init/runtime_init.c.obj
                0x1000812c                __pre_init_runtime_init_per_core_enable_coprocessors
 .preinit_array.ZZZZZ.01000
                0x10008130        0x4 CMakeFiles/rp2350_dev.dir/C_/Users/kr84T/.pico-sdk/sdk/2.1.1/src/rp2_common/hardware_sync_spin_lock/sync_spin_lock.c.obj
                0x10008130                __pre_init_spinlock_set_extexclall
 .preinit_array.ZZZZZ.01200
                0x10008134        0x4 CMakeFiles/rp2350_dev.dir/C_/Users/kr84T/.pico-sdk/sdk/2.1.1/src/rp2_common/hardware_irq/irq.c.obj
                0x10008134                __pre_init_runtime_init_per_core_irq_priorities
 *(.preinit_array)
                0x10008138                        PROVIDE (__preinit_array_end = .)
                0x10008138                        . = ALIGN (0x4)
                0x10008138                        PROVIDE (__init_array_start = .)
 *(SORT_BY_NAME(.init_array.*))
 *(.init_array)
 .init_array    0x10008138        0x4 C:/Users/kr84T/.pico-sdk/toolchain/14_2_Rel1/bin/../lib/gcc/arm-none-eabi/14.2.1/thumb/v8-m.main+fp/softfp/crtbegin.o
 .init_array    0x1000813c        0x4 CMakeFiles/rp2350_dev.dir/C_/Users/kr84T/.pico-sdk/sdk/2.1.1/src/rp2_common/pico_unique_id/unique_id.c.obj
                0x10008140                        PROVIDE (__init_array_end = .)
                0x10008140                        . = ALIGN (0x4)
                [!provide]                        PROVIDE (__fini_array_start = .)
 *(SORT_BY_NAME(.fini_array.*))
 *(.fini_array)
                [!provide]                        PROVIDE (__fini_array_end = .)
 *(.eh_frame*)
 .eh_frame      0x10008140        0x0 C:/Users/kr84T/.pico-sdk/toolchain/14_2_Rel1/bin/../lib/gcc/arm-none-eabi/14.2.1/thumb/v8-m.main+fp/softfp/crtbegin.o
                0x10008140                        . = ALIGN (0x4)

.glue_7         0x10008140        0x0
 .glue_7        0x10008140        0x0 linker stubs

.glue_7t        0x10008140        0x0
 .glue_7t       0x10008140        0x0 linker stubs

.vfp11_veneer   0x10008140        0x0
 .vfp11_veneer  0x10008140        0x0 linker stubs

.v4_bx          0x10008140        0x0
 .v4_bx         0x10008140        0x0 linker stubs

.iplt           0x10008140        0x0
 .iplt          0x10008140        0x0 C:/Users/kr84T/.pico-sdk/toolchain/14_2_Rel1/bin/../lib/gcc/arm-none-eabi/14.2.1/thumb/v8-m.main+fp/softfp/crtbegin.o

.boot2          0x10008140        0x0
                0x10008140                        __boot2_start__ = .
 *(.boot2)
                0x10008140                        __boot2_end__ = .
                0x00000001                        ASSERT (((__boot2_end__ - __boot2_start__) <= 0x100), ERROR: Pico second stage bootloader must be no more than 256 bytes in size)

.rodata         0x10008140      0xcd0
 *(EXCLUDE_FILE(*libm.a: *libc.a:*lib_a-mem*.o *libgcc.a:) .rodata*)
 .rodata.blink_pin_forever.str1.4
                0x10008140      0x822 CMakeFiles/rp2350_dev.dir/rp2350_dev.c.obj
                                 0x1a (size before relaxing)
 .rodata.main.str1.4
                0x10008962       0x6a CMakeFiles/rp2350_dev.dir/rp2350_dev.c.obj
 *fill*         0x10008962        0x2 
 .rodata.blink_program
                0x10008964        0x8 CMakeFiles/rp2350_dev.dir/rp2350_dev.c.obj
 .rodata.blink_program_instructions
                0x1000896c       0x10 CMakeFiles/rp2350_dev.dir/rp2350_dev.c.obj
 .rodata.src    0x1000897c       0x19 CMakeFiles/rp2350_dev.dir/rp2350_dev.c.obj
                0x1000897c                src
 .rodata.trig_functions_test.str1.4
                0x10008995       0x80 CMakeFiles/rp2350_dev.dir/app_main.c.obj
 .rodata.atan2_test.str1.4
                0x10008995       0x41 CMakeFiles/rp2350_dev.dir/app_main.c.obj
 .rodata.tan_355_226_test.str1.4
                0x10008995       0x29 CMakeFiles/rp2350_dev.dir/app_main.c.obj
 .rodata.inverse_sqrt_test.str1.4
                0x10008995       0x31 CMakeFiles/rp2350_dev.dir/app_main.c.obj
 .rodata.measure_execution_time.str1.4
                0x10008995       0x15 CMakeFiles/rp2350_dev.dir/app_main.c.obj
 .rodata.app_core_1_main.str1.4
                0x10008995       0x53 CMakeFiles/rp2350_dev.dir/app_main.c.obj
 *fill*         0x10008995        0x3 
 .rodata        0x10008998       0x20 CMakeFiles/rp2350_dev.dir/app_main.c.obj
 .rodata.dbg_com_init.str1.4
                0x100089b8      0x1ec CMakeFiles/rp2350_dev.dir/dbg_com.c.obj
 .rodata.dbg_com_process.str1.4
                0x100089b8      0x2d0 CMakeFiles/rp2350_dev.dir/dbg_com.c.obj
 .rodata.s_cmd_table
                0x100089b8       0xdc CMakeFiles/rp2350_dev.dir/dbg_com.c.obj
 .rodata.panic.str1.4
                0x10008a94       0x12 CMakeFiles/rp2350_dev.dir/C_/Users/kr84T/.pico-sdk/sdk/2.1.1/src/rp2_common/pico_platform_panic/panic.c.obj
 .rodata.spin_lock_claim_unused.str1.4
                0x10008a94       0x1b CMakeFiles/rp2350_dev.dir/C_/Users/kr84T/.pico-sdk/sdk/2.1.1/src/rp2_common/hardware_sync/sync.c.obj
 .rodata.user_irq_claim_unused.str1.4
                0x10008a94       0x1b CMakeFiles/rp2350_dev.dir/C_/Users/kr84T/.pico-sdk/sdk/2.1.1/src/rp2_common/hardware_irq/irq.c.obj
 *fill*         0x10008a94        0x4 
 .rodata.at_the_end_of_time
                0x10008a98        0x8 CMakeFiles/rp2350_dev.dir/C_/Users/kr84T/.pico-sdk/sdk/2.1.1/src/common/pico_time/time.c.obj
                0x10008a98                at_the_end_of_time
 .rodata.timer_hardware_alarm_claim.str1.4
                0x10008aa0       0x22 CMakeFiles/rp2350_dev.dir/C_/Users/kr84T/.pico-sdk/sdk/2.1.1/src/rp2_common/hardware_timer/timer.c.obj
 .rodata.hard_assertion_failure.str1.4
                0x10008aa0        0xc CMakeFiles/rp2350_dev.dir/C_/Users/kr84T/.pico-sdk/sdk/2.1.1/src/rp2_common/pico_runtime/runtime.c.obj
 .rodata.str1.4
                0x10008aa0       0x44 CMakeFiles/rp2350_dev.dir/C_/Users/kr84T/.pico-sdk/sdk/2.1.1/src/rp2_common/pico_standard_binary_info/standard_binary_info.c.obj
 .rodata.__bi_84
                0x10008aa0        0xc CMakeFiles/rp2350_dev.dir/C_/Users/kr84T/.pico-sdk/sdk/2.1.1/src/rp2_common/pico_standard_binary_info/standard_binary_info.c.obj
 .rodata.__bi_78
                0x10008aac        0xc CMakeFiles/rp2350_dev.dir/C_/Users/kr84T/.pico-sdk/sdk/2.1.1/src/rp2_common/pico_standard_binary_info/standard_binary_info.c.obj
 .rodata.__bi_60
                0x10008ab8        0xc CMakeFiles/rp2350_dev.dir/C_/Users/kr84T/.pico-sdk/sdk/2.1.1/src/rp2_common/pico_standard_binary_info/standard_binary_info.c.obj
 .rodata.__bi_54
                0x10008ac4        0xc CMakeFiles/rp2350_dev.dir/C_/Users/kr84T/.pico-sdk/sdk/2.1.1/src/rp2_common/pico_standard_binary_info/standard_binary_info.c.obj
 .rodata.__bi_48
                0x10008ad0        0xc CMakeFiles/rp2350_dev.dir/C_/Users/kr84T/.pico-sdk/sdk/2.1.1/src/rp2_common/pico_standard_binary_info/standard_binary_info.c.obj
 .rodata.__bi_42
                0x10008adc        0xc CMakeFiles/rp2350_dev.dir/C_/Users/kr84T/.pico-sdk/sdk/2.1.1/src/rp2_common/pico_standard_binary_info/standard_binary_info.c.obj
 .rodata.__bi_34
                0x10008ae8        0xc CMakeFiles/rp2350_dev.dir/C_/Users/kr84T/.pico-sdk/sdk/2.1.1/src/rp2_common/pico_standard_binary_info/standard_binary_info.c.obj
 .rodata.__bi_26
                0x10008af4        0xc CMakeFiles/rp2350_dev.dir/C_/Users/kr84T/.pico-sdk/sdk/2.1.1/src/rp2_common/pico_standard_binary_info/standard_binary_info.c.obj
 .rodata._ftoa.str1.4
                0x10008b00       0x15 CMakeFiles/rp2350_dev.dir/C_/Users/kr84T/.pico-sdk/sdk/2.1.1/src/rp2_common/pico_printf/printf.c.obj
 .rodata.pow10.0
                0x10008b00       0x50 CMakeFiles/rp2350_dev.dir/C_/Users/kr84T/.pico-sdk/sdk/2.1.1/src/rp2_common/pico_printf/printf.c.obj
 .rodata.crlf_str.0
                0x10008b50        0x2 CMakeFiles/rp2350_dev.dir/C_/Users/kr84T/.pico-sdk/sdk/2.1.1/src/rp2_common/pico_stdio/stdio.c.obj
 *fill*         0x10008b52        0x2 
 .rodata._resetd_driver
                0x10008b54       0x20 CMakeFiles/rp2350_dev.dir/C_/Users/kr84T/.pico-sdk/sdk/2.1.1/src/rp2_common/pico_stdio_usb/reset_interface.c.obj
 .rodata.desc_ms_os_20
                0x10008b74       0xa6 CMakeFiles/rp2350_dev.dir/C_/Users/kr84T/.pico-sdk/sdk/2.1.1/src/rp2_common/pico_stdio_usb/reset_interface.c.obj
 *fill*         0x10008c1a        0x2 
 .rodata.desc_bos
                0x10008c1c       0x21 CMakeFiles/rp2350_dev.dir/C_/Users/kr84T/.pico-sdk/sdk/2.1.1/src/rp2_common/pico_stdio_usb/reset_interface.c.obj
                0x10008c1c                desc_bos
 .rodata.str1.4
                0x10008c3d       0x13 CMakeFiles/rp2350_dev.dir/C_/Users/kr84T/.pico-sdk/sdk/2.1.1/src/rp2_common/pico_stdio_usb/stdio_usb.c.obj
 *fill*         0x10008c3d        0x3 
 .rodata.__bi_197.0
                0x10008c40        0xc CMakeFiles/rp2350_dev.dir/C_/Users/kr84T/.pico-sdk/sdk/2.1.1/src/rp2_common/pico_stdio_usb/stdio_usb.c.obj
 .rodata.str1.4
                0x10008c4c       0x2a CMakeFiles/rp2350_dev.dir/C_/Users/kr84T/.pico-sdk/sdk/2.1.1/src/rp2_common/pico_stdio_usb/stdio_usb_descriptors.c.obj
 .rodata.usbd_desc_str
                0x10008c4c       0x18 CMakeFiles/rp2350_dev.dir/C_/Users/kr84T/.pico-sdk/sdk/2.1.1/src/rp2_common/pico_stdio_usb/stdio_usb_descriptors.c.obj
 .rodata.usbd_desc_cfg
                0x10008c64       0x54 CMakeFiles/rp2350_dev.dir/C_/Users/kr84T/.pico-sdk/sdk/2.1.1/src/rp2_common/pico_stdio_usb/stdio_usb_descriptors.c.obj
 .rodata.usbd_desc_device
                0x10008cb8       0x12 CMakeFiles/rp2350_dev.dir/C_/Users/kr84T/.pico-sdk/sdk/2.1.1/src/rp2_common/pico_stdio_usb/stdio_usb_descriptors.c.obj
 .rodata.str1.4
                0x10008cca       0x14 CMakeFiles/rp2350_dev.dir/C_/Users/kr84T/.pico-sdk/sdk/2.1.1/lib/tinyusb/src/portable/raspberrypi/rp2040/dcd_rp2040.c.obj
 .rodata.str1.4
                0x10008cca       0x48 CMakeFiles/rp2350_dev.dir/C_/Users/kr84T/.pico-sdk/sdk/2.1.1/lib/tinyusb/src/portable/raspberrypi/rp2040/rp2040_usb.c.obj
 *fill*         0x10008cca        0x2 
 .rodata._usbd_driver
                0x10008ccc       0x40 CMakeFiles/rp2350_dev.dir/C_/Users/kr84T/.pico-sdk/sdk/2.1.1/lib/tinyusb/src/device/usbd.c.obj
 .rodata.dma_claim_unused_channel.str1.4
                0x10008d0c       0x1e CMakeFiles/rp2350_dev.dir/C_/Users/kr84T/.pico-sdk/sdk/2.1.1/src/rp2_common/hardware_dma/dma.c.obj
 .rodata._ctype_
                0x10008d0c      0x101 C:/Users/kr84T/.pico-sdk/toolchain/14_2_Rel1/bin/../lib/gcc/arm-none-eabi/14.2.1/thumb/v8-m.main+fp/softfp\libg.a(libc_a-ctype_.o)
                0x10008d0c                _ctype_
 *(.srodata*)
                0x10008e10                        . = ALIGN (0x4)
 *fill*         0x10008e0d        0x3 
 *(SORT_BY_ALIGNMENT(SORT_BY_NAME(.flashdata*)))
                0x10008e10                        . = ALIGN (0x4)

.ARM.extab
 *(.ARM.extab* .gnu.linkonce.armextab.*)
                0x10008e10                        __exidx_start = .

.ARM.exidx      0x10008e10        0x8
 *(.ARM.exidx* .gnu.linkonce.armexidx.*)
 .ARM.exidx     0x10008e10        0x8 C:/Users/kr84T/.pico-sdk/toolchain/14_2_Rel1/bin/../lib/gcc/arm-none-eabi/14.2.1/thumb/v8-m.main+fp/softfp\libg.a(libc_a-strcmp.o)
 .ARM.exidx     0x10008e18        0x0 C:/Users/kr84T/.pico-sdk/toolchain/14_2_Rel1/bin/../lib/gcc/arm-none-eabi/14.2.1/thumb/v8-m.main+fp/softfp\libg.a(libc_a-memcpy.o)
                                  0x8 (size before relaxing)
 .ARM.exidx.text.__udivmoddi4
                0x10008e18        0x0 C:/Users/kr84T/.pico-sdk/toolchain/14_2_Rel1/bin/../lib/gcc/arm-none-eabi/14.2.1/thumb/v8-m.main+fp/softfp\libgcc.a(_udivmoddi4.o)
                                  0x8 (size before relaxing)
                0x10008e18                        __exidx_end = .
                0x10008e18                        . = ALIGN (0x4)
                0x10008e18                        __binary_info_start = .

.binary_info    0x10008e18       0x24
 *(.binary_info.keep.*)
 .binary_info.keep.__bi_ptr84
                0x10008e18        0x4 CMakeFiles/rp2350_dev.dir/C_/Users/kr84T/.pico-sdk/sdk/2.1.1/src/rp2_common/pico_standard_binary_info/standard_binary_info.c.obj
 .binary_info.keep.__bi_ptr78
                0x10008e1c        0x4 CMakeFiles/rp2350_dev.dir/C_/Users/kr84T/.pico-sdk/sdk/2.1.1/src/rp2_common/pico_standard_binary_info/standard_binary_info.c.obj
 .binary_info.keep.__bi_ptr60
                0x10008e20        0x4 CMakeFiles/rp2350_dev.dir/C_/Users/kr84T/.pico-sdk/sdk/2.1.1/src/rp2_common/pico_standard_binary_info/standard_binary_info.c.obj
 .binary_info.keep.__bi_ptr54
                0x10008e24        0x4 CMakeFiles/rp2350_dev.dir/C_/Users/kr84T/.pico-sdk/sdk/2.1.1/src/rp2_common/pico_standard_binary_info/standard_binary_info.c.obj
 .binary_info.keep.__bi_ptr48
                0x10008e28        0x4 CMakeFiles/rp2350_dev.dir/C_/Users/kr84T/.pico-sdk/sdk/2.1.1/src/rp2_common/pico_standard_binary_info/standard_binary_info.c.obj
 .binary_info.keep.__bi_ptr42
                0x10008e2c        0x4 CMakeFiles/rp2350_dev.dir/C_/Users/kr84T/.pico-sdk/sdk/2.1.1/src/rp2_common/pico_standard_binary_info/standard_binary_info.c.obj
 .binary_info.keep.__bi_ptr34
                0x10008e30        0x4 CMakeFiles/rp2350_dev.dir/C_/Users/kr84T/.pico-sdk/sdk/2.1.1/src/rp2_common/pico_standard_binary_info/standard_binary_info.c.obj
 .binary_info.keep.__bi_ptr26
                0x10008e34        0x4 CMakeFiles/rp2350_dev.dir/C_/Users/kr84T/.pico-sdk/sdk/2.1.1/src/rp2_common/pico_standard_binary_info/standard_binary_info.c.obj
 *(.binary_info.*)
 .binary_info.__bi_ptr197
                0x10008e38        0x4 CMakeFiles/rp2350_dev.dir/C_/Users/kr84T/.pico-sdk/sdk/2.1.1/src/rp2_common/pico_stdio_usb/stdio_usb.c.obj
                0x10008e3c                        __binary_info_end = .
                0x10008e3c                        . = ALIGN (0x4)

.ram_vector_table
                0x20000000      0x110
 *(.ram_vector_table)
 .ram_vector_table
                0x20000000      0x110 CMakeFiles/rp2350_dev.dir/C_/Users/kr84T/.pico-sdk/sdk/2.1.1/src/rp2_common/pico_runtime_init/runtime_init.c.obj
                0x20000000                ram_vector_table

.uninitialized_data
                0x20000110        0x0
                0x20000110                        . = ALIGN (0x4)
 *(.uninitialized_data*)

.data           0x20000110     0x1268 load address 0x10008e3c
                0x20000110                        __data_start__ = .
 *(vtable)
 *(.time_critical*)
 .time_critical.mutex_try_enter
                0x20000110       0x50 CMakeFiles/rp2350_dev.dir/C_/Users/kr84T/.pico-sdk/sdk/2.1.1/src/common/pico_sync/mutex.c.obj
                0x20000110                mutex_try_enter
 .time_critical.mutex_enter_block_until
                0x20000160       0x6c CMakeFiles/rp2350_dev.dir/C_/Users/kr84T/.pico-sdk/sdk/2.1.1/src/common/pico_sync/mutex.c.obj
                0x20000160                mutex_enter_block_until
 .time_critical.mutex_try_enter_block_until
                0x200001cc       0x68 CMakeFiles/rp2350_dev.dir/C_/Users/kr84T/.pico-sdk/sdk/2.1.1/src/common/pico_sync/mutex.c.obj
                0x200001cc                mutex_try_enter_block_until
 .time_critical.mutex_enter_timeout_ms
                0x20000234       0x38 CMakeFiles/rp2350_dev.dir/C_/Users/kr84T/.pico-sdk/sdk/2.1.1/src/common/pico_sync/mutex.c.obj
                0x20000234                mutex_enter_timeout_ms
 .time_critical.mutex_exit
                0x2000026c       0x3c CMakeFiles/rp2350_dev.dir/C_/Users/kr84T/.pico-sdk/sdk/2.1.1/src/common/pico_sync/mutex.c.obj
                0x2000026c                mutex_exit
 .time_critical.reset_non_control_endpoints
                0x200002a8       0x64 CMakeFiles/rp2350_dev.dir/C_/Users/kr84T/.pico-sdk/sdk/2.1.1/lib/tinyusb/src/portable/raspberrypi/rp2040/dcd_rp2040.c.obj
 .time_critical.hw_handle_buff_status
                0x2000030c       0x90 CMakeFiles/rp2350_dev.dir/C_/Users/kr84T/.pico-sdk/sdk/2.1.1/lib/tinyusb/src/portable/raspberrypi/rp2040/dcd_rp2040.c.obj
 .time_critical.dcd_rp2040_irq
                0x2000039c      0x530 CMakeFiles/rp2350_dev.dir/C_/Users/kr84T/.pico-sdk/sdk/2.1.1/lib/tinyusb/src/portable/raspberrypi/rp2040/dcd_rp2040.c.obj
 .time_critical.prepare_ep_buffer
                0x200008cc       0xc0 CMakeFiles/rp2350_dev.dir/C_/Users/kr84T/.pico-sdk/sdk/2.1.1/lib/tinyusb/src/portable/raspberrypi/rp2040/rp2040_usb.c.obj
 .time_critical.sync_ep_buffer
                0x2000098c       0xb4 CMakeFiles/rp2350_dev.dir/C_/Users/kr84T/.pico-sdk/sdk/2.1.1/lib/tinyusb/src/portable/raspberrypi/rp2040/rp2040_usb.c.obj
 .time_critical._hw_endpoint_xfer_sync
                0x20000a40       0x2c CMakeFiles/rp2350_dev.dir/C_/Users/kr84T/.pico-sdk/sdk/2.1.1/lib/tinyusb/src/portable/raspberrypi/rp2040/rp2040_usb.c.obj
 .time_critical.e15_is_bulkin_ep
                0x20000a6c       0x28 CMakeFiles/rp2350_dev.dir/C_/Users/kr84T/.pico-sdk/sdk/2.1.1/lib/tinyusb/src/portable/raspberrypi/rp2040/rp2040_usb.c.obj
 .time_critical.e15_is_critical_frame_period
                0x20000a94       0x28 CMakeFiles/rp2350_dev.dir/C_/Users/kr84T/.pico-sdk/sdk/2.1.1/lib/tinyusb/src/portable/raspberrypi/rp2040/rp2040_usb.c.obj
 .time_critical.hw_endpoint_reset_transfer
                0x20000abc        0xc CMakeFiles/rp2350_dev.dir/C_/Users/kr84T/.pico-sdk/sdk/2.1.1/lib/tinyusb/src/portable/raspberrypi/rp2040/rp2040_usb.c.obj
                0x20000abc                hw_endpoint_reset_transfer
 .time_critical._hw_endpoint_buffer_control_update32
                0x20000ac8       0x44 CMakeFiles/rp2350_dev.dir/C_/Users/kr84T/.pico-sdk/sdk/2.1.1/lib/tinyusb/src/portable/raspberrypi/rp2040/rp2040_usb.c.obj
                0x20000ac8                _hw_endpoint_buffer_control_update32
 .time_critical.hw_endpoint_start_next_buffer
                0x20000b0c       0x64 CMakeFiles/rp2350_dev.dir/C_/Users/kr84T/.pico-sdk/sdk/2.1.1/lib/tinyusb/src/portable/raspberrypi/rp2040/rp2040_usb.c.obj
                0x20000b0c                hw_endpoint_start_next_buffer
 .time_critical.hw_endpoint_xfer_continue
                0x20000b70       0x3c CMakeFiles/rp2350_dev.dir/C_/Users/kr84T/.pico-sdk/sdk/2.1.1/lib/tinyusb/src/portable/raspberrypi/rp2040/rp2040_usb.c.obj
                0x20000b70                hw_endpoint_xfer_continue
 .time_critical.tinyusb
                0x20000bac      0x224 CMakeFiles/rp2350_dev.dir/C_/Users/kr84T/.pico-sdk/sdk/2.1.1/lib/tinyusb/src/device/usbd.c.obj
                0x20000bac                dcd_event_handler
 *(.text*)
 .text          0x20000dd0       0x30 C:/Users/kr84T/.pico-sdk/toolchain/14_2_Rel1/bin/../lib/gcc/arm-none-eabi/14.2.1/thumb/v8-m.main+fp/softfp\libgcc.a(_aeabi_uldivmod.o)
                0x20000dd0                __aeabi_uldivmod
 .text.__udivmoddi4
                0x20000e00      0x34c C:/Users/kr84T/.pico-sdk/toolchain/14_2_Rel1/bin/../lib/gcc/arm-none-eabi/14.2.1/thumb/v8-m.main+fp/softfp\libgcc.a(_udivmoddi4.o)
                0x20000e00                __udivmoddi4
 .text          0x2000114c        0x4 C:/Users/kr84T/.pico-sdk/toolchain/14_2_Rel1/bin/../lib/gcc/arm-none-eabi/14.2.1/thumb/v8-m.main+fp/softfp\libgcc.a(_dvmd_tls.o)
                0x2000114c                __aeabi_idiv0
                0x2000114c                __aeabi_ldiv0
 .text.__stub   0x20001150       0x30 linker stubs
                0x20001180                        . = ALIGN (0x4)
 *(.rodata*)
                0x20001180                        . = ALIGN (0x4)
 *(.data*)
 .data.striped_spin_lock_num
                0x20001180        0x1 CMakeFiles/rp2350_dev.dir/C_/Users/kr84T/.pico-sdk/sdk/2.1.1/src/rp2_common/hardware_sync/sync.c.obj
 *fill*         0x20001181        0x3 
 .data          0x20001184       0x48 CMakeFiles/rp2350_dev.dir/C_/Users/kr84T/.pico-sdk/sdk/2.1.1/src/rp2_common/hardware_irq/irq_handler_chain.S.obj
                0x20001184                irq_handler_chain_slots
                0x200011b4                irq_handler_chain_first_slot
                0x200011be                irq_handler_chain_remove_tail
 .data.default_alarm_pool
                0x200011cc       0x18 CMakeFiles/rp2350_dev.dir/C_/Users/kr84T/.pico-sdk/sdk/2.1.1/src/common/pico_time/time.c.obj
 .data.stdio_usb
                0x200011e4       0x18 CMakeFiles/rp2350_dev.dir/C_/Users/kr84T/.pico-sdk/sdk/2.1.1/src/rp2_common/pico_stdio_usb/stdio_usb.c.obj
                0x200011e4                stdio_usb
 .data._usbd_qdef
                0x200011fc       0x1c CMakeFiles/rp2350_dev.dir/C_/Users/kr84T/.pico-sdk/sdk/2.1.1/lib/tinyusb/src/device/usbd.c.obj
                0x200011fc                _usbd_qdef
 .data._usbd_rhport
                0x20001218        0x1 CMakeFiles/rp2350_dev.dir/C_/Users/kr84T/.pico-sdk/sdk/2.1.1/lib/tinyusb/src/device/usbd.c.obj
 *fill*         0x20001219        0x3 
 .data.i2c0_inst
                0x2000121c        0x8 CMakeFiles/rp2350_dev.dir/C_/Users/kr84T/.pico-sdk/sdk/2.1.1/src/rp2_common/hardware_i2c/i2c.c.obj
                0x2000121c                i2c0_inst
 .data._impure_ptr
                0x20001224        0x4 C:/Users/kr84T/.pico-sdk/toolchain/14_2_Rel1/bin/../lib/gcc/arm-none-eabi/14.2.1/thumb/v8-m.main+fp/softfp\libg.a(libc_a-impure.o)
                0x20001224                _impure_ptr
 .data._impure_data
                0x20001228      0x140 C:/Users/kr84T/.pico-sdk/toolchain/14_2_Rel1/bin/../lib/gcc/arm-none-eabi/14.2.1/thumb/v8-m.main+fp/softfp\libg.a(libc_a-impure.o)
                0x20001228                _impure_data
 *(.sdata*)
                0x20001368                        . = ALIGN (0x4)
 *(.after_data.*)
                0x20001368                        . = ALIGN (0x4)
                0x20001368                        PROVIDE (__mutex_array_start = .)
 *(SORT_BY_NAME(.mutex_array.*))
 *(.mutex_array)
 .mutex_array   0x20001368        0x8 CMakeFiles/rp2350_dev.dir/C_/Users/kr84T/.pico-sdk/sdk/2.1.1/src/rp2_common/pico_malloc/malloc.c.obj
 .mutex_array   0x20001370        0x8 CMakeFiles/rp2350_dev.dir/C_/Users/kr84T/.pico-sdk/sdk/2.1.1/src/rp2_common/pico_stdio/stdio.c.obj
                0x20001378                        PROVIDE (__mutex_array_end = .)
 *(.jcr)
                0x20001378                        . = ALIGN (0x4)

.tm_clone_table
                0x20001378        0x0 load address 0x1000a0a4
 .tm_clone_table
                0x20001378        0x0 C:/Users/kr84T/.pico-sdk/toolchain/14_2_Rel1/bin/../lib/gcc/arm-none-eabi/14.2.1/thumb/v8-m.main+fp/softfp/crtbegin.o
 .tm_clone_table
                0x20001378        0x0 C:/Users/kr84T/.pico-sdk/toolchain/14_2_Rel1/bin/../lib/gcc/arm-none-eabi/14.2.1/thumb/v8-m.main+fp/softfp/crtend.o

.igot.plt       0x20001378        0x0 load address 0x1000a0a4
 .igot.plt      0x20001378        0x0 C:/Users/kr84T/.pico-sdk/toolchain/14_2_Rel1/bin/../lib/gcc/arm-none-eabi/14.2.1/thumb/v8-m.main+fp/softfp/crtbegin.o

.tdata          0x20001378        0x0 load address 0x1000a0a4
                0x20001378                        . = ALIGN (0x4)
 *(.tdata .tdata.* .gnu.linkonce.td.*)
                0x20001378                        __tdata_end = .
                0x20001378                        PROVIDE (__data_end__ = .)
                0x10008e3c                        __etext = LOADADDR (.data)

.tbss           0x20001378        0x0 load address 0x1000a0a4
                0x20001378                        . = ALIGN (0x4)
                0x20001378                        __bss_start__ = .
                0x20001378                        __tls_base = .
 *(.tbss .tbss.* .gnu.linkonce.tb.*)
 *(.tcommon)
                0x20001378                        __tls_end = .

.bss            0x20001378      0xdb0 load address 0x1000a0a4
                0x20001378                        . = ALIGN (0x4)
                0x20001378                        __tbss_end = .
 *(SORT_BY_ALIGNMENT(SORT_BY_NAME(.bss*)))
 .bss.default_alarm_pool_entries
                0x20001378      0x180 CMakeFiles/rp2350_dev.dir/C_/Users/kr84T/.pico-sdk/sdk/2.1.1/src/common/pico_time/time.c.obj
 .bss.last_avail_time.1
                0x200014f8        0x8 CMakeFiles/rp2350_dev.dir/C_/Users/kr84T/.pico-sdk/sdk/2.1.1/src/rp2_common/pico_stdio_usb/stdio_usb.c.obj
 .bss.__sf      0x20001500      0x138 C:/Users/kr84T/.pico-sdk/toolchain/14_2_Rel1/bin/../lib/gcc/arm-none-eabi/14.2.1/thumb/v8-m.main+fp/softfp\libg.a(libc_a-findfp.o)
                0x20001500                __sf
 .bss._app_driver
                0x20001638        0x4 CMakeFiles/rp2350_dev.dir/C_/Users/kr84T/.pico-sdk/sdk/2.1.1/lib/tinyusb/src/device/usbd.c.obj
 .bss._cdcd_epbuf
                0x2000163c       0x80 CMakeFiles/rp2350_dev.dir/C_/Users/kr84T/.pico-sdk/sdk/2.1.1/lib/tinyusb/src/class/cdc/cdc_device.c.obj
 .bss._cdcd_fifo_cfg
                0x200016bc        0x1 CMakeFiles/rp2350_dev.dir/C_/Users/kr84T/.pico-sdk/sdk/2.1.1/lib/tinyusb/src/class/cdc/cdc_device.c.obj
 *fill*         0x200016bd        0x3 
 .bss._cdcd_itf
                0x200016c0       0xc8 CMakeFiles/rp2350_dev.dir/C_/Users/kr84T/.pico-sdk/sdk/2.1.1/lib/tinyusb/src/class/cdc/cdc_device.c.obj
 .bss._ctrl_epbuf
                0x20001788       0x40 CMakeFiles/rp2350_dev.dir/C_/Users/kr84T/.pico-sdk/sdk/2.1.1/lib/tinyusb/src/device/usbd_control.c.obj
 .bss._ctrl_xfer
                0x200017c8       0x14 CMakeFiles/rp2350_dev.dir/C_/Users/kr84T/.pico-sdk/sdk/2.1.1/lib/tinyusb/src/device/usbd_control.c.obj
 .bss._sw_spin_locks
                0x200017dc       0x20 CMakeFiles/rp2350_dev.dir/C_/Users/kr84T/.pico-sdk/sdk/2.1.1/src/rp2_common/hardware_sync_spin_lock/sync_spin_lock.c.obj
                0x200017dc                _sw_spin_locks
 .bss._tusb_rhport_role
                0x200017fc        0x2 CMakeFiles/rp2350_dev.dir/C_/Users/kr84T/.pico-sdk/sdk/2.1.1/lib/tinyusb/src/tusb.c.obj
                0x200017fc                _tusb_rhport_role
 *fill*         0x200017fe        0x2 
 .bss._ubsd_mutexdef
                0x20001800        0x8 CMakeFiles/rp2350_dev.dir/C_/Users/kr84T/.pico-sdk/sdk/2.1.1/lib/tinyusb/src/device/usbd.c.obj
 .bss._usbd_dev
                0x20001808       0x54 CMakeFiles/rp2350_dev.dir/C_/Users/kr84T/.pico-sdk/sdk/2.1.1/lib/tinyusb/src/device/usbd.c.obj
 .bss._usbd_mutex
                0x2000185c        0x4 CMakeFiles/rp2350_dev.dir/C_/Users/kr84T/.pico-sdk/sdk/2.1.1/lib/tinyusb/src/device/usbd.c.obj
 .bss._usbd_q   0x20001860        0x4 CMakeFiles/rp2350_dev.dir/C_/Users/kr84T/.pico-sdk/sdk/2.1.1/lib/tinyusb/src/device/usbd.c.obj
 .bss._usbd_qdef_buf
                0x20001864       0xc0 CMakeFiles/rp2350_dev.dir/C_/Users/kr84T/.pico-sdk/sdk/2.1.1/lib/tinyusb/src/device/usbd.c.obj
                0x20001864                _usbd_qdef_buf
 .bss._used_instruction_space
                0x20001924        0xc CMakeFiles/rp2350_dev.dir/C_/Users/kr84T/.pico-sdk/sdk/2.1.1/src/rp2_common/hardware_pio/pio.c.obj
 .bss._vendord_epbuf
                0x20001930       0x80 CMakeFiles/rp2350_dev.dir/C_/Users/kr84T/.pico-sdk/sdk/2.1.1/lib/tinyusb/src/class/vendor/vendor_device.c.obj
 .bss._vendord_itf
                0x200019b0      0x24c CMakeFiles/rp2350_dev.dir/C_/Users/kr84T/.pico-sdk/sdk/2.1.1/lib/tinyusb/src/class/vendor/vendor_device.c.obj
 .bss.chars_available_callback
                0x20001bfc        0x4 CMakeFiles/rp2350_dev.dir/C_/Users/kr84T/.pico-sdk/sdk/2.1.1/src/rp2_common/pico_stdio_usb/stdio_usb.c.obj
 .bss.chars_available_param
                0x20001c00        0x4 CMakeFiles/rp2350_dev.dir/C_/Users/kr84T/.pico-sdk/sdk/2.1.1/src/rp2_common/pico_stdio_usb/stdio_usb.c.obj
 .bss.claimed   0x20001c04        0x4 CMakeFiles/rp2350_dev.dir/C_/Users/kr84T/.pico-sdk/sdk/2.1.1/src/rp2_common/hardware_sync/sync.c.obj
 .bss.claimed   0x20001c08        0x2 CMakeFiles/rp2350_dev.dir/C_/Users/kr84T/.pico-sdk/sdk/2.1.1/src/rp2_common/hardware_timer/timer.c.obj
 *fill*         0x20001c0a        0x2 
 .bss.configured_freq
                0x20001c0c       0x28 CMakeFiles/rp2350_dev.dir/C_/Users/kr84T/.pico-sdk/sdk/2.1.1/src/rp2_common/hardware_clocks/clocks.c.obj
 .bss.desc_str.0
                0x20001c34       0x28 CMakeFiles/rp2350_dev.dir/C_/Users/kr84T/.pico-sdk/sdk/2.1.1/src/rp2_common/pico_stdio_usb/stdio_usb_descriptors.c.obj
 .bss.drivers   0x20001c5c        0x4 CMakeFiles/rp2350_dev.dir/C_/Users/kr84T/.pico-sdk/sdk/2.1.1/src/rp2_common/pico_stdio/stdio.c.obj
 .bss.dst       0x20001c60       0x19 CMakeFiles/rp2350_dev.dir/rp2350_dev.c.obj
                0x20001c60                dst
 *fill*         0x20001c79        0x3 
 .bss.e15_last_sof
                0x20001c7c        0x4 CMakeFiles/rp2350_dev.dir/C_/Users/kr84T/.pico-sdk/sdk/2.1.1/lib/tinyusb/src/portable/raspberrypi/rp2040/rp2040_usb.c.obj
                0x20001c7c                e15_last_sof
 .bss.filter    0x20001c80        0x4 CMakeFiles/rp2350_dev.dir/C_/Users/kr84T/.pico-sdk/sdk/2.1.1/src/rp2_common/pico_stdio/stdio.c.obj
 .bss.hw_endpoints
                0x20001c84      0x400 CMakeFiles/rp2350_dev.dir/C_/Users/kr84T/.pico-sdk/sdk/2.1.1/lib/tinyusb/src/portable/raspberrypi/rp2040/dcd_rp2040.c.obj
 .bss.lazy_vsnprintf
                0x20002084        0x4 CMakeFiles/rp2350_dev.dir/C_/Users/kr84T/.pico-sdk/sdk/2.1.1/src/rp2_common/pico_printf/printf.c.obj
 .bss.load_value
                0x20002088        0x4 CMakeFiles/rp2350_dev.dir/C_/Users/kr84T/.pico-sdk/sdk/2.1.1/src/rp2_common/hardware_watchdog/watchdog.c.obj
 .bss.next_buffer_ptr
                0x2000208c        0x4 CMakeFiles/rp2350_dev.dir/C_/Users/kr84T/.pico-sdk/sdk/2.1.1/lib/tinyusb/src/portable/raspberrypi/rp2040/dcd_rp2040.c.obj
 .bss.object.0  0x20002090       0x18 C:/Users/kr84T/.pico-sdk/toolchain/14_2_Rel1/bin/../lib/gcc/arm-none-eabi/14.2.1/thumb/v8-m.main+fp/softfp/crtbegin.o
 .bss.one_shot_timer_crit_sec
                0x200020a8        0x8 CMakeFiles/rp2350_dev.dir/C_/Users/kr84T/.pico-sdk/sdk/2.1.1/src/rp2_common/pico_stdio_usb/stdio_usb.c.obj
 .bss.pools     0x200020b0       0x20 CMakeFiles/rp2350_dev.dir/C_/Users/kr84T/.pico-sdk/sdk/2.1.1/src/common/pico_time/time.c.obj
 .bss.retrieved_id